{
    "homo_sapiens - ods fitted": {
        "content": [
            [
                [
                    {
                        "id": "test"
                    },
                    "test.Rds:md5,593980dbef1fb45658a01213da5e285a"
                ]
            ],
            [
                "versions.yml:md5,576a9cbc39fc6020faaa0f7a0465f024"
            ]
        ],
        "meta": {
            "nf-test": "0.9.2",
            "nextflow": "25.04.6"
        },
        "timestamp": "2025-09-09T10:13:16.839005522"
    },
    "homo_sapiens - ods fitted - stub": {
        "content": [
            {
                "0": [
                    [
                        {
                            "id": "test"
                        },
                        "test.Rds:md5,d41d8cd98f00b204e9800998ecf8427e"
                    ]
                ],
                "1": [
                    "versions.yml:md5,576a9cbc39fc6020faaa0f7a0465f024"
                ],
                "ods_with_pvals": [
                    [
                        {
                            "id": "test"
                        },
                        "test.Rds:md5,d41d8cd98f00b204e9800998ecf8427e"
                    ]
                ],
                "versions": [
                    "versions.yml:md5,576a9cbc39fc6020faaa0f7a0465f024"
                ]
            }
        ],
        "meta": {
            "nf-test": "0.9.2",
            "nextflow": "25.04.2"
        },
        "timestamp": "2025-05-19T11:02:03.425299783"
    }
}