{
    "homo_sapiens - fds - true": {
        "content": [
            {
                "0": [
                    [
                        {
                            "id": "HG00096"
                        },
                        "splitCounts-HG00096.RDS:md5,a4035197469eab3e93a46b9bc6836910"
                    ]
                ],
                "1": [
                    "versions.yml:md5,47fdd8d57368a4ac849d3f4c0cb781df"
                ],
                "split_counts": [
                    [
                        {
                            "id": "HG00096"
                        },
                        "splitCounts-HG00096.RDS:md5,a4035197469eab3e93a46b9bc6836910"
                    ]
                ],
                "versions": [
                    "versions.yml:md5,47fdd8d57368a4ac849d3f4c0cb781df"
                ]
            }
        ],
        "meta": {
            "nf-test": "0.9.2",
            "nextflow": "25.04.6"
        },
        "timestamp": "2025-08-12T12:16:41.506956501"
    },
    "homo_sapiens - fds - stub": {
        "content": [
            {
                "0": [
                    [
                        {
                            "id": "HG00096"
                        },
                        "splitCounts-HG00096.RDS:md5,d41d8cd98f00b204e9800998ecf8427e"
                    ]
                ],
                "1": [
                    "versions.yml:md5,47fdd8d57368a4ac849d3f4c0cb781df"
                ],
                "split_counts": [
                    [
                        {
                            "id": "HG00096"
                        },
                        "splitCounts-HG00096.RDS:md5,d41d8cd98f00b204e9800998ecf8427e"
                    ]
                ],
                "versions": [
                    "versions.yml:md5,47fdd8d57368a4ac849d3f4c0cb781df"
                ]
            }
        ],
        "meta": {
            "nf-test": "0.9.2",
            "nextflow": "25.04.6"
        },
        "timestamp": "2025-08-12T12:16:55.753032977"
    },
    "homo_sapiens - fds - false": {
        "content": [
            {
                "0": [
                    [
                        {
                            "id": "HG00096"
                        },
                        "splitCounts-HG00096.RDS:md5,a4035197469eab3e93a46b9bc6836910"
                    ],
                    [
                        {
                            "id": "HG00103"
                        },
                        "splitCounts-HG00103.RDS:md5,d21d1f0c048826ea22716ec6eff6ce21"
                    ],
                    [
                        {
                            "id": "HG00106"
                        },
                        "splitCounts-HG00106.RDS:md5,091b2989845ead50e7485ac02e269320"
                    ],
                    [
                        {
                            "id": "HG00111"
                        },
                        "splitCounts-HG00111.RDS:md5,3dc38ba9012b175baa6ce3f22ba3560c"
                    ],
                    [
                        {
                            "id": "HG00116"
                        },
                        "splitCounts-HG00116.RDS:md5,63ff72afe2c465c1d259d9717f954c28"
                    ],
                    [
                        {
                            "id": "HG00126"
                        },
                        "splitCounts-HG00126.RDS:md5,1cff91002dac8dc6f6549a965c065e01"
                    ],
                    [
                        {
                            "id": "HG00132"
                        },
                        "splitCounts-HG00132.RDS:md5,9f89661fb3874ea67ec9021061f0a74c"
                    ],
                    [
                        {
                            "id": "HG00149"
                        },
                        "splitCounts-HG00149.RDS:md5,077179e9bac0648eb073f452cd42064a"
                    ],
                    [
                        {
                            "id": "HG00150"
                        },
                        "splitCounts-HG00150.RDS:md5,839da3e4d1291ddcff652f0f803aed77"
                    ],
                    [
                        {
                            "id": "HG00176"
                        },
                        "splitCounts-HG00176.RDS:md5,4bfe11400c0a8948471a0e887ef3ea1b"
                    ]
                ],
                "1": [
                    "versions.yml:md5,47fdd8d57368a4ac849d3f4c0cb781df",
                    "versions.yml:md5,47fdd8d57368a4ac849d3f4c0cb781df",
                    "versions.yml:md5,47fdd8d57368a4ac849d3f4c0cb781df",
                    "versions.yml:md5,47fdd8d57368a4ac849d3f4c0cb781df",
                    "versions.yml:md5,47fdd8d57368a4ac849d3f4c0cb781df",
                    "versions.yml:md5,47fdd8d57368a4ac849d3f4c0cb781df",
                    "versions.yml:md5,47fdd8d57368a4ac849d3f4c0cb781df",
                    "versions.yml:md5,47fdd8d57368a4ac849d3f4c0cb781df",
                    "versions.yml:md5,47fdd8d57368a4ac849d3f4c0cb781df",
                    "versions.yml:md5,47fdd8d57368a4ac849d3f4c0cb781df"
                ],
                "split_counts": [
                    [
                        {
                            "id": "HG00096"
                        },
                        "splitCounts-HG00096.RDS:md5,a4035197469eab3e93a46b9bc6836910"
                    ],
                    [
                        {
                            "id": "HG00103"
                        },
                        "splitCounts-HG00103.RDS:md5,d21d1f0c048826ea22716ec6eff6ce21"
                    ],
                    [
                        {
                            "id": "HG00106"
                        },
                        "splitCounts-HG00106.RDS:md5,091b2989845ead50e7485ac02e269320"
                    ],
                    [
                        {
                            "id": "HG00111"
                        },
                        "splitCounts-HG00111.RDS:md5,3dc38ba9012b175baa6ce3f22ba3560c"
                    ],
                    [
                        {
                            "id": "HG00116"
                        },
                        "splitCounts-HG00116.RDS:md5,63ff72afe2c465c1d259d9717f954c28"
                    ],
                    [
                        {
                            "id": "HG00126"
                        },
                        "splitCounts-HG00126.RDS:md5,1cff91002dac8dc6f6549a965c065e01"
                    ],
                    [
                        {
                            "id": "HG00132"
                        },
                        "splitCounts-HG00132.RDS:md5,9f89661fb3874ea67ec9021061f0a74c"
                    ],
                    [
                        {
                            "id": "HG00149"
                        },
                        "splitCounts-HG00149.RDS:md5,077179e9bac0648eb073f452cd42064a"
                    ],
                    [
                        {
                            "id": "HG00150"
                        },
                        "splitCounts-HG00150.RDS:md5,839da3e4d1291ddcff652f0f803aed77"
                    ],
                    [
                        {
                            "id": "HG00176"
                        },
                        "splitCounts-HG00176.RDS:md5,4bfe11400c0a8948471a0e887ef3ea1b"
                    ]
                ],
                "versions": [
                    "versions.yml:md5,47fdd8d57368a4ac849d3f4c0cb781df",
                    "versions.yml:md5,47fdd8d57368a4ac849d3f4c0cb781df",
                    "versions.yml:md5,47fdd8d57368a4ac849d3f4c0cb781df",
                    "versions.yml:md5,47fdd8d57368a4ac849d3f4c0cb781df",
                    "versions.yml:md5,47fdd8d57368a4ac849d3f4c0cb781df",
                    "versions.yml:md5,47fdd8d57368a4ac849d3f4c0cb781df",
                    "versions.yml:md5,47fdd8d57368a4ac849d3f4c0cb781df",
                    "versions.yml:md5,47fdd8d57368a4ac849d3f4c0cb781df",
                    "versions.yml:md5,47fdd8d57368a4ac849d3f4c0cb781df",
                    "versions.yml:md5,47fdd8d57368a4ac849d3f4c0cb781df"
                ]
            }
        ],
        "meta": {
            "nf-test": "0.9.2",
            "nextflow": "25.04.6"
        },
        "timestamp": "2025-08-12T12:16:09.434280264"
    }
}