{
    "homo_sapiens - vcf, bam - ucsc": {
        "content": [
            {
                "0": [
                    [
                        {
                            "id": "HG00096"
                        },
                        "HG00096.csv.gz:md5,2a9e01643bd233b6ec65c2b0a5129fae"
                    ],
                    [
                        {
                            "id": "HG00103"
                        },
                        "HG00103.csv.gz:md5,1ecd951cfc9514dcf6fc594add0c62ad"
                    ]
                ],
                "1": [
                    "versions.yml:md5,79faf12190a12a8464ffd399a8ce5dde",
                    "versions.yml:md5,79faf12190a12a8464ffd399a8ce5dde"
                ],
                "csv": [
                    [
                        {
                            "id": "HG00096"
                        },
                        "HG00096.csv.gz:md5,2a9e01643bd233b6ec65c2b0a5129fae"
                    ],
                    [
                        {
                            "id": "HG00103"
                        },
                        "HG00103.csv.gz:md5,1ecd951cfc9514dcf6fc594add0c62ad"
                    ]
                ],
                "versions": [
                    "versions.yml:md5,79faf12190a12a8464ffd399a8ce5dde",
                    "versions.yml:md5,79faf12190a12a8464ffd399a8ce5dde"
                ]
            }
        ],
        "meta": {
            "nf-test": "0.9.2",
            "nextflow": "25.04.6"
        },
        "timestamp": "2025-07-15T17:01:57.613477188"
    },
    "homo_sapiens - vcf, bam - ucsc - stub": {
        "content": [
            {
                "0": [
                    [
                        {
                            "id": "HG00096"
                        },
                        "HG00096.csv.gz:md5,68b329da9893e34099c7d8ad5cb9c940"
                    ]
                ],
                "1": [
                    "versions.yml:md5,79faf12190a12a8464ffd399a8ce5dde"
                ],
                "csv": [
                    [
                        {
                            "id": "HG00096"
                        },
                        "HG00096.csv.gz:md5,68b329da9893e34099c7d8ad5cb9c940"
                    ]
                ],
                "versions": [
                    "versions.yml:md5,79faf12190a12a8464ffd399a8ce5dde"
                ]
            }
        ],
        "meta": {
            "nf-test": "0.9.2",
            "nextflow": "25.04.6"
        },
        "timestamp": "2025-07-15T17:02:10.763471971"
    }
}