{
    "homo_sapiens - fds, cache - false": {
        "content": [
            [
                
            ],
            [
                "fds-object.RDS",
                "pvaluesBetaBinomial_junction_psi5.h5",
                "pvaluesBetaBinomial_junction_theta.h5",
                "pvaluesBetaBinomial_theta.h5"
            ],
            [
                "versions.yml:md5,c2230506da2802610cc2143196972faf"
            ]
        ],
        "meta": {
            "nf-test": "0.9.2",
            "nextflow": "25.04.6"
        },
        "timestamp": "2025-09-09T09:58:18.08229867"
    },
    "homo_sapiens - fds, cache - stub": {
        "content": [
            {
                "0": [
                    [
                        {
                            "id": "fraser"
                        },
                        [
                            
                        ]
                    ]
                ],
                "1": [
                    "versions.yml:md5,c2230506da2802610cc2143196972faf"
                ],
                "fdsobj": [
                    [
                        {
                            "id": "fraser"
                        },
                        [
                            
                        ]
                    ]
                ],
                "versions": [
                    "versions.yml:md5,c2230506da2802610cc2143196972faf"
                ]
            }
        ],
        "meta": {
            "nf-test": "0.9.2",
            "nextflow": "25.04.6"
        },
        "timestamp": "2025-08-12T13:33:21.096729652"
    }
}