{
    "homo_sapiens - fds, cache - false": {
        "content": [
            {
                "0": [
                    [
                        {
                            "id": "fraser"
                        },
                        [
                            [
                                "fds-object.RDS:md5,11aa257297e1006b5983adff9bdbd0e8",
                                "rawCountsJ.h5:md5,91bd1f9db78b6d59c34385a8c87a6046",
                                "rawCountsSS.h5:md5,6999bb678154f265b85becb087797e62",
                                [
                                    "assays.h5:md5,c6164dcf4634dbf871459c6fc7168818",
                                    "se.rds:md5,4853852e7692b9364dcb076b5708665a"
                                ]
                            ]
                        ]
                    ]
                ],
                "1": [
                    "versions.yml:md5,3b52b12aa5efb884f0fe770657c3d8f2"
                ],
                "fdsobj": [
                    [
                        {
                            "id": "fraser"
                        },
                        [
                            [
                                "fds-object.RDS:md5,11aa257297e1006b5983adff9bdbd0e8",
                                "rawCountsJ.h5:md5,91bd1f9db78b6d59c34385a8c87a6046",
                                "rawCountsSS.h5:md5,6999bb678154f265b85becb087797e62",
                                [
                                    "assays.h5:md5,c6164dcf4634dbf871459c6fc7168818",
                                    "se.rds:md5,4853852e7692b9364dcb076b5708665a"
                                ]
                            ]
                        ]
                    ]
                ],
                "versions": [
                    "versions.yml:md5,3b52b12aa5efb884f0fe770657c3d8f2"
                ]
            }
        ],
        "meta": {
            "nf-test": "0.9.2",
            "nextflow": "25.04.2"
        },
        "timestamp": "2025-06-23T13:28:47.706773647"
    },
    "homo_sapiens - fds, cache - stub": {
        "content": [
            {
                "0": [
                    [
                        {
                            "id": "fraser"
                        },
                        [
                            [
                                "fds-object.RDS:md5,d41d8cd98f00b204e9800998ecf8427e",
                                "rawCountsJ.h5:md5,d41d8cd98f00b204e9800998ecf8427e",
                                "rawCountsSS.h5:md5,d41d8cd98f00b204e9800998ecf8427e",
                                [
                                    "assays.h5:md5,d41d8cd98f00b204e9800998ecf8427e",
                                    "se.rds:md5,d41d8cd98f00b204e9800998ecf8427e"
                                ]
                            ]
                        ]
                    ]
                ],
                "1": [
                    "versions.yml:md5,3b52b12aa5efb884f0fe770657c3d8f2"
                ],
                "fdsobj": [
                    [
                        {
                            "id": "fraser"
                        },
                        [
                            [
                                "fds-object.RDS:md5,d41d8cd98f00b204e9800998ecf8427e",
                                "rawCountsJ.h5:md5,d41d8cd98f00b204e9800998ecf8427e",
                                "rawCountsSS.h5:md5,d41d8cd98f00b204e9800998ecf8427e",
                                [
                                    "assays.h5:md5,d41d8cd98f00b204e9800998ecf8427e",
                                    "se.rds:md5,d41d8cd98f00b204e9800998ecf8427e"
                                ]
                            ]
                        ]
                    ]
                ],
                "versions": [
                    "versions.yml:md5,3b52b12aa5efb884f0fe770657c3d8f2"
                ]
            }
        ],
        "meta": {
            "nf-test": "0.9.2",
            "nextflow": "25.04.2"
        },
        "timestamp": "2025-06-23T13:28:57.312647375"
    }
}