{
    "Should run without failures": {
        "content": [
            [
                "HG00096.txt:md5,ae96374ec44ee19b9bebc4f718eb58c0",
                "HG00103.txt:md5,29623d553b733c14995d1f203ac92635",
                "test1.txt:md5,adbc82b09b152b44810d14e40c79f75b",
                "test2.txt:md5,ea5d9ebb035fb0a465cd265191bdb351"
            ],
            [
                "versions.yml:md5,c32c66ffbb0a2dbc23a3fbcbfde9363e"
            ]
        ],
        "meta": {
            "nf-test": "0.9.2",
            "nextflow": "25.04.2"
        },
        "timestamp": "2025-05-23T16:49:07.802638258"
    }
}