{
    "drop demo - ods_unfitted.Rds": {
        "content": [
            [
                [
                    {
                        "id": "test"
                    },
                    "sample_count_mqc.tsv"
                ]
            ],
            [
                [
                    {
                        "id": "test"
                    },
                    "mapped_vs_counted_mqc.png"
                ]
            ],
            [
                [
                    {
                        "id": "test"
                    },
                    "size_factors_mqc.png"
                ]
            ],
            [
                [
                    {
                        "id": "test"
                    },
                    "reads_statistics_mqc.tsv"
                ]
            ],
            [
                [
                    {
                        "id": "test"
                    },
                    "meanCounts_mqc.png"
                ]
            ],
            [
                [
                    {
                        "id": "test"
                    },
                    "expressedGenes_mqc.png"
                ]
            ],
            [
                [
                    {
                        "id": "test"
                    },
                    "expressed_genes_mqc.tsv"
                ]
            ],
            [
                [
                    {
                        "id": "test"
                    },
                    "expression_sex_mqc.tsv"
                ]
            ],
            [
                "versions.yml:md5,5ff1abd8ddb85fb379be796f07ad1afd"
            ]
        ],
        "meta": {
            "nf-test": "0.9.2",
            "nextflow": "25.04.6"
        },
        "timestamp": "2025-09-10T19:17:54.394310217"
    },
    "homo_sapiens - gtf - stub": {
        "content": [
            {
                "0": [
                    [
                        {
                            "id": "test"
                        },
                        "sample_count_mqc.tsv:md5,d41d8cd98f00b204e9800998ecf8427e"
                    ]
                ],
                "1": [
                    
                ],
                "10": [
                    
                ],
                "11": [
                    "versions.yml:md5,5ff1abd8ddb85fb379be796f07ad1afd"
                ],
                "2": [
                    [
                        {
                            "id": "test"
                        },
                        "mapped_vs_counted_mqc.png:md5,d41d8cd98f00b204e9800998ecf8427e"
                    ]
                ],
                "3": [
                    [
                        {
                            "id": "test"
                        },
                        "size_factors_mqc.png:md5,d41d8cd98f00b204e9800998ecf8427e"
                    ]
                ],
                "4": [
                    [
                        {
                            "id": "test"
                        },
                        "reads_statistics_mqc.tsv:md5,d41d8cd98f00b204e9800998ecf8427e"
                    ]
                ],
                "5": [
                    [
                        {
                            "id": "test"
                        },
                        "meanCounts_mqc.png:md5,d41d8cd98f00b204e9800998ecf8427e"
                    ]
                ],
                "6": [
                    [
                        {
                            "id": "test"
                        },
                        "expressedGenes_mqc.png:md5,d41d8cd98f00b204e9800998ecf8427e"
                    ]
                ],
                "7": [
                    [
                        {
                            "id": "test"
                        },
                        "expressed_genes_mqc.tsv:md5,d41d8cd98f00b204e9800998ecf8427e"
                    ]
                ],
                "8": [
                    [
                        {
                            "id": "test"
                        },
                        "expression_sex_mqc.tsv:md5,d41d8cd98f00b204e9800998ecf8427e"
                    ]
                ],
                "9": [
                    
                ],
                "expressedGenes": [
                    [
                        {
                            "id": "test"
                        },
                        "expressedGenes_mqc.png:md5,d41d8cd98f00b204e9800998ecf8427e"
                    ]
                ],
                "expressed_genes": [
                    [
                        {
                            "id": "test"
                        },
                        "expressed_genes_mqc.tsv:md5,d41d8cd98f00b204e9800998ecf8427e"
                    ]
                ],
                "expression_sex": [
                    [
                        {
                            "id": "test"
                        },
                        "expression_sex_mqc.tsv:md5,d41d8cd98f00b204e9800998ecf8427e"
                    ]
                ],
                "mapped_vs_counted": [
                    [
                        {
                            "id": "test"
                        },
                        "mapped_vs_counted_mqc.png:md5,d41d8cd98f00b204e9800998ecf8427e"
                    ]
                ],
                "meanCounts": [
                    [
                        {
                            "id": "test"
                        },
                        "meanCounts_mqc.png:md5,d41d8cd98f00b204e9800998ecf8427e"
                    ]
                ],
                "read_counts": [
                    
                ],
                "reads_statistics": [
                    [
                        {
                            "id": "test"
                        },
                        "reads_statistics_mqc.tsv:md5,d41d8cd98f00b204e9800998ecf8427e"
                    ]
                ],
                "sample_count": [
                    [
                        {
                            "id": "test"
                        },
                        "sample_count_mqc.tsv:md5,d41d8cd98f00b204e9800998ecf8427e"
                    ]
                ],
                "sex_matched": [
                    
                ],
                "size_factors": [
                    [
                        {
                            "id": "test"
                        },
                        "size_factors_mqc.png:md5,d41d8cd98f00b204e9800998ecf8427e"
                    ]
                ],
                "versions": [
                    "versions.yml:md5,5ff1abd8ddb85fb379be796f07ad1afd"
                ],
                "xist_uty": [
                    
                ]
            }
        ],
        "meta": {
            "nf-test": "0.9.2",
            "nextflow": "25.04.6"
        },
        "timestamp": "2025-09-10T19:18:12.890358522"
    }
}