{
    "Aberrant Expression Workflow": {
        "content": [
            [
                "exported_counts/outrider--hg19--v29/geneCounts.tsv.gz",
                "exported_counts/outrider_external--hg19--v29/geneCounts.tsv.gz",
                "processed_data/aberrant_expression/bam_stats/HG00106.txt",
                "processed_data/aberrant_expression/bam_stats/HG00111.txt",
                "processed_data/aberrant_expression/bam_stats/HG00116.txt",
                "processed_data/aberrant_expression/bam_stats/HG00126.txt",
                "processed_data/aberrant_expression/bam_stats/HG00132.txt",
                "processed_data/aberrant_expression/bam_stats/HG00149.txt",
                "processed_data/aberrant_expression/bam_stats/HG00150.txt",
                "processed_data/aberrant_expression/bam_stats/HG00176.txt",
                "processed_data/aberrant_expression/bam_stats/outrider.txt",
                "processed_data/aberrant_expression/bam_stats/outrider_external.txt",
                "processed_data/aberrant_expression/v29/counts/HG00106.counts.Rds",
                "processed_data/aberrant_expression/v29/counts/HG00111.counts.Rds",
                "processed_data/aberrant_expression/v29/counts/HG00116.counts.Rds",
                "processed_data/aberrant_expression/v29/counts/HG00126.counts.Rds",
                "processed_data/aberrant_expression/v29/counts/HG00132.counts.Rds",
                "processed_data/aberrant_expression/v29/counts/HG00149.counts.Rds",
                "processed_data/aberrant_expression/v29/counts/HG00150.counts.Rds",
                "processed_data/aberrant_expression/v29/counts/HG00176.counts.Rds",
                "processed_results/aberrant_expression/v29/outrider/outrider/OUTRIDER_results.tsv",
                "processed_results/aberrant_expression/v29/outrider/outrider/OUTRIDER_results_all.Rds",
                "processed_results/aberrant_expression/v29/outrider/outrider/ods.Rds",
                "processed_results/aberrant_expression/v29/outrider/outrider/ods_fitted.Rds",
                "processed_results/aberrant_expression/v29/outrider/outrider/ods_unfitted.Rds",
                "processed_results/aberrant_expression/v29/outrider/outrider/total_counts.Rds",
                "processed_results/aberrant_expression/v29/outrider/outrider_external/OUTRIDER_results.tsv",
                "processed_results/aberrant_expression/v29/outrider/outrider_external/OUTRIDER_results_all.Rds",
                "processed_results/aberrant_expression/v29/outrider/outrider_external/ods.Rds",
                "processed_results/aberrant_expression/v29/outrider/outrider_external/ods_fitted.Rds",
                "processed_results/aberrant_expression/v29/outrider/outrider_external/ods_unfitted.Rds",
                "processed_results/aberrant_expression/v29/outrider/outrider_external/total_counts.Rds"
            ]
        ],
        "timestamp": "2026-03-18T16:07:40.761592321",
        "meta": {
            "nf-test": "0.9.4",
            "nextflow": "25.10.4"
        }
    }
}