{
    "Aberrant Splicing Workflow": {
        "content": [
            74,
            {
                "FRASER_ANNOTATEGENES": {
                    "bioconductor-bsgenome": "1.74.0",
                    "bioconductor-delayedmatrixstats": "1.28.0",
                    "bioconductor-fraser": "2.4.6",
                    "bioconductor-genomicalignments": "1.42.0",
                    "r-base": "4.4.3",
                    "r-bbmisc": 1.13,
                    "r-data.table": "1.17.4",
                    "r-devtools": "2.4.5",
                    "r-dplyr": "1.1.4",
                    "r-knitr": 1.5,
                    "r-plotly": "4.10.4",
                    "r-rhdf5": "2.50.0",
                    "r-rmarkdown": 2.29,
                    "r-tidyr": "1.3.1",
                    "r-yaml": "2.3.10"
                },
                "FRASER_CALCULATESTATS": {
                    "bioconductor-bsgenome": "1.74.0",
                    "bioconductor-delayedmatrixstats": "1.28.0",
                    "bioconductor-fraser": "2.4.6",
                    "bioconductor-genomicalignments": "1.42.0",
                    "r-base": "4.4.3",
                    "r-bbmisc": 1.13,
                    "r-data.table": "1.17.4",
                    "r-devtools": "2.4.5",
                    "r-dplyr": "1.1.4",
                    "r-knitr": 1.5,
                    "r-plotly": "4.10.4",
                    "r-rhdf5": "2.50.0",
                    "r-rmarkdown": 2.29,
                    "r-tidyr": "1.3.1",
                    "r-yaml": "2.3.10"
                },
                "FRASER_EXTRACTRESULTS": {
                    "bioconductor-bsgenome": "1.74.0",
                    "bioconductor-delayedmatrixstats": "1.28.0",
                    "bioconductor-fraser": "2.4.6",
                    "bioconductor-genomicalignments": "1.42.0",
                    "r-base": "4.4.3",
                    "r-bbmisc": 1.13,
                    "r-data.table": "1.17.4",
                    "r-devtools": "2.4.5",
                    "r-dplyr": "1.1.4",
                    "r-knitr": 1.5,
                    "r-plotly": "4.10.4",
                    "r-rhdf5": "2.50.0",
                    "r-rmarkdown": 2.29,
                    "r-tidyr": "1.3.1",
                    "r-yaml": "2.3.10"
                },
                "FRASER_FILTEREXPRESSION": {
                    "bioconductor-bsgenome": "1.74.0",
                    "bioconductor-delayedmatrixstats": "1.28.0",
                    "bioconductor-fraser": "2.4.6",
                    "bioconductor-genomicalignments": "1.42.0",
                    "r-base": "4.4.3",
                    "r-bbmisc": 1.13,
                    "r-data.table": "1.17.4",
                    "r-devtools": "2.4.5",
                    "r-dplyr": "1.1.4",
                    "r-knitr": 1.5,
                    "r-plotly": "4.10.4",
                    "r-rhdf5": "2.50.0",
                    "r-rmarkdown": 2.29,
                    "r-tidyr": "1.3.1",
                    "r-yaml": "2.3.10"
                },
                "FRASER_FITAUTOENCODER": {
                    "bioconductor-bsgenome": "1.74.0",
                    "bioconductor-delayedmatrixstats": "1.28.0",
                    "bioconductor-fraser": "2.4.6",
                    "bioconductor-genomicalignments": "1.42.0",
                    "r-base": "4.4.3",
                    "r-bbmisc": 1.13,
                    "r-data.table": "1.17.4",
                    "r-devtools": "2.4.5",
                    "r-dplyr": "1.1.4",
                    "r-knitr": 1.5,
                    "r-plotly": "4.10.4",
                    "r-rhdf5": "2.50.0",
                    "r-rmarkdown": 2.29,
                    "r-tidyr": "1.3.1",
                    "r-yaml": "2.3.10"
                },
                "FRASER_FITHYPERPARAMS": {
                    "bioconductor-bsgenome": "1.74.0",
                    "bioconductor-delayedmatrixstats": "1.28.0",
                    "bioconductor-fraser": "2.4.6",
                    "bioconductor-genomicalignments": "1.42.0",
                    "r-base": "4.4.3",
                    "r-bbmisc": 1.13,
                    "r-data.table": "1.17.4",
                    "r-devtools": "2.4.5",
                    "r-dplyr": "1.1.4",
                    "r-knitr": 1.5,
                    "r-plotly": "4.10.4",
                    "r-rhdf5": "2.50.0",
                    "r-rmarkdown": 2.29,
                    "r-tidyr": "1.3.1",
                    "r-yaml": "2.3.10"
                },
                "FRASER_PSIVALUECALCULATION": {
                    "bioconductor-bsgenome": "1.74.0",
                    "bioconductor-delayedmatrixstats": "1.28.0",
                    "bioconductor-fraser": "2.4.6",
                    "bioconductor-genomicalignments": "1.42.0",
                    "r-base": "4.4.3",
                    "r-bbmisc": 1.13,
                    "r-data.table": "1.17.4",
                    "r-devtools": "2.4.5",
                    "r-dplyr": "1.1.4",
                    "r-knitr": 1.5,
                    "r-plotly": "4.10.4",
                    "r-rhdf5": "2.50.0",
                    "r-rmarkdown": 2.29,
                    "r-tidyr": "1.3.1",
                    "r-yaml": "2.3.10"
                },
                "FRASER_SUMMARY": {
                    "bioconductor-bsgenome": "1.74.0",
                    "bioconductor-delayedmatrixstats": "1.28.0",
                    "bioconductor-fraser": "2.4.6",
                    "bioconductor-genomicalignments": "1.42.0",
                    "r-base": "4.4.3",
                    "r-bbmisc": 1.13,
                    "r-cowplot": "1.1.3",
                    "r-data.table": "1.17.4",
                    "r-devtools": "2.4.5",
                    "r-dplyr": "1.1.4",
                    "r-knitr": 1.5,
                    "r-plotly": "4.10.4",
                    "r-rcolorbrewer": "1.1.3",
                    "r-rhdf5": "2.50.0",
                    "r-rmarkdown": 2.29,
                    "r-tidyr": "1.3.1",
                    "r-yaml": "2.3.10"
                },
                "GATK4_CREATESEQUENCEDICTIONARY_NCBI": {
                    "gatk4": "4.6.2.0"
                },
                "GATK4_CREATESEQUENCEDICTIONARY_UCSC": {
                    "gatk4": "4.6.2.0"
                },
                "PREPROCESSGENEANNOTATION": {
                    "bioconductor-genomicscores": "1.58.0",
                    "bioconductor-rtracklayer": "1.66.0",
                    "bioconductor-txdbmaker": "1.2.0",
                    "r-base": "4.4.3",
                    "r-data.table": "1.17.0",
                    "r-magrittr": "2.0.3"
                },
                "SAMTOOLS_INDEX": {
                    "samtools": "1.22.1"
                },
                "SPLICECOUNTS_COLLECTCOUNTS": {
                    "bioconductor-bsgenome": "1.74.0",
                    "bioconductor-delayedmatrixstats": "1.28.0",
                    "bioconductor-fraser": "2.4.6",
                    "bioconductor-genomicalignments": "1.42.0",
                    "r-base": "4.4.3",
                    "r-bbmisc": 1.13,
                    "r-data.table": "1.17.4",
                    "r-devtools": "2.4.5",
                    "r-dplyr": "1.1.4",
                    "r-knitr": 1.5,
                    "r-plotly": "4.10.4",
                    "r-rhdf5": "2.50.0",
                    "r-rmarkdown": 2.29,
                    "r-tidyr": "1.3.1",
                    "r-yaml": "2.3.10"
                },
                "SPLICECOUNTS_COUNTNONSPLITREADS": {
                    "bioconductor-bsgenome": "1.74.0",
                    "bioconductor-delayedmatrixstats": "1.28.0",
                    "bioconductor-fraser": "2.4.6",
                    "bioconductor-genomicalignments": "1.42.0",
                    "r-base": "4.4.3",
                    "r-bbmisc": 1.13,
                    "r-data.table": "1.17.4",
                    "r-devtools": "2.4.5",
                    "r-dplyr": "1.1.4",
                    "r-knitr": 1.5,
                    "r-plotly": "4.10.4",
                    "r-rhdf5": "2.50.0",
                    "r-rmarkdown": 2.29,
                    "r-tidyr": "1.3.1",
                    "r-yaml": "2.3.10"
                },
                "SPLICECOUNTS_COUNTSPLITREADS": {
                    "bioconductor-bsgenome": "1.74.0",
                    "bioconductor-delayedmatrixstats": "1.28.0",
                    "bioconductor-fraser": "2.4.6",
                    "bioconductor-genomicalignments": "1.42.0",
                    "r-base": "4.4.3",
                    "r-bbmisc": 1.13,
                    "r-data.table": "1.17.4",
                    "r-devtools": "2.4.5",
                    "r-dplyr": "1.1.4",
                    "r-knitr": 1.5,
                    "r-plotly": "4.10.4",
                    "r-rhdf5": "2.50.0",
                    "r-rmarkdown": 2.29,
                    "r-tidyr": "1.3.1",
                    "r-yaml": "2.3.10"
                },
                "SPLICECOUNTS_EXPORTCOUNTS": {
                    "bioconductor-annotationdbi": "1.68.0",
                    "bioconductor-bsgenome": "1.74.0",
                    "bioconductor-delayedmatrixstats": "1.28.0",
                    "bioconductor-fraser": "2.4.6",
                    "bioconductor-genomicalignments": "1.42.0",
                    "r-base": "4.4.3",
                    "r-bbmisc": 1.13,
                    "r-data.table": "1.17.4",
                    "r-devtools": "2.4.5",
                    "r-dplyr": "1.1.4",
                    "r-knitr": 1.5,
                    "r-plotly": "4.10.4",
                    "r-rhdf5": "2.50.0",
                    "r-rmarkdown": 2.29,
                    "r-tidyr": "1.3.1",
                    "r-yaml": "2.3.10"
                },
                "SPLICECOUNTS_INIT": {
                    "bioconductor-delayedmatrixstats": "1.28.0",
                    "bioconductor-fraser": "2.4.6",
                    "bioconductor-genomicalignments": "1.42.0",
                    "r-base": "4.4.3",
                    "r-bbmisc": 1.13,
                    "r-data.table": "1.17.4",
                    "r-devtools": "2.4.5",
                    "r-dplyr": "1.1.4",
                    "r-knitr": 1.5,
                    "r-plotly": "4.10.4",
                    "r-rhdf5": "2.50.0",
                    "r-rmarkdown": 2.29,
                    "r-tidyr": "1.3.1",
                    "r-yaml": "2.3.10"
                },
                "SPLICECOUNTS_MERGENONSPLITREADS": {
                    "bioconductor-bsgenome": "1.74.0",
                    "bioconductor-delayedmatrixstats": "1.28.0",
                    "bioconductor-fraser": "2.4.6",
                    "bioconductor-genomicalignments": "1.42.0",
                    "r-base": "4.4.3",
                    "r-bbmisc": 1.13,
                    "r-data.table": "1.17.4",
                    "r-devtools": "2.4.5",
                    "r-dplyr": "1.1.4",
                    "r-knitr": 1.5,
                    "r-plotly": "4.10.4",
                    "r-rhdf5": "2.50.0",
                    "r-rmarkdown": 2.29,
                    "r-tidyr": "1.3.1",
                    "r-yaml": "2.3.10"
                },
                "SPLICECOUNTS_MERGESPLITREADS": {
                    "bioconductor-bsgenome": "1.74.0",
                    "bioconductor-delayedmatrixstats": "1.28.0",
                    "bioconductor-fraser": "2.4.6",
                    "bioconductor-genomicalignments": "1.42.0",
                    "r-base": "4.4.3",
                    "r-bbmisc": 1.13,
                    "r-data.table": "1.17.4",
                    "r-devtools": "2.4.5",
                    "r-dplyr": "1.1.4",
                    "r-knitr": 1.5,
                    "r-plotly": "4.10.4",
                    "r-rhdf5": "2.50.0",
                    "r-rmarkdown": 2.29,
                    "r-tidyr": "1.3.1",
                    "r-yaml": "2.3.10"
                },
                "SPLICECOUNTS_SUMMARY": {
                    "bioconductor-bsgenome": "1.74.0",
                    "bioconductor-delayedmatrixstats": "1.28.0",
                    "bioconductor-fraser": "2.4.6",
                    "bioconductor-genomicalignments": "1.42.0",
                    "r-base": "4.4.3",
                    "r-bbmisc": 1.13,
                    "r-cowplot": "1.1.3",
                    "r-data.table": "1.17.4",
                    "r-devtools": "2.4.5",
                    "r-dplyr": "1.1.4",
                    "r-knitr": 1.5,
                    "r-plotly": "4.10.4",
                    "r-rhdf5": "2.50.0",
                    "r-rmarkdown": 2.29,
                    "r-tidyr": "1.3.1",
                    "r-yaml": "2.3.10"
                },
                "TABIX_TABIX": {
                    "tabix": 1.21
                }
            },
            [
                "exported_counts",
                "exported_counts/fraser--hg19--v29",
                "exported_counts/fraser--hg19--v29/k_j_counts.tsv.gz",
                "exported_counts/fraser--hg19--v29/k_theta_counts.tsv.gz",
                "exported_counts/fraser--hg19--v29/n_psi3_counts.tsv.gz",
                "exported_counts/fraser--hg19--v29/n_psi5_counts.tsv.gz",
                "exported_counts/fraser--hg19--v29/n_theta_counts.tsv.gz",
                "exported_counts/fraser_external--hg19--v29",
                "exported_counts/fraser_external--hg19--v29/k_j_counts.tsv.gz",
                "exported_counts/fraser_external--hg19--v29/k_theta_counts.tsv.gz",
                "exported_counts/fraser_external--hg19--v29/n_psi3_counts.tsv.gz",
                "exported_counts/fraser_external--hg19--v29/n_psi5_counts.tsv.gz",
                "exported_counts/fraser_external--hg19--v29/n_theta_counts.tsv.gz",
                "multiqc",
                "multiqc/multiqc_data",
                "multiqc/multiqc_data/llms-full.txt",
                "multiqc/multiqc_data/multiqc.log",
                "multiqc/multiqc_data/multiqc.parquet",
                "multiqc/multiqc_data/multiqc_citations.txt",
                "multiqc/multiqc_data/multiqc_data.json",
                "multiqc/multiqc_data/multiqc_software_versions.txt",
                "multiqc/multiqc_data/multiqc_sources.txt",
                "multiqc/multiqc_report.html",
                "pipeline_info",
                "pipeline_info/nf_core_drop_software_mqc_versions.yml",
                "processed_data",
                "processed_data/aberrant_splicing",
                "processed_data/aberrant_splicing/annotations",
                "processed_data/aberrant_splicing/annotations/fraser.tsv",
                "processed_data/aberrant_splicing/annotations/fraser_external.tsv",
                "processed_data/aberrant_splicing/datasets",
                "processed_data/aberrant_splicing/datasets/savedObjects",
                "processed_data/aberrant_splicing/datasets/savedObjects/fraser",
                "processed_data/aberrant_splicing/datasets/savedObjects/fraser--v29",
                "processed_data/aberrant_splicing/datasets/savedObjects/fraser--v29/delta_jaccard.h5",
                "processed_data/aberrant_splicing/datasets/savedObjects/fraser--v29/fds-object.RDS",
                "processed_data/aberrant_splicing/datasets/savedObjects/fraser--v29/jaccard.h5",
                "processed_data/aberrant_splicing/datasets/savedObjects/fraser--v29/predictedMeans_jaccard.h5",
                "processed_data/aberrant_splicing/datasets/savedObjects/fraser--v29/psi3.h5",
                "processed_data/aberrant_splicing/datasets/savedObjects/fraser--v29/psi5.h5",
                "processed_data/aberrant_splicing/datasets/savedObjects/fraser--v29/rawCountsJ.h5",
                "processed_data/aberrant_splicing/datasets/savedObjects/fraser--v29/rawCountsJnonsplit.h5",
                "processed_data/aberrant_splicing/datasets/savedObjects/fraser--v29/rawCountsSS.h5",
                "processed_data/aberrant_splicing/datasets/savedObjects/fraser--v29/rawOtherCounts_jaccard.h5",
                "processed_data/aberrant_splicing/datasets/savedObjects/fraser--v29/rawOtherCounts_psi3.h5",
                "processed_data/aberrant_splicing/datasets/savedObjects/fraser--v29/rawOtherCounts_psi5.h5",
                "processed_data/aberrant_splicing/datasets/savedObjects/fraser/delta_jaccard.h5",
                "processed_data/aberrant_splicing/datasets/savedObjects/fraser/fds-object.RDS",
                "processed_data/aberrant_splicing/datasets/savedObjects/fraser/jaccard.h5",
                "processed_data/aberrant_splicing/datasets/savedObjects/fraser/predictedMeans_jaccard.h5",
                "processed_data/aberrant_splicing/datasets/savedObjects/fraser/psi3.h5",
                "processed_data/aberrant_splicing/datasets/savedObjects/fraser/psi5.h5",
                "processed_data/aberrant_splicing/datasets/savedObjects/fraser/rawCountsJ.h5",
                "processed_data/aberrant_splicing/datasets/savedObjects/fraser/rawCountsJnonsplit.h5",
                "processed_data/aberrant_splicing/datasets/savedObjects/fraser/rawCountsSS.h5",
                "processed_data/aberrant_splicing/datasets/savedObjects/fraser/rawOtherCounts_jaccard.h5",
                "processed_data/aberrant_splicing/datasets/savedObjects/fraser/rawOtherCounts_psi3.h5",
                "processed_data/aberrant_splicing/datasets/savedObjects/fraser/rawOtherCounts_psi5.h5",
                "processed_data/aberrant_splicing/datasets/savedObjects/fraser_external",
                "processed_data/aberrant_splicing/datasets/savedObjects/fraser_external--v29",
                "processed_data/aberrant_splicing/datasets/savedObjects/fraser_external--v29/delta_jaccard.h5",
                "processed_data/aberrant_splicing/datasets/savedObjects/fraser_external--v29/fds-object.RDS",
                "processed_data/aberrant_splicing/datasets/savedObjects/fraser_external--v29/jaccard.h5",
                "processed_data/aberrant_splicing/datasets/savedObjects/fraser_external--v29/predictedMeans_jaccard.h5",
                "processed_data/aberrant_splicing/datasets/savedObjects/fraser_external--v29/psi3.h5",
                "processed_data/aberrant_splicing/datasets/savedObjects/fraser_external--v29/psi5.h5",
                "processed_data/aberrant_splicing/datasets/savedObjects/fraser_external--v29/rawCountsJ.h5",
                "processed_data/aberrant_splicing/datasets/savedObjects/fraser_external--v29/rawCountsJnonsplit.h5",
                "processed_data/aberrant_splicing/datasets/savedObjects/fraser_external--v29/rawCountsSS.h5",
                "processed_data/aberrant_splicing/datasets/savedObjects/fraser_external--v29/rawOtherCounts_jaccard.h5",
                "processed_data/aberrant_splicing/datasets/savedObjects/fraser_external--v29/rawOtherCounts_psi3.h5",
                "processed_data/aberrant_splicing/datasets/savedObjects/fraser_external--v29/rawOtherCounts_psi5.h5",
                "processed_data/aberrant_splicing/datasets/savedObjects/fraser_external--v29/rawOtherCounts_theta.h5",
                "processed_data/aberrant_splicing/datasets/savedObjects/fraser_external/delta_jaccard.h5",
                "processed_data/aberrant_splicing/datasets/savedObjects/fraser_external/fds-object.RDS",
                "processed_data/aberrant_splicing/datasets/savedObjects/fraser_external/jaccard.h5",
                "processed_data/aberrant_splicing/datasets/savedObjects/fraser_external/predictedMeans_jaccard.h5",
                "processed_data/aberrant_splicing/datasets/savedObjects/fraser_external/psi3.h5",
                "processed_data/aberrant_splicing/datasets/savedObjects/fraser_external/psi5.h5",
                "processed_data/aberrant_splicing/datasets/savedObjects/fraser_external/rawCountsJ.h5",
                "processed_data/aberrant_splicing/datasets/savedObjects/fraser_external/rawCountsJnonsplit.h5",
                "processed_data/aberrant_splicing/datasets/savedObjects/fraser_external/rawCountsSS.h5",
                "processed_data/aberrant_splicing/datasets/savedObjects/fraser_external/rawOtherCounts_jaccard.h5",
                "processed_data/aberrant_splicing/datasets/savedObjects/fraser_external/rawOtherCounts_psi3.h5",
                "processed_data/aberrant_splicing/datasets/savedObjects/fraser_external/rawOtherCounts_psi5.h5",
                "processed_data/aberrant_splicing/datasets/savedObjects/fraser_external/rawOtherCounts_theta.h5",
                "processed_data/aberrant_splicing/datasets/savedObjects/raw-fraser",
                "processed_data/aberrant_splicing/datasets/savedObjects/raw-fraser/delta_jaccard.h5",
                "processed_data/aberrant_splicing/datasets/savedObjects/raw-fraser/fds-object.RDS",
                "processed_data/aberrant_splicing/datasets/savedObjects/raw-fraser/jaccard.h5",
                "processed_data/aberrant_splicing/datasets/savedObjects/raw-fraser/psi3.h5",
                "processed_data/aberrant_splicing/datasets/savedObjects/raw-fraser/psi5.h5",
                "processed_data/aberrant_splicing/datasets/savedObjects/raw-fraser/rawCountsJ.h5",
                "processed_data/aberrant_splicing/datasets/savedObjects/raw-fraser/rawCountsJnonsplit.h5",
                "processed_data/aberrant_splicing/datasets/savedObjects/raw-fraser/rawCountsSS.h5",
                "processed_data/aberrant_splicing/datasets/savedObjects/raw-fraser/rawOtherCounts_jaccard.h5",
                "processed_data/aberrant_splicing/datasets/savedObjects/raw-fraser/rawOtherCounts_psi3.h5",
                "processed_data/aberrant_splicing/datasets/savedObjects/raw-fraser/rawOtherCounts_psi5.h5",
                "processed_data/aberrant_splicing/datasets/savedObjects/raw-fraser_external",
                "processed_data/aberrant_splicing/datasets/savedObjects/raw-fraser_external/delta_jaccard.h5",
                "processed_data/aberrant_splicing/datasets/savedObjects/raw-fraser_external/fds-object.RDS",
                "processed_data/aberrant_splicing/datasets/savedObjects/raw-fraser_external/jaccard.h5",
                "processed_data/aberrant_splicing/datasets/savedObjects/raw-fraser_external/psi3.h5",
                "processed_data/aberrant_splicing/datasets/savedObjects/raw-fraser_external/psi5.h5",
                "processed_data/aberrant_splicing/datasets/savedObjects/raw-fraser_external/rawCountsJ.h5",
                "processed_data/aberrant_splicing/datasets/savedObjects/raw-fraser_external/rawCountsJnonsplit.h5",
                "processed_data/aberrant_splicing/datasets/savedObjects/raw-fraser_external/rawCountsSS.h5",
                "processed_data/aberrant_splicing/datasets/savedObjects/raw-fraser_external/rawOtherCounts_jaccard.h5",
                "processed_data/aberrant_splicing/datasets/savedObjects/raw-fraser_external/rawOtherCounts_psi3.h5",
                "processed_data/aberrant_splicing/datasets/savedObjects/raw-fraser_external/rawOtherCounts_psi5.h5",
                "processed_data/aberrant_splicing/datasets/savedObjects/raw-fraser_external/rawOtherCounts_theta.h5",
                "processed_data/aberrant_splicing/datasets/savedObjects/raw-local-fraser",
                "processed_data/aberrant_splicing/datasets/savedObjects/raw-local-fraser/delta_jaccard.h5",
                "processed_data/aberrant_splicing/datasets/savedObjects/raw-local-fraser/fds-object.RDS",
                "processed_data/aberrant_splicing/datasets/savedObjects/raw-local-fraser/jaccard.h5",
                "processed_data/aberrant_splicing/datasets/savedObjects/raw-local-fraser/psi3.h5",
                "processed_data/aberrant_splicing/datasets/savedObjects/raw-local-fraser/psi5.h5",
                "processed_data/aberrant_splicing/datasets/savedObjects/raw-local-fraser/rawCountsJ.h5",
                "processed_data/aberrant_splicing/datasets/savedObjects/raw-local-fraser/rawCountsJnonsplit.h5",
                "processed_data/aberrant_splicing/datasets/savedObjects/raw-local-fraser/rawCountsSS.h5",
                "processed_data/aberrant_splicing/datasets/savedObjects/raw-local-fraser/rawOtherCounts_jaccard.h5",
                "processed_data/aberrant_splicing/datasets/savedObjects/raw-local-fraser/rawOtherCounts_psi3.h5",
                "processed_data/aberrant_splicing/datasets/savedObjects/raw-local-fraser/rawOtherCounts_psi5.h5",
                "processed_data/aberrant_splicing/datasets/savedObjects/raw-local-fraser/splitCounts",
                "processed_data/aberrant_splicing/datasets/savedObjects/raw-local-fraser/splitCounts/assays.h5",
                "processed_data/aberrant_splicing/datasets/savedObjects/raw-local-fraser/splitCounts/se.rds",
                "processed_data/aberrant_splicing/datasets/savedObjects/raw-local-fraser_external",
                "processed_data/aberrant_splicing/datasets/savedObjects/raw-local-fraser_external/delta_jaccard.h5",
                "processed_data/aberrant_splicing/datasets/savedObjects/raw-local-fraser_external/fds-object.RDS",
                "processed_data/aberrant_splicing/datasets/savedObjects/raw-local-fraser_external/jaccard.h5",
                "processed_data/aberrant_splicing/datasets/savedObjects/raw-local-fraser_external/psi3.h5",
                "processed_data/aberrant_splicing/datasets/savedObjects/raw-local-fraser_external/psi5.h5",
                "processed_data/aberrant_splicing/datasets/savedObjects/raw-local-fraser_external/rawCountsJ.h5",
                "processed_data/aberrant_splicing/datasets/savedObjects/raw-local-fraser_external/rawCountsJnonsplit.h5",
                "processed_data/aberrant_splicing/datasets/savedObjects/raw-local-fraser_external/rawCountsSS.h5",
                "processed_data/aberrant_splicing/datasets/savedObjects/raw-local-fraser_external/rawOtherCounts_jaccard.h5",
                "processed_data/aberrant_splicing/datasets/savedObjects/raw-local-fraser_external/rawOtherCounts_psi3.h5",
                "processed_data/aberrant_splicing/datasets/savedObjects/raw-local-fraser_external/rawOtherCounts_psi5.h5",
                "processed_data/aberrant_splicing/datasets/savedObjects/raw-local-fraser_external/splitCounts",
                "processed_data/aberrant_splicing/datasets/savedObjects/raw-local-fraser_external/splitCounts/assays.h5",
                "processed_data/aberrant_splicing/datasets/savedObjects/raw-local-fraser_external/splitCounts/se.rds",
                "processed_results",
                "processed_results/aberrant_splicing",
                "processed_results/aberrant_splicing/datasets",
                "processed_results/aberrant_splicing/datasets/savedObjects",
                "processed_results/aberrant_splicing/datasets/savedObjects/fraser--v29",
                "processed_results/aberrant_splicing/datasets/savedObjects/fraser--v29/delta_jaccard.h5",
                "processed_results/aberrant_splicing/datasets/savedObjects/fraser--v29/fds-object.RDS",
                "processed_results/aberrant_splicing/datasets/savedObjects/fraser--v29/jaccard.h5",
                "processed_results/aberrant_splicing/datasets/savedObjects/fraser--v29/padjBetaBinomial_Test_subset_jaccard.h5",
                "processed_results/aberrant_splicing/datasets/savedObjects/fraser--v29/padjBetaBinomial_jaccard.h5",
                "processed_results/aberrant_splicing/datasets/savedObjects/fraser--v29/predictedMeans_jaccard.h5",
                "processed_results/aberrant_splicing/datasets/savedObjects/fraser--v29/psi3.h5",
                "processed_results/aberrant_splicing/datasets/savedObjects/fraser--v29/psi5.h5",
                "processed_results/aberrant_splicing/datasets/savedObjects/fraser--v29/pvaluesBetaBinomial_jaccard.h5",
                "processed_results/aberrant_splicing/datasets/savedObjects/fraser--v29/pvaluesBetaBinomial_junction_jaccard.h5",
                "processed_results/aberrant_splicing/datasets/savedObjects/fraser--v29/rawCountsJ.h5",
                "processed_results/aberrant_splicing/datasets/savedObjects/fraser--v29/rawCountsJnonsplit.h5",
                "processed_results/aberrant_splicing/datasets/savedObjects/fraser--v29/rawCountsSS.h5",
                "processed_results/aberrant_splicing/datasets/savedObjects/fraser--v29/rawOtherCounts_jaccard.h5",
                "processed_results/aberrant_splicing/datasets/savedObjects/fraser--v29/rawOtherCounts_psi3.h5",
                "processed_results/aberrant_splicing/datasets/savedObjects/fraser--v29/rawOtherCounts_psi5.h5",
                "processed_results/aberrant_splicing/datasets/savedObjects/fraser_external--v29",
                "processed_results/aberrant_splicing/datasets/savedObjects/fraser_external--v29/delta_jaccard.h5",
                "processed_results/aberrant_splicing/datasets/savedObjects/fraser_external--v29/fds-object.RDS",
                "processed_results/aberrant_splicing/datasets/savedObjects/fraser_external--v29/jaccard.h5",
                "processed_results/aberrant_splicing/datasets/savedObjects/fraser_external--v29/padjBetaBinomial_Test_subset_jaccard.h5",
                "processed_results/aberrant_splicing/datasets/savedObjects/fraser_external--v29/padjBetaBinomial_jaccard.h5",
                "processed_results/aberrant_splicing/datasets/savedObjects/fraser_external--v29/predictedMeans_jaccard.h5",
                "processed_results/aberrant_splicing/datasets/savedObjects/fraser_external--v29/psi3.h5",
                "processed_results/aberrant_splicing/datasets/savedObjects/fraser_external--v29/psi5.h5",
                "processed_results/aberrant_splicing/datasets/savedObjects/fraser_external--v29/pvaluesBetaBinomial_jaccard.h5",
                "processed_results/aberrant_splicing/datasets/savedObjects/fraser_external--v29/pvaluesBetaBinomial_junction_jaccard.h5",
                "processed_results/aberrant_splicing/datasets/savedObjects/fraser_external--v29/rawCountsJ.h5",
                "processed_results/aberrant_splicing/datasets/savedObjects/fraser_external--v29/rawCountsJnonsplit.h5",
                "processed_results/aberrant_splicing/datasets/savedObjects/fraser_external--v29/rawCountsSS.h5",
                "processed_results/aberrant_splicing/datasets/savedObjects/fraser_external--v29/rawOtherCounts_jaccard.h5",
                "processed_results/aberrant_splicing/datasets/savedObjects/fraser_external--v29/rawOtherCounts_psi3.h5",
                "processed_results/aberrant_splicing/datasets/savedObjects/fraser_external--v29/rawOtherCounts_psi5.h5",
                "processed_results/aberrant_splicing/datasets/savedObjects/fraser_external--v29/rawOtherCounts_theta.h5",
                "processed_results/aberrant_splicing/results",
                "processed_results/aberrant_splicing/results/v29",
                "processed_results/aberrant_splicing/results/v29/fraser",
                "processed_results/aberrant_splicing/results/v29/fraser/fraser",
                "processed_results/aberrant_splicing/results/v29/fraser/fraser/results.tsv",
                "processed_results/aberrant_splicing/results/v29/fraser/fraser/results_gene_all.tsv",
                "processed_results/aberrant_splicing/results/v29/fraser/fraser/results_per_junction.tsv",
                "processed_results/aberrant_splicing/results/v29/fraser/fraser_external",
                "processed_results/aberrant_splicing/results/v29/fraser/fraser_external/results.tsv",
                "processed_results/aberrant_splicing/results/v29/fraser/fraser_external/results_gene_all.tsv",
                "processed_results/aberrant_splicing/results/v29/fraser/fraser_external/results_per_junction.tsv",
                "reports",
                "reports/aberrant_splicing",
                "reports/aberrant_splicing/fraser",
                "reports/aberrant_splicing/fraser/fraser.v29",
                "reports/aberrant_splicing/fraser/fraser.v29/multiqc_data",
                "reports/aberrant_splicing/fraser/fraser.v29/multiqc_data/llms-full.txt",
                "reports/aberrant_splicing/fraser/fraser.v29/multiqc_data/multiqc.log",
                "reports/aberrant_splicing/fraser/fraser.v29/multiqc_data/multiqc.parquet",
                "reports/aberrant_splicing/fraser/fraser.v29/multiqc_data/multiqc_citations.txt",
                "reports/aberrant_splicing/fraser/fraser.v29/multiqc_data/multiqc_data.json",
                "reports/aberrant_splicing/fraser/fraser.v29/multiqc_data/multiqc_fraser_overview.txt",
                "reports/aberrant_splicing/fraser/fraser.v29/multiqc_data/multiqc_results.txt",
                "reports/aberrant_splicing/fraser/fraser.v29/multiqc_data/multiqc_sources.txt",
                "reports/aberrant_splicing/fraser/fraser.v29/multiqc_data/multiqc_total_outliers.txt",
                "reports/aberrant_splicing/fraser/fraser.v29/multiqc_report.html",
                "reports/aberrant_splicing/fraser/fraser_external.v29",
                "reports/aberrant_splicing/fraser/fraser_external.v29/multiqc_data",
                "reports/aberrant_splicing/fraser/fraser_external.v29/multiqc_data/llms-full.txt",
                "reports/aberrant_splicing/fraser/fraser_external.v29/multiqc_data/multiqc.log",
                "reports/aberrant_splicing/fraser/fraser_external.v29/multiqc_data/multiqc.parquet",
                "reports/aberrant_splicing/fraser/fraser_external.v29/multiqc_data/multiqc_citations.txt",
                "reports/aberrant_splicing/fraser/fraser_external.v29/multiqc_data/multiqc_data.json",
                "reports/aberrant_splicing/fraser/fraser_external.v29/multiqc_data/multiqc_fraser_overview.txt",
                "reports/aberrant_splicing/fraser/fraser_external.v29/multiqc_data/multiqc_results.txt",
                "reports/aberrant_splicing/fraser/fraser_external.v29/multiqc_data/multiqc_sources.txt",
                "reports/aberrant_splicing/fraser/fraser_external.v29/multiqc_data/multiqc_total_outliers.txt",
                "reports/aberrant_splicing/fraser/fraser_external.v29/multiqc_report.html",
                "reports/aberrant_splicing/splicecounts",
                "reports/aberrant_splicing/splicecounts/fraser",
                "reports/aberrant_splicing/splicecounts/fraser/multiqc_data",
                "reports/aberrant_splicing/splicecounts/fraser/multiqc_data/llms-full.txt",
                "reports/aberrant_splicing/splicecounts/fraser/multiqc_data/multiqc.log",
                "reports/aberrant_splicing/splicecounts/fraser/multiqc_data/multiqc.parquet",
                "reports/aberrant_splicing/splicecounts/fraser/multiqc_data/multiqc_citations.txt",
                "reports/aberrant_splicing/splicecounts/fraser/multiqc_data/multiqc_data.json",
                "reports/aberrant_splicing/splicecounts/fraser/multiqc_data/multiqc_number_of_introns.txt",
                "reports/aberrant_splicing/splicecounts/fraser/multiqc_data/multiqc_number_of_samples.txt",
                "reports/aberrant_splicing/splicecounts/fraser/multiqc_data/multiqc_number_of_splice_sites.txt",
                "reports/aberrant_splicing/splicecounts/fraser/multiqc_data/multiqc_sources.txt",
                "reports/aberrant_splicing/splicecounts/fraser/multiqc_report.html",
                "reports/aberrant_splicing/splicecounts/fraser_external",
                "reports/aberrant_splicing/splicecounts/fraser_external/multiqc_data",
                "reports/aberrant_splicing/splicecounts/fraser_external/multiqc_data/llms-full.txt",
                "reports/aberrant_splicing/splicecounts/fraser_external/multiqc_data/multiqc.log",
                "reports/aberrant_splicing/splicecounts/fraser_external/multiqc_data/multiqc.parquet",
                "reports/aberrant_splicing/splicecounts/fraser_external/multiqc_data/multiqc_citations.txt",
                "reports/aberrant_splicing/splicecounts/fraser_external/multiqc_data/multiqc_data.json",
                "reports/aberrant_splicing/splicecounts/fraser_external/multiqc_data/multiqc_number_of_introns.txt",
                "reports/aberrant_splicing/splicecounts/fraser_external/multiqc_data/multiqc_number_of_samples.txt",
                "reports/aberrant_splicing/splicecounts/fraser_external/multiqc_data/multiqc_number_of_splice_sites.txt",
                "reports/aberrant_splicing/splicecounts/fraser_external/multiqc_data/multiqc_sources.txt",
                "reports/aberrant_splicing/splicecounts/fraser_external/multiqc_report.html"
            ],
            [
                "k_j_counts.tsv.gz:md5,88e3aff8b2f386a162bc41555bbe5243",
                "k_theta_counts.tsv.gz:md5,d6457e882b368caeb3d4f0dba28cd5db",
                "n_psi3_counts.tsv.gz:md5,19788618f158131ea22d77dacf81e6a3",
                "n_psi5_counts.tsv.gz:md5,4e8fbb8bdeabfb5f4e46a2296a75b497",
                "n_theta_counts.tsv.gz:md5,ac5fcd79da3e40a67d8b3806ce63d541",
                "k_j_counts.tsv.gz:md5,88e3aff8b2f386a162bc41555bbe5243",
                "k_theta_counts.tsv.gz:md5,d6457e882b368caeb3d4f0dba28cd5db",
                "n_psi3_counts.tsv.gz:md5,19788618f158131ea22d77dacf81e6a3",
                "n_psi5_counts.tsv.gz:md5,4e8fbb8bdeabfb5f4e46a2296a75b497",
                "n_theta_counts.tsv.gz:md5,ac5fcd79da3e40a67d8b3806ce63d541",
                "fraser.tsv:md5,6c305f324124814d214aeac375c029d2",
                "fraser_external.tsv:md5,6c305f324124814d214aeac375c029d2",
                "delta_jaccard.h5:md5,3775875b8ab01616bfe83004a003b7db",
                "jaccard.h5:md5,1d1679a3345fbb5a8a53594a1dd19d41",
                "predictedMeans_jaccard.h5:md5,1843dbb02f6fa124a9a6ab1a4cb31f11",
                "psi3.h5:md5,70423010e6d329a735f357e0b8610482",
                "psi5.h5:md5,d660ccfe5727b297301ad7fe086e3bab",
                "rawCountsJ.h5:md5,abe1ce10bdf68f1a71484782e35f183a",
                "rawCountsJnonsplit.h5:md5,c0ee451d249eb684923fbf8f91ff0610",
                "rawCountsSS.h5:md5,8d3d41830c1433a2f204af522186b8a1",
                "rawOtherCounts_jaccard.h5:md5,eb7926480d8dfa254451d1008c347e6c",
                "rawOtherCounts_psi3.h5:md5,41ada78b7d25f02bb48a36b223d367db",
                "rawOtherCounts_psi5.h5:md5,4680e5305b251f5ac3ae952251d2a7cc",
                "delta_jaccard.h5:md5,3775875b8ab01616bfe83004a003b7db",
                "jaccard.h5:md5,1d1679a3345fbb5a8a53594a1dd19d41",
                "predictedMeans_jaccard.h5:md5,1843dbb02f6fa124a9a6ab1a4cb31f11",
                "psi3.h5:md5,70423010e6d329a735f357e0b8610482",
                "psi5.h5:md5,d660ccfe5727b297301ad7fe086e3bab",
                "rawCountsJ.h5:md5,abe1ce10bdf68f1a71484782e35f183a",
                "rawCountsJnonsplit.h5:md5,c0ee451d249eb684923fbf8f91ff0610",
                "rawCountsSS.h5:md5,8d3d41830c1433a2f204af522186b8a1",
                "rawOtherCounts_jaccard.h5:md5,eb7926480d8dfa254451d1008c347e6c",
                "rawOtherCounts_psi3.h5:md5,41ada78b7d25f02bb48a36b223d367db",
                "rawOtherCounts_psi5.h5:md5,4680e5305b251f5ac3ae952251d2a7cc",
                "delta_jaccard.h5:md5,23122f00c92c990af05fc961702e0a00",
                "jaccard.h5:md5,1eca7aa8cb326a6f2dcd7851684939b9",
                "predictedMeans_jaccard.h5:md5,90adefd104cf4fa978d8d4a0435a1edb",
                "psi3.h5:md5,8f472e61de53b6bcd5d1dd173d04e02a",
                "psi5.h5:md5,932c8736b5ae58dcc5dde2ca03297253",
                "rawCountsJ.h5:md5,2c3d4982df3d186876fba6feb9dfd5cb",
                "rawCountsJnonsplit.h5:md5,34b3927e4776c42131d325ab7ba86df4",
                "rawCountsSS.h5:md5,36ac0d96fcf91133f9c8dfe82d02f1b5",
                "rawOtherCounts_jaccard.h5:md5,031e5f60b441357801bffbb7f3b736ca",
                "rawOtherCounts_psi3.h5:md5,b8dbe2dc989375e2e45f2f2a3ff60112",
                "rawOtherCounts_psi5.h5:md5,9057cc8c8d46e7874fedabb4314fe56a",
                "rawOtherCounts_theta.h5:md5,bed72e507a41dcaf8a82a390bbce3d67",
                "delta_jaccard.h5:md5,23122f00c92c990af05fc961702e0a00",
                "jaccard.h5:md5,1eca7aa8cb326a6f2dcd7851684939b9",
                "predictedMeans_jaccard.h5:md5,90adefd104cf4fa978d8d4a0435a1edb",
                "psi3.h5:md5,8f472e61de53b6bcd5d1dd173d04e02a",
                "psi5.h5:md5,932c8736b5ae58dcc5dde2ca03297253",
                "rawCountsJ.h5:md5,2c3d4982df3d186876fba6feb9dfd5cb",
                "rawCountsJnonsplit.h5:md5,34b3927e4776c42131d325ab7ba86df4",
                "rawCountsSS.h5:md5,36ac0d96fcf91133f9c8dfe82d02f1b5",
                "rawOtherCounts_jaccard.h5:md5,031e5f60b441357801bffbb7f3b736ca",
                "rawOtherCounts_psi3.h5:md5,b8dbe2dc989375e2e45f2f2a3ff60112",
                "rawOtherCounts_psi5.h5:md5,9057cc8c8d46e7874fedabb4314fe56a",
                "rawOtherCounts_theta.h5:md5,bed72e507a41dcaf8a82a390bbce3d67",
                "delta_jaccard.h5:md5,3775875b8ab01616bfe83004a003b7db",
                "jaccard.h5:md5,1d1679a3345fbb5a8a53594a1dd19d41",
                "psi3.h5:md5,70423010e6d329a735f357e0b8610482",
                "psi5.h5:md5,d660ccfe5727b297301ad7fe086e3bab",
                "rawCountsJ.h5:md5,abe1ce10bdf68f1a71484782e35f183a",
                "rawCountsJnonsplit.h5:md5,c0ee451d249eb684923fbf8f91ff0610",
                "rawCountsSS.h5:md5,8d3d41830c1433a2f204af522186b8a1",
                "rawOtherCounts_jaccard.h5:md5,eb7926480d8dfa254451d1008c347e6c",
                "rawOtherCounts_psi3.h5:md5,41ada78b7d25f02bb48a36b223d367db",
                "rawOtherCounts_psi5.h5:md5,4680e5305b251f5ac3ae952251d2a7cc",
                "delta_jaccard.h5:md5,23122f00c92c990af05fc961702e0a00",
                "jaccard.h5:md5,1eca7aa8cb326a6f2dcd7851684939b9",
                "psi3.h5:md5,b5f746a800567f0232e03035e0c75f37",
                "psi5.h5:md5,a3cd2026eafdd15ed88e49876521672a",
                "rawCountsJ.h5:md5,2c3d4982df3d186876fba6feb9dfd5cb",
                "rawCountsJnonsplit.h5:md5,6f32df4294d63e88e6158bbc31f9dc6d",
                "rawCountsSS.h5:md5,36ac0d96fcf91133f9c8dfe82d02f1b5",
                "rawOtherCounts_jaccard.h5:md5,031e5f60b441357801bffbb7f3b736ca",
                "rawOtherCounts_psi3.h5:md5,b8dbe2dc989375e2e45f2f2a3ff60112",
                "rawOtherCounts_psi5.h5:md5,9057cc8c8d46e7874fedabb4314fe56a",
                "rawOtherCounts_theta.h5:md5,bed72e507a41dcaf8a82a390bbce3d67",
                "delta_jaccard.h5:md5,3775875b8ab01616bfe83004a003b7db",
                "jaccard.h5:md5,1d1679a3345fbb5a8a53594a1dd19d41",
                "psi3.h5:md5,df550e5781862df4172ead19f245eaf6",
                "psi5.h5:md5,d1f6f5ffcfa5f2bcc831e2b96f1a86b8",
                "rawCountsJ.h5:md5,abe1ce10bdf68f1a71484782e35f183a",
                "rawCountsJnonsplit.h5:md5,193715ed1082eecb9603f20e3e7bef33",
                "rawCountsSS.h5:md5,8d3d41830c1433a2f204af522186b8a1",
                "rawOtherCounts_jaccard.h5:md5,eb7926480d8dfa254451d1008c347e6c",
                "rawOtherCounts_psi3.h5:md5,cbb366b69804d04a5382378a30198ff0",
                "rawOtherCounts_psi5.h5:md5,fe7d602562aea796559952c2c7dba8b6",
                "assays.h5:md5,e1e016afee68e80095f2b60b6c1cf719",
                "delta_jaccard.h5:md5,3775875b8ab01616bfe83004a003b7db",
                "jaccard.h5:md5,1d1679a3345fbb5a8a53594a1dd19d41",
                "psi3.h5:md5,df550e5781862df4172ead19f245eaf6",
                "psi5.h5:md5,d1f6f5ffcfa5f2bcc831e2b96f1a86b8",
                "rawCountsJ.h5:md5,abe1ce10bdf68f1a71484782e35f183a",
                "rawCountsJnonsplit.h5:md5,193715ed1082eecb9603f20e3e7bef33",
                "rawCountsSS.h5:md5,8d3d41830c1433a2f204af522186b8a1",
                "rawOtherCounts_jaccard.h5:md5,eb7926480d8dfa254451d1008c347e6c",
                "rawOtherCounts_psi3.h5:md5,cbb366b69804d04a5382378a30198ff0",
                "rawOtherCounts_psi5.h5:md5,fe7d602562aea796559952c2c7dba8b6",
                "assays.h5:md5,e1e016afee68e80095f2b60b6c1cf719",
                "delta_jaccard.h5:md5,3775875b8ab01616bfe83004a003b7db",
                "jaccard.h5:md5,1d1679a3345fbb5a8a53594a1dd19d41",
                "padjBetaBinomial_Test_subset_jaccard.h5:md5,66ddd1febef110fa6e0b5e3c9466c63a",
                "padjBetaBinomial_jaccard.h5:md5,e4fa0b53385d213fbf5dd9259d0b1e42",
                "predictedMeans_jaccard.h5:md5,1843dbb02f6fa124a9a6ab1a4cb31f11",
                "psi3.h5:md5,70423010e6d329a735f357e0b8610482",
                "psi5.h5:md5,d660ccfe5727b297301ad7fe086e3bab",
                "pvaluesBetaBinomial_jaccard.h5:md5,cb59a301069ce420c7dd87fe6cbf6be1",
                "pvaluesBetaBinomial_junction_jaccard.h5:md5,c6af5db25dd51e3e8f61d7fcc7762133",
                "rawCountsJ.h5:md5,abe1ce10bdf68f1a71484782e35f183a",
                "rawCountsJnonsplit.h5:md5,c0ee451d249eb684923fbf8f91ff0610",
                "rawCountsSS.h5:md5,8d3d41830c1433a2f204af522186b8a1",
                "rawOtherCounts_jaccard.h5:md5,eb7926480d8dfa254451d1008c347e6c",
                "rawOtherCounts_psi3.h5:md5,41ada78b7d25f02bb48a36b223d367db",
                "rawOtherCounts_psi5.h5:md5,4680e5305b251f5ac3ae952251d2a7cc",
                "delta_jaccard.h5:md5,23122f00c92c990af05fc961702e0a00",
                "jaccard.h5:md5,1eca7aa8cb326a6f2dcd7851684939b9",
                "padjBetaBinomial_Test_subset_jaccard.h5:md5,af72796d4bdc81a848a3f0d45a80999d",
                "padjBetaBinomial_jaccard.h5:md5,f106e085d2abb4c3d79ad48bc89bcbf1",
                "predictedMeans_jaccard.h5:md5,90adefd104cf4fa978d8d4a0435a1edb",
                "psi3.h5:md5,8f472e61de53b6bcd5d1dd173d04e02a",
                "psi5.h5:md5,932c8736b5ae58dcc5dde2ca03297253",
                "pvaluesBetaBinomial_jaccard.h5:md5,6ec53bb3d45816134f6aeb6b1f96fba9",
                "pvaluesBetaBinomial_junction_jaccard.h5:md5,fbbabf3afb0618150d2bfe4a743fb197",
                "rawCountsJ.h5:md5,2c3d4982df3d186876fba6feb9dfd5cb",
                "rawCountsJnonsplit.h5:md5,34b3927e4776c42131d325ab7ba86df4",
                "rawCountsSS.h5:md5,36ac0d96fcf91133f9c8dfe82d02f1b5",
                "rawOtherCounts_jaccard.h5:md5,031e5f60b441357801bffbb7f3b736ca",
                "rawOtherCounts_psi3.h5:md5,b8dbe2dc989375e2e45f2f2a3ff60112",
                "rawOtherCounts_psi5.h5:md5,9057cc8c8d46e7874fedabb4314fe56a",
                "rawOtherCounts_theta.h5:md5,bed72e507a41dcaf8a82a390bbce3d67",
                "results.tsv:md5,b77596f9cc386a2365f7c2f814a752a3",
                "results_gene_all.tsv:md5,3d8521b5485f4e128b3f736058ee5b18",
                "results_per_junction.tsv:md5,76a175efb01e2b439193ee9a9888ca45",
                "results.tsv:md5,52c9a50fed14c9e0a2d320288e3b1fe6",
                "results_gene_all.tsv:md5,73be689e665b7a7a5b616b51bdb4d17c",
                "results_per_junction.tsv:md5,f81420cf1a8fc1031eac5f6ea499cb50"
            ]
        ],
        "timestamp": "2026-04-01T11:24:25.162466295",
        "meta": {
            "nf-test": "0.9.5",
            "nextflow": "25.10.4"
        }
    }
}