{
    "Aberrant Expression Workflow": {
        "content": [
            46,
            {
                "GATK4_CREATESEQUENCEDICTIONARY_NCBI": {
                    "gatk4": "4.6.2.0"
                },
                "GATK4_CREATESEQUENCEDICTIONARY_UCSC": {
                    "gatk4": "4.6.2.0"
                },
                "GENECOUNTS_COUNTREADS": {
                    "bioconductor-biocparallel": "1.40.0",
                    "bioconductor-genomicalignments": "1.42.0",
                    "bioconductor-rsamtools": "2.22.0",
                    "r-base": "4.4.3",
                    "r-data.table": "1.17.2"
                },
                "GENECOUNTS_EXPORTCOUNTS": {
                    "bioconductor-outrider": "1.28.0",
                    "bioconductor-summarizedexperiment": "1.40.0",
                    "r-base": "4.5.3",
                    "r-data.table": "1.17.8"
                },
                "GENECOUNTS_FILTERCOUNTS": {
                    "bioconductor-genomicfeatures": "1.58.0",
                    "bioconductor-outrider": "1.24.0",
                    "bioconductor-summarizedexperiment": "1.36.0",
                    "r-base": "4.4.3",
                    "r-data.table": "1.17.0"
                },
                "GENECOUNTS_MERGECOUNTS": {
                    "bioconductor-biocparallel": "1.40.0",
                    "bioconductor-summarizedexperiment": "1.36.0",
                    "r-base": "4.4.3",
                    "r-data.table": "1.17.2",
                    "r-dplyr": "1.1.4"
                },
                "GENECOUNTS_SUMMARY": {
                    "bioconductor-GenomicAlignments:": "1.42.0",
                    "bioconductor-outrider": "1.24.0",
                    "bioconductor-summarizedexperiment": "1.36.0",
                    "r-base": "4.4.3",
                    "r-cowplot": "1.1.3",
                    "r-data.table": "1.17.0",
                    "r-ggplot2": "3.5.2",
                    "r-ggthemes": "5.1.0",
                    "r-tidyr": "1.3.1"
                },
                "OUTRIDER_FIT": {
                    "bioconductor-outrider": "1.26.3",
                    "bioconductor-summarizedexperiment": "1.36.0",
                    "r-base": "4.4.3",
                    "r-data.table": "1.17.0",
                    "r-dplyr": "1.1.4",
                    "r-ggplot2": "3.5.2",
                    "r-magrittr": "2.0.3"
                },
                "OUTRIDER_PVALS": {
                    "bioconductor-summarizedexperiment": "1.36.0",
                    "r-base": "4.4.3",
                    "r-data.table": "1.17.0",
                    "r-dplyr": "1.1.4",
                    "r-ggplot2": "3.5.2",
                    "r-magrittr": "2.0.3",
                    "r-tools": "4.4.3",
                    "r-yaml": "2.3.10"
                },
                "OUTRIDER_RESULTS": {
                    "bioconductor-outrider": "1.26.3",
                    "bioconductor-summarizedexperiments": "1.36.0",
                    "r-base": "4.4.3",
                    "r-data.table": "1.17.0",
                    "r-dplyr": "1.1.4",
                    "r-ggplot2": "3.5.2"
                },
                "PREPROCESSGENEANNOTATION": {
                    "bioconductor-genomicscores": "1.58.0",
                    "bioconductor-rtracklayer": "1.66.0",
                    "bioconductor-txdbmaker": "1.2.0",
                    "r-base": "4.4.3",
                    "r-data.table": "1.17.0",
                    "r-magrittr": "2.0.3"
                },
                "SAMTOOLS_IDXSTATS": {
                    "samtools": "1.22.1"
                },
                "SAMTOOLS_INDEX": {
                    "samtools": "1.22.1"
                },
                "TABIX_TABIX": {
                    "tabix": 1.21
                }
            },
            [
                "exported_counts",
                "exported_counts/outrider--hg19--v29",
                "exported_counts/outrider--hg19--v29/geneCounts.tsv.gz",
                "exported_counts/outrider_external--hg19--v29",
                "exported_counts/outrider_external--hg19--v29/geneCounts.tsv.gz",
                "multiqc",
                "multiqc/multiqc_data",
                "multiqc/multiqc_data/llms-full.txt",
                "multiqc/multiqc_data/multiqc.log",
                "multiqc/multiqc_data/multiqc.parquet",
                "multiqc/multiqc_data/multiqc_citations.txt",
                "multiqc/multiqc_data/multiqc_data.json",
                "multiqc/multiqc_data/multiqc_software_versions.txt",
                "multiqc/multiqc_data/multiqc_sources.txt",
                "multiqc/multiqc_report.html",
                "pipeline_info",
                "pipeline_info/nf_core_drop_software_mqc_versions.yml",
                "processed_data",
                "processed_data/aberrant_expression",
                "processed_data/aberrant_expression/bam_stats",
                "processed_data/aberrant_expression/bam_stats/HG00106.txt",
                "processed_data/aberrant_expression/bam_stats/HG00111.txt",
                "processed_data/aberrant_expression/bam_stats/HG00116.txt",
                "processed_data/aberrant_expression/bam_stats/HG00126.txt",
                "processed_data/aberrant_expression/bam_stats/HG00132.txt",
                "processed_data/aberrant_expression/bam_stats/HG00149.txt",
                "processed_data/aberrant_expression/bam_stats/HG00150.txt",
                "processed_data/aberrant_expression/bam_stats/HG00176.txt",
                "processed_data/aberrant_expression/bam_stats/outrider.txt",
                "processed_data/aberrant_expression/bam_stats/outrider_external.txt",
                "processed_data/aberrant_expression/v29",
                "processed_data/aberrant_expression/v29/counts",
                "processed_data/aberrant_expression/v29/counts/HG00106.counts.Rds",
                "processed_data/aberrant_expression/v29/counts/HG00111.counts.Rds",
                "processed_data/aberrant_expression/v29/counts/HG00116.counts.Rds",
                "processed_data/aberrant_expression/v29/counts/HG00126.counts.Rds",
                "processed_data/aberrant_expression/v29/counts/HG00132.counts.Rds",
                "processed_data/aberrant_expression/v29/counts/HG00149.counts.Rds",
                "processed_data/aberrant_expression/v29/counts/HG00150.counts.Rds",
                "processed_data/aberrant_expression/v29/counts/HG00176.counts.Rds",
                "processed_results",
                "processed_results/aberrant_expression",
                "processed_results/aberrant_expression/v29",
                "processed_results/aberrant_expression/v29/outrider",
                "processed_results/aberrant_expression/v29/outrider/outrider",
                "processed_results/aberrant_expression/v29/outrider/outrider/OUTRIDER_results.tsv",
                "processed_results/aberrant_expression/v29/outrider/outrider/OUTRIDER_results_all.Rds",
                "processed_results/aberrant_expression/v29/outrider/outrider/ods.Rds",
                "processed_results/aberrant_expression/v29/outrider/outrider/ods_fitted.Rds",
                "processed_results/aberrant_expression/v29/outrider/outrider/ods_unfitted.Rds",
                "processed_results/aberrant_expression/v29/outrider/outrider/total_counts.Rds",
                "processed_results/aberrant_expression/v29/outrider/outrider_external",
                "processed_results/aberrant_expression/v29/outrider/outrider_external/OUTRIDER_results.tsv",
                "processed_results/aberrant_expression/v29/outrider/outrider_external/OUTRIDER_results_all.Rds",
                "processed_results/aberrant_expression/v29/outrider/outrider_external/ods.Rds",
                "processed_results/aberrant_expression/v29/outrider/outrider_external/ods_fitted.Rds",
                "processed_results/aberrant_expression/v29/outrider/outrider_external/ods_unfitted.Rds",
                "processed_results/aberrant_expression/v29/outrider/outrider_external/total_counts.Rds",
                "reports",
                "reports/aberrant_expression",
                "reports/aberrant_expression/genecounts",
                "reports/aberrant_expression/genecounts/v29__outrider",
                "reports/aberrant_expression/genecounts/v29__outrider/multiqc_data",
                "reports/aberrant_expression/genecounts/v29__outrider/multiqc_data/llms-full.txt",
                "reports/aberrant_expression/genecounts/v29__outrider/multiqc_data/multiqc.log",
                "reports/aberrant_expression/genecounts/v29__outrider/multiqc_data/multiqc.parquet",
                "reports/aberrant_expression/genecounts/v29__outrider/multiqc_data/multiqc_citations.txt",
                "reports/aberrant_expression/genecounts/v29__outrider/multiqc_data/multiqc_data.json",
                "reports/aberrant_expression/genecounts/v29__outrider/multiqc_data/multiqc_expressed_genes.txt",
                "reports/aberrant_expression/genecounts/v29__outrider/multiqc_data/multiqc_reads_statistics.txt",
                "reports/aberrant_expression/genecounts/v29__outrider/multiqc_data/multiqc_sample_count.txt",
                "reports/aberrant_expression/genecounts/v29__outrider/multiqc_data/multiqc_sources.txt",
                "reports/aberrant_expression/genecounts/v29__outrider/multiqc_report.html",
                "reports/aberrant_expression/genecounts/v29__outrider_external",
                "reports/aberrant_expression/genecounts/v29__outrider_external/multiqc_data",
                "reports/aberrant_expression/genecounts/v29__outrider_external/multiqc_data/llms-full.txt",
                "reports/aberrant_expression/genecounts/v29__outrider_external/multiqc_data/multiqc.log",
                "reports/aberrant_expression/genecounts/v29__outrider_external/multiqc_data/multiqc.parquet",
                "reports/aberrant_expression/genecounts/v29__outrider_external/multiqc_data/multiqc_citations.txt",
                "reports/aberrant_expression/genecounts/v29__outrider_external/multiqc_data/multiqc_data.json",
                "reports/aberrant_expression/genecounts/v29__outrider_external/multiqc_data/multiqc_expressed_genes.txt",
                "reports/aberrant_expression/genecounts/v29__outrider_external/multiqc_data/multiqc_reads_statistics.txt",
                "reports/aberrant_expression/genecounts/v29__outrider_external/multiqc_data/multiqc_sample_count.txt",
                "reports/aberrant_expression/genecounts/v29__outrider_external/multiqc_data/multiqc_sources.txt",
                "reports/aberrant_expression/genecounts/v29__outrider_external/multiqc_report.html",
                "reports/aberrant_expression/outrider",
                "reports/aberrant_expression/outrider/v29__outrider",
                "reports/aberrant_expression/outrider/v29__outrider/multiqc_data",
                "reports/aberrant_expression/outrider/v29__outrider/multiqc_data/llms-full.txt",
                "reports/aberrant_expression/outrider/v29__outrider/multiqc_data/multiqc.log",
                "reports/aberrant_expression/outrider/v29__outrider/multiqc_data/multiqc.parquet",
                "reports/aberrant_expression/outrider/v29__outrider/multiqc_data/multiqc_aberrant_samples.txt",
                "reports/aberrant_expression/outrider/v29__outrider/multiqc_data/multiqc_citations.txt",
                "reports/aberrant_expression/outrider/v29__outrider/multiqc_data/multiqc_data.json",
                "reports/aberrant_expression/outrider/v29__outrider/multiqc_data/multiqc_outrider_overview.txt",
                "reports/aberrant_expression/outrider/v29__outrider/multiqc_data/multiqc_outrider_result_overview.txt",
                "reports/aberrant_expression/outrider/v29__outrider/multiqc_data/multiqc_significant_results.txt",
                "reports/aberrant_expression/outrider/v29__outrider/multiqc_data/multiqc_sources.txt",
                "reports/aberrant_expression/outrider/v29__outrider/multiqc_report.html",
                "reports/aberrant_expression/outrider/v29__outrider_external",
                "reports/aberrant_expression/outrider/v29__outrider_external/multiqc_data",
                "reports/aberrant_expression/outrider/v29__outrider_external/multiqc_data/llms-full.txt",
                "reports/aberrant_expression/outrider/v29__outrider_external/multiqc_data/multiqc.log",
                "reports/aberrant_expression/outrider/v29__outrider_external/multiqc_data/multiqc.parquet",
                "reports/aberrant_expression/outrider/v29__outrider_external/multiqc_data/multiqc_aberrant_samples.txt",
                "reports/aberrant_expression/outrider/v29__outrider_external/multiqc_data/multiqc_citations.txt",
                "reports/aberrant_expression/outrider/v29__outrider_external/multiqc_data/multiqc_data.json",
                "reports/aberrant_expression/outrider/v29__outrider_external/multiqc_data/multiqc_outrider_overview.txt",
                "reports/aberrant_expression/outrider/v29__outrider_external/multiqc_data/multiqc_outrider_result_overview.txt",
                "reports/aberrant_expression/outrider/v29__outrider_external/multiqc_data/multiqc_significant_results.txt",
                "reports/aberrant_expression/outrider/v29__outrider_external/multiqc_data/multiqc_sources.txt",
                "reports/aberrant_expression/outrider/v29__outrider_external/multiqc_report.html"
            ],
            [
                "geneCounts.tsv.gz:md5,c09fdcc436986ef367829c51ccefb678",
                "geneCounts.tsv.gz:md5,a7eb177c2301a946d5e29ada0c0cb171",
                "HG00106.txt:md5,57b6acec7b61280ec2ffb3d492f9ab58",
                "HG00111.txt:md5,37d5ae2b6c5395c535f5c408bbc2f51c",
                "HG00116.txt:md5,925570e5928c5fc2861cb0bd764bff82",
                "HG00126.txt:md5,9df7bfaca380f3a79b531e546c683ab7",
                "HG00132.txt:md5,072b4f58238dc892547aaffe399266f9",
                "HG00149.txt:md5,67a9ca0dfc59b8f40f026e26d189aec3",
                "HG00150.txt:md5,0b9618b176001e2d3be6e25bf6876e36",
                "HG00176.txt:md5,814fb6e799777bfcfec28824ff0c5eac",
                "outrider.txt:md5,5cca416f1d723ef47a57fec645f49f12",
                "outrider_external.txt:md5,fdc48ee0ed8351da596faf5dc5bcab71",
                "OUTRIDER_results.tsv:md5,031209ca317e05d2eaa1cd83c467aa9f",
                "OUTRIDER_results.tsv:md5,18519b6f1d57e8a66bb7d7bd76c514b2"
            ]
        ],
        "timestamp": "2026-04-01T13:15:56.812196058",
        "meta": {
            "nf-test": "0.9.5",
            "nextflow": "25.10.4"
        }
    }
}