{
    "Aberrant Splicing Workflow": {
        "content": [
            [
                "exported_counts/fraser--hg19--v29/k_j_counts.tsv.gz",
                "exported_counts/fraser--hg19--v29/k_theta_counts.tsv.gz",
                "exported_counts/fraser--hg19--v29/n_psi3_counts.tsv.gz",
                "exported_counts/fraser--hg19--v29/n_psi5_counts.tsv.gz",
                "exported_counts/fraser--hg19--v29/n_theta_counts.tsv.gz",
                "exported_counts/fraser_external--hg19--v29/k_j_counts.tsv.gz",
                "exported_counts/fraser_external--hg19--v29/k_theta_counts.tsv.gz",
                "exported_counts/fraser_external--hg19--v29/n_psi3_counts.tsv.gz",
                "exported_counts/fraser_external--hg19--v29/n_psi5_counts.tsv.gz",
                "exported_counts/fraser_external--hg19--v29/n_theta_counts.tsv.gz",
                "processed_data/aberrant_splicing/annotations/fraser.tsv",
                "processed_data/aberrant_splicing/annotations/fraser_external.tsv",
                "processed_data/aberrant_splicing/datasets/savedObjects/fraser--v29/delta_jaccard.h5",
                "processed_data/aberrant_splicing/datasets/savedObjects/fraser--v29/fds-object.RDS",
                "processed_data/aberrant_splicing/datasets/savedObjects/fraser--v29/jaccard.h5",
                "processed_data/aberrant_splicing/datasets/savedObjects/fraser--v29/predictedMeans_jaccard.h5",
                "processed_data/aberrant_splicing/datasets/savedObjects/fraser--v29/psi3.h5",
                "processed_data/aberrant_splicing/datasets/savedObjects/fraser--v29/psi5.h5",
                "processed_data/aberrant_splicing/datasets/savedObjects/fraser--v29/rawCountsJ.h5",
                "processed_data/aberrant_splicing/datasets/savedObjects/fraser--v29/rawCountsJnonsplit.h5",
                "processed_data/aberrant_splicing/datasets/savedObjects/fraser--v29/rawCountsSS.h5",
                "processed_data/aberrant_splicing/datasets/savedObjects/fraser--v29/rawOtherCounts_jaccard.h5",
                "processed_data/aberrant_splicing/datasets/savedObjects/fraser--v29/rawOtherCounts_psi3.h5",
                "processed_data/aberrant_splicing/datasets/savedObjects/fraser--v29/rawOtherCounts_psi5.h5",
                "processed_data/aberrant_splicing/datasets/savedObjects/fraser/delta_jaccard.h5",
                "processed_data/aberrant_splicing/datasets/savedObjects/fraser/fds-object.RDS",
                "processed_data/aberrant_splicing/datasets/savedObjects/fraser/jaccard.h5",
                "processed_data/aberrant_splicing/datasets/savedObjects/fraser/predictedMeans_jaccard.h5",
                "processed_data/aberrant_splicing/datasets/savedObjects/fraser/psi3.h5",
                "processed_data/aberrant_splicing/datasets/savedObjects/fraser/psi5.h5",
                "processed_data/aberrant_splicing/datasets/savedObjects/fraser/rawCountsJ.h5",
                "processed_data/aberrant_splicing/datasets/savedObjects/fraser/rawCountsJnonsplit.h5",
                "processed_data/aberrant_splicing/datasets/savedObjects/fraser/rawCountsSS.h5",
                "processed_data/aberrant_splicing/datasets/savedObjects/fraser/rawOtherCounts_jaccard.h5",
                "processed_data/aberrant_splicing/datasets/savedObjects/fraser/rawOtherCounts_psi3.h5",
                "processed_data/aberrant_splicing/datasets/savedObjects/fraser/rawOtherCounts_psi5.h5",
                "processed_data/aberrant_splicing/datasets/savedObjects/fraser_external--v29/delta_jaccard.h5",
                "processed_data/aberrant_splicing/datasets/savedObjects/fraser_external--v29/fds-object.RDS",
                "processed_data/aberrant_splicing/datasets/savedObjects/fraser_external--v29/jaccard.h5",
                "processed_data/aberrant_splicing/datasets/savedObjects/fraser_external--v29/predictedMeans_jaccard.h5",
                "processed_data/aberrant_splicing/datasets/savedObjects/fraser_external--v29/psi3.h5",
                "processed_data/aberrant_splicing/datasets/savedObjects/fraser_external--v29/psi5.h5",
                "processed_data/aberrant_splicing/datasets/savedObjects/fraser_external--v29/rawCountsJ.h5",
                "processed_data/aberrant_splicing/datasets/savedObjects/fraser_external--v29/rawCountsJnonsplit.h5",
                "processed_data/aberrant_splicing/datasets/savedObjects/fraser_external--v29/rawCountsSS.h5",
                "processed_data/aberrant_splicing/datasets/savedObjects/fraser_external--v29/rawOtherCounts_jaccard.h5",
                "processed_data/aberrant_splicing/datasets/savedObjects/fraser_external--v29/rawOtherCounts_psi3.h5",
                "processed_data/aberrant_splicing/datasets/savedObjects/fraser_external--v29/rawOtherCounts_psi5.h5",
                "processed_data/aberrant_splicing/datasets/savedObjects/fraser_external--v29/rawOtherCounts_theta.h5",
                "processed_data/aberrant_splicing/datasets/savedObjects/fraser_external/delta_jaccard.h5",
                "processed_data/aberrant_splicing/datasets/savedObjects/fraser_external/fds-object.RDS",
                "processed_data/aberrant_splicing/datasets/savedObjects/fraser_external/jaccard.h5",
                "processed_data/aberrant_splicing/datasets/savedObjects/fraser_external/predictedMeans_jaccard.h5",
                "processed_data/aberrant_splicing/datasets/savedObjects/fraser_external/psi3.h5",
                "processed_data/aberrant_splicing/datasets/savedObjects/fraser_external/psi5.h5",
                "processed_data/aberrant_splicing/datasets/savedObjects/fraser_external/rawCountsJ.h5",
                "processed_data/aberrant_splicing/datasets/savedObjects/fraser_external/rawCountsJnonsplit.h5",
                "processed_data/aberrant_splicing/datasets/savedObjects/fraser_external/rawCountsSS.h5",
                "processed_data/aberrant_splicing/datasets/savedObjects/fraser_external/rawOtherCounts_jaccard.h5",
                "processed_data/aberrant_splicing/datasets/savedObjects/fraser_external/rawOtherCounts_psi3.h5",
                "processed_data/aberrant_splicing/datasets/savedObjects/fraser_external/rawOtherCounts_psi5.h5",
                "processed_data/aberrant_splicing/datasets/savedObjects/fraser_external/rawOtherCounts_theta.h5",
                "processed_data/aberrant_splicing/datasets/savedObjects/raw-fraser/delta_jaccard.h5",
                "processed_data/aberrant_splicing/datasets/savedObjects/raw-fraser/fds-object.RDS",
                "processed_data/aberrant_splicing/datasets/savedObjects/raw-fraser/jaccard.h5",
                "processed_data/aberrant_splicing/datasets/savedObjects/raw-fraser/psi3.h5",
                "processed_data/aberrant_splicing/datasets/savedObjects/raw-fraser/psi5.h5",
                "processed_data/aberrant_splicing/datasets/savedObjects/raw-fraser/rawCountsJ.h5",
                "processed_data/aberrant_splicing/datasets/savedObjects/raw-fraser/rawCountsJnonsplit.h5",
                "processed_data/aberrant_splicing/datasets/savedObjects/raw-fraser/rawCountsSS.h5",
                "processed_data/aberrant_splicing/datasets/savedObjects/raw-fraser/rawOtherCounts_jaccard.h5",
                "processed_data/aberrant_splicing/datasets/savedObjects/raw-fraser/rawOtherCounts_psi3.h5",
                "processed_data/aberrant_splicing/datasets/savedObjects/raw-fraser/rawOtherCounts_psi5.h5",
                "processed_data/aberrant_splicing/datasets/savedObjects/raw-fraser_external/delta_jaccard.h5",
                "processed_data/aberrant_splicing/datasets/savedObjects/raw-fraser_external/fds-object.RDS",
                "processed_data/aberrant_splicing/datasets/savedObjects/raw-fraser_external/jaccard.h5",
                "processed_data/aberrant_splicing/datasets/savedObjects/raw-fraser_external/psi3.h5",
                "processed_data/aberrant_splicing/datasets/savedObjects/raw-fraser_external/psi5.h5",
                "processed_data/aberrant_splicing/datasets/savedObjects/raw-fraser_external/rawCountsJ.h5",
                "processed_data/aberrant_splicing/datasets/savedObjects/raw-fraser_external/rawCountsJnonsplit.h5",
                "processed_data/aberrant_splicing/datasets/savedObjects/raw-fraser_external/rawCountsSS.h5",
                "processed_data/aberrant_splicing/datasets/savedObjects/raw-fraser_external/rawOtherCounts_jaccard.h5",
                "processed_data/aberrant_splicing/datasets/savedObjects/raw-fraser_external/rawOtherCounts_psi3.h5",
                "processed_data/aberrant_splicing/datasets/savedObjects/raw-fraser_external/rawOtherCounts_psi5.h5",
                "processed_data/aberrant_splicing/datasets/savedObjects/raw-fraser_external/rawOtherCounts_theta.h5",
                "processed_data/aberrant_splicing/datasets/savedObjects/raw-local-fraser/delta_jaccard.h5",
                "processed_data/aberrant_splicing/datasets/savedObjects/raw-local-fraser/fds-object.RDS",
                "processed_data/aberrant_splicing/datasets/savedObjects/raw-local-fraser/jaccard.h5",
                "processed_data/aberrant_splicing/datasets/savedObjects/raw-local-fraser/psi3.h5",
                "processed_data/aberrant_splicing/datasets/savedObjects/raw-local-fraser/psi5.h5",
                "processed_data/aberrant_splicing/datasets/savedObjects/raw-local-fraser/rawCountsJ.h5",
                "processed_data/aberrant_splicing/datasets/savedObjects/raw-local-fraser/rawCountsJnonsplit.h5",
                "processed_data/aberrant_splicing/datasets/savedObjects/raw-local-fraser/rawCountsSS.h5",
                "processed_data/aberrant_splicing/datasets/savedObjects/raw-local-fraser/rawOtherCounts_jaccard.h5",
                "processed_data/aberrant_splicing/datasets/savedObjects/raw-local-fraser/rawOtherCounts_psi3.h5",
                "processed_data/aberrant_splicing/datasets/savedObjects/raw-local-fraser/rawOtherCounts_psi5.h5",
                "processed_data/aberrant_splicing/datasets/savedObjects/raw-local-fraser/splitCounts/assays.h5",
                "processed_data/aberrant_splicing/datasets/savedObjects/raw-local-fraser/splitCounts/se.rds",
                "processed_data/aberrant_splicing/datasets/savedObjects/raw-local-fraser_external/delta_jaccard.h5",
                "processed_data/aberrant_splicing/datasets/savedObjects/raw-local-fraser_external/fds-object.RDS",
                "processed_data/aberrant_splicing/datasets/savedObjects/raw-local-fraser_external/jaccard.h5",
                "processed_data/aberrant_splicing/datasets/savedObjects/raw-local-fraser_external/psi3.h5",
                "processed_data/aberrant_splicing/datasets/savedObjects/raw-local-fraser_external/psi5.h5",
                "processed_data/aberrant_splicing/datasets/savedObjects/raw-local-fraser_external/rawCountsJ.h5",
                "processed_data/aberrant_splicing/datasets/savedObjects/raw-local-fraser_external/rawCountsJnonsplit.h5",
                "processed_data/aberrant_splicing/datasets/savedObjects/raw-local-fraser_external/rawCountsSS.h5",
                "processed_data/aberrant_splicing/datasets/savedObjects/raw-local-fraser_external/rawOtherCounts_jaccard.h5",
                "processed_data/aberrant_splicing/datasets/savedObjects/raw-local-fraser_external/rawOtherCounts_psi3.h5",
                "processed_data/aberrant_splicing/datasets/savedObjects/raw-local-fraser_external/rawOtherCounts_psi5.h5",
                "processed_data/aberrant_splicing/datasets/savedObjects/raw-local-fraser_external/splitCounts/assays.h5",
                "processed_data/aberrant_splicing/datasets/savedObjects/raw-local-fraser_external/splitCounts/se.rds",
                "processed_results/aberrant_splicing/datasets/savedObjects/fraser--v29/delta_jaccard.h5",
                "processed_results/aberrant_splicing/datasets/savedObjects/fraser--v29/fds-object.RDS",
                "processed_results/aberrant_splicing/datasets/savedObjects/fraser--v29/jaccard.h5",
                "processed_results/aberrant_splicing/datasets/savedObjects/fraser--v29/padjBetaBinomial_Test_subset_jaccard.h5",
                "processed_results/aberrant_splicing/datasets/savedObjects/fraser--v29/padjBetaBinomial_jaccard.h5",
                "processed_results/aberrant_splicing/datasets/savedObjects/fraser--v29/predictedMeans_jaccard.h5",
                "processed_results/aberrant_splicing/datasets/savedObjects/fraser--v29/psi3.h5",
                "processed_results/aberrant_splicing/datasets/savedObjects/fraser--v29/psi5.h5",
                "processed_results/aberrant_splicing/datasets/savedObjects/fraser--v29/pvaluesBetaBinomial_jaccard.h5",
                "processed_results/aberrant_splicing/datasets/savedObjects/fraser--v29/pvaluesBetaBinomial_junction_jaccard.h5",
                "processed_results/aberrant_splicing/datasets/savedObjects/fraser--v29/rawCountsJ.h5",
                "processed_results/aberrant_splicing/datasets/savedObjects/fraser--v29/rawCountsJnonsplit.h5",
                "processed_results/aberrant_splicing/datasets/savedObjects/fraser--v29/rawCountsSS.h5",
                "processed_results/aberrant_splicing/datasets/savedObjects/fraser--v29/rawOtherCounts_jaccard.h5",
                "processed_results/aberrant_splicing/datasets/savedObjects/fraser--v29/rawOtherCounts_psi3.h5",
                "processed_results/aberrant_splicing/datasets/savedObjects/fraser--v29/rawOtherCounts_psi5.h5",
                "processed_results/aberrant_splicing/datasets/savedObjects/fraser_external--v29/delta_jaccard.h5",
                "processed_results/aberrant_splicing/datasets/savedObjects/fraser_external--v29/fds-object.RDS",
                "processed_results/aberrant_splicing/datasets/savedObjects/fraser_external--v29/jaccard.h5",
                "processed_results/aberrant_splicing/datasets/savedObjects/fraser_external--v29/padjBetaBinomial_Test_subset_jaccard.h5",
                "processed_results/aberrant_splicing/datasets/savedObjects/fraser_external--v29/padjBetaBinomial_jaccard.h5",
                "processed_results/aberrant_splicing/datasets/savedObjects/fraser_external--v29/predictedMeans_jaccard.h5",
                "processed_results/aberrant_splicing/datasets/savedObjects/fraser_external--v29/psi3.h5",
                "processed_results/aberrant_splicing/datasets/savedObjects/fraser_external--v29/psi5.h5",
                "processed_results/aberrant_splicing/datasets/savedObjects/fraser_external--v29/pvaluesBetaBinomial_jaccard.h5",
                "processed_results/aberrant_splicing/datasets/savedObjects/fraser_external--v29/pvaluesBetaBinomial_junction_jaccard.h5",
                "processed_results/aberrant_splicing/datasets/savedObjects/fraser_external--v29/rawCountsJ.h5",
                "processed_results/aberrant_splicing/datasets/savedObjects/fraser_external--v29/rawCountsJnonsplit.h5",
                "processed_results/aberrant_splicing/datasets/savedObjects/fraser_external--v29/rawCountsSS.h5",
                "processed_results/aberrant_splicing/datasets/savedObjects/fraser_external--v29/rawOtherCounts_jaccard.h5",
                "processed_results/aberrant_splicing/datasets/savedObjects/fraser_external--v29/rawOtherCounts_psi3.h5",
                "processed_results/aberrant_splicing/datasets/savedObjects/fraser_external--v29/rawOtherCounts_psi5.h5",
                "processed_results/aberrant_splicing/datasets/savedObjects/fraser_external--v29/rawOtherCounts_theta.h5",
                "processed_results/aberrant_splicing/results/v29/fraser/fraser/results.tsv",
                "processed_results/aberrant_splicing/results/v29/fraser/fraser/results_gene_all.tsv",
                "processed_results/aberrant_splicing/results/v29/fraser/fraser/results_per_junction.tsv",
                "processed_results/aberrant_splicing/results/v29/fraser/fraser_external/results.tsv",
                "processed_results/aberrant_splicing/results/v29/fraser/fraser_external/results_gene_all.tsv",
                "processed_results/aberrant_splicing/results/v29/fraser/fraser_external/results_per_junction.tsv"
            ]
        ],
        "timestamp": "2026-03-18T16:31:42.884049598",
        "meta": {
            "nf-test": "0.9.4",
            "nextflow": "25.10.4"
        }
    }
}