{
    "Should run without failures": {
        "content": [
            [
                "aberrant_expression/v29/counts/HG00096.counts.Rds",
                "aberrant_expression/v29/counts/HG00103.counts.Rds",
                "aberrant_expression/v29/counts/HG00106.counts.Rds",
                "aberrant_expression/v29/counts/HG00111.counts.Rds",
                "aberrant_expression/v29/counts/HG00116.counts.Rds",
                "aberrant_expression/v29/counts/HG00126.counts.Rds",
                "aberrant_expression/v29/counts/HG00132.counts.Rds",
                "aberrant_expression/v29/counts/HG00149.counts.Rds",
                "aberrant_expression/v29/counts/HG00150.counts.Rds",
                "aberrant_expression/v29/counts/HG00176.counts.Rds",
                "processed_data/aberrant_expression/bam_stats/HG00096.txt",
                "processed_data/aberrant_expression/bam_stats/HG00103.txt",
                "processed_data/aberrant_expression/bam_stats/HG00106.txt",
                "processed_data/aberrant_expression/bam_stats/HG00111.txt",
                "processed_data/aberrant_expression/bam_stats/HG00116.txt",
                "processed_data/aberrant_expression/bam_stats/HG00126.txt",
                "processed_data/aberrant_expression/bam_stats/HG00132.txt",
                "processed_data/aberrant_expression/bam_stats/HG00149.txt",
                "processed_data/aberrant_expression/bam_stats/HG00150.txt",
                "processed_data/aberrant_expression/bam_stats/HG00176.txt",
                "processed_data/aberrant_expression/bam_stats/outrider.txt",
                "processed_data/aberrant_expression/bam_stats/outrider_external.txt",
                "processed_results/aberrant_expression/v29/outrider/outrider/OUTRIDER_results.tsv",
                "processed_results/aberrant_expression/v29/outrider/outrider/OUTRIDER_results_all.Rds",
                "processed_results/aberrant_expression/v29/outrider/outrider/ods.Rds",
                "processed_results/aberrant_expression/v29/outrider/outrider/ods_fitted.Rds",
                "processed_results/aberrant_expression/v29/outrider/outrider/ods_unfitted.Rds",
                "processed_results/aberrant_expression/v29/outrider/outrider/total_counts.Rds",
                "processed_results/aberrant_expression/v29/outrider/outrider_external/OUTRIDER_results.tsv",
                "processed_results/aberrant_expression/v29/outrider/outrider_external/OUTRIDER_results_all.Rds",
                "processed_results/aberrant_expression/v29/outrider/outrider_external/ods.Rds",
                "processed_results/aberrant_expression/v29/outrider/outrider_external/ods_fitted.Rds",
                "processed_results/aberrant_expression/v29/outrider/outrider_external/ods_unfitted.Rds",
                "processed_results/aberrant_expression/v29/outrider/outrider_external/total_counts.Rds"
            ]
        ],
        "meta": {
            "nf-test": "0.9.2",
            "nextflow": "25.04.2"
        },
        "timestamp": "2025-05-23T16:06:43.394148125"
    }
}