{
    "homo_sapiens - fds, cache - false": {
        "content": [
            [
                "rawCountsJ.h5:md5,91bd1f9db78b6d59c34385a8c87a6046",
                "rawCountsSS.h5:md5,6999bb678154f265b85becb087797e62",
                [
                    "assays.h5:md5,c6164dcf4634dbf871459c6fc7168818",
                    "se.rds:md5,4853852e7692b9364dcb076b5708665a"
                ]
            ],
            [
                "fds-object.RDS"
            ],
            [
                "versions.yml:md5,9233ee6da11d9e12f66a14f1f8631008"
            ]
        ],
        "meta": {
            "nf-test": "0.9.2",
            "nextflow": "25.04.6"
        },
        "timestamp": "2025-08-12T12:29:44.960384781"
    },
    "homo_sapiens - fds, cache - stub": {
        "content": [
            {
                "0": [
                    [
                        {
                            "id": "fraser"
                        },
                        [
                            
                        ]
                    ]
                ],
                "1": [
                    "versions.yml:md5,9233ee6da11d9e12f66a14f1f8631008"
                ],
                "fdsobj": [
                    [
                        {
                            "id": "fraser"
                        },
                        [
                            
                        ]
                    ]
                ],
                "versions": [
                    "versions.yml:md5,9233ee6da11d9e12f66a14f1f8631008"
                ]
            }
        ],
        "meta": {
            "nf-test": "0.9.2",
            "nextflow": "25.04.6"
        },
        "timestamp": "2025-08-12T12:25:57.591196141"
    }
}