{
    "homo_sapiens - counts": {
        "content": [
            {
                "0": [
                    [
                        {
                            "id": "merged"
                        },
                        "merged.Rds:md5,506bf87cd58845c5900c4deafb2ad95f"
                    ]
                ],
                "1": [
                    "versions.yml:md5,3e6fdd918347590b97395dc336a0f422"
                ],
                "output": [
                    [
                        {
                            "id": "merged"
                        },
                        "merged.Rds:md5,506bf87cd58845c5900c4deafb2ad95f"
                    ]
                ],
                "versions": [
                    "versions.yml:md5,3e6fdd918347590b97395dc336a0f422"
                ]
            }
        ],
        "meta": {
            "nf-test": "0.9.2",
            "nextflow": "25.04.0"
        },
        "timestamp": "2025-05-14T11:43:54.167771846"
    },
    "homo_sapiens - gtf - stub": {
        "content": [
            {
                "0": [
                    [
                        {
                            "id": "merged"
                        },
                        "merged.Rds:md5,d41d8cd98f00b204e9800998ecf8427e"
                    ]
                ],
                "1": [
                    "versions.yml:md5,3e6fdd918347590b97395dc336a0f422"
                ],
                "output": [
                    [
                        {
                            "id": "merged"
                        },
                        "merged.Rds:md5,d41d8cd98f00b204e9800998ecf8427e"
                    ]
                ],
                "versions": [
                    "versions.yml:md5,3e6fdd918347590b97395dc336a0f422"
                ]
            }
        ],
        "meta": {
            "nf-test": "0.9.2",
            "nextflow": "25.04.0"
        },
        "timestamp": "2025-05-14T11:33:04.740048983"
    }
}