{
    "homo_sapiens - fds, cache - false": {
        "content": [
            {
                "0": [
                    [
                        {
                            "id": "fraser"
                        },
                        [
                            "nonSplicedCounts-HG00096.h5:md5,a4d5d2ecdcf1f0e04b8f8a8e7d221588",
                            "nonSplicedCounts-HG00103.h5:md5,3a2f3b58000318a317b42bc5fe30a6d0",
                            "nonSplicedCounts-HG00106.h5:md5,bc36f232634f47f6135a19ef17f05582",
                            "nonSplicedCounts-HG00111.h5:md5,76734eba5005572ab99f49a9952951d8",
                            "nonSplicedCounts-HG00116.h5:md5,e263e2acca877ee277f90690371745d2",
                            "nonSplicedCounts-HG00126.h5:md5,ae18d255773da9d1fa1e8b728d60c9b5",
                            "nonSplicedCounts-HG00132.h5:md5,ec1597bf538cff92db23f10a38badc9e",
                            "nonSplicedCounts-HG00149.h5:md5,482723fa1003c22f2fd43d16cc25c855",
                            "nonSplicedCounts-HG00150.h5:md5,a8cb4f09cf0758398bb4a89138d459fc",
                            "nonSplicedCounts-HG00176.h5:md5,26f50c198df1c86cb65af70012083ef5",
                            "spliceSiteCoordinates.RDS:md5,e1edeb02eacaf4c3eb33230e881a9557"
                        ]
                    ]
                ],
                "1": [
                    [
                        {
                            "id": "fraser"
                        },
                        [
                            "fds-object.RDS:md5,9ff37ae9c5568bbaadd9ea645903485f",
                            "rawCountsJ.h5:md5,91bd1f9db78b6d59c34385a8c87a6046",
                            "rawCountsSS.h5:md5,6999bb678154f265b85becb087797e62",
                            [
                                "assays.h5:md5,c6164dcf4634dbf871459c6fc7168818",
                                "se.rds:md5,4853852e7692b9364dcb076b5708665a"
                            ]
                        ]
                    ]
                ],
                "2": [
                    "versions.yml:md5,a1d0529f92ee1b06305a7e0b197e39f7"
                ],
                "cache": [
                    [
                        {
                            "id": "fraser"
                        },
                        [
                            "nonSplicedCounts-HG00096.h5:md5,a4d5d2ecdcf1f0e04b8f8a8e7d221588",
                            "nonSplicedCounts-HG00103.h5:md5,3a2f3b58000318a317b42bc5fe30a6d0",
                            "nonSplicedCounts-HG00106.h5:md5,bc36f232634f47f6135a19ef17f05582",
                            "nonSplicedCounts-HG00111.h5:md5,76734eba5005572ab99f49a9952951d8",
                            "nonSplicedCounts-HG00116.h5:md5,e263e2acca877ee277f90690371745d2",
                            "nonSplicedCounts-HG00126.h5:md5,ae18d255773da9d1fa1e8b728d60c9b5",
                            "nonSplicedCounts-HG00132.h5:md5,ec1597bf538cff92db23f10a38badc9e",
                            "nonSplicedCounts-HG00149.h5:md5,482723fa1003c22f2fd43d16cc25c855",
                            "nonSplicedCounts-HG00150.h5:md5,a8cb4f09cf0758398bb4a89138d459fc",
                            "nonSplicedCounts-HG00176.h5:md5,26f50c198df1c86cb65af70012083ef5",
                            "spliceSiteCoordinates.RDS:md5,e1edeb02eacaf4c3eb33230e881a9557"
                        ]
                    ]
                ],
                "fdsobj": [
                    [
                        {
                            "id": "fraser"
                        },
                        [
                            "fds-object.RDS:md5,9ff37ae9c5568bbaadd9ea645903485f",
                            "rawCountsJ.h5:md5,91bd1f9db78b6d59c34385a8c87a6046",
                            "rawCountsSS.h5:md5,6999bb678154f265b85becb087797e62",
                            [
                                "assays.h5:md5,c6164dcf4634dbf871459c6fc7168818",
                                "se.rds:md5,4853852e7692b9364dcb076b5708665a"
                            ]
                        ]
                    ]
                ],
                "versions": [
                    "versions.yml:md5,a1d0529f92ee1b06305a7e0b197e39f7"
                ]
            }
        ],
        "meta": {
            "nf-test": "0.9.2",
            "nextflow": "25.04.2"
        },
        "timestamp": "2025-06-30T14:34:20.77517099"
    },
    "homo_sapiens - fds, cache - true": {
        "content": [
            {
                "0": [
                    [
                        {
                            "id": "fraser"
                        },
                        [
                            "nonSplicedCounts-HG00096.h5:md5,a4d5d2ecdcf1f0e04b8f8a8e7d221588",
                            "nonSplicedCounts-HG00103.h5:md5,3a2f3b58000318a317b42bc5fe30a6d0",
                            "nonSplicedCounts-HG00106.h5:md5,bc36f232634f47f6135a19ef17f05582",
                            "nonSplicedCounts-HG00111.h5:md5,76734eba5005572ab99f49a9952951d8",
                            "nonSplicedCounts-HG00116.h5:md5,e263e2acca877ee277f90690371745d2",
                            "nonSplicedCounts-HG00126.h5:md5,ae18d255773da9d1fa1e8b728d60c9b5",
                            "nonSplicedCounts-HG00132.h5:md5,ec1597bf538cff92db23f10a38badc9e",
                            "nonSplicedCounts-HG00149.h5:md5,482723fa1003c22f2fd43d16cc25c855",
                            "nonSplicedCounts-HG00150.h5:md5,a8cb4f09cf0758398bb4a89138d459fc",
                            "nonSplicedCounts-HG00176.h5:md5,26f50c198df1c86cb65af70012083ef5",
                            "spliceSiteCoordinates.RDS:md5,e1edeb02eacaf4c3eb33230e881a9557"
                        ]
                    ]
                ],
                "1": [
                    [
                        {
                            "id": "fraser"
                        },
                        [
                            "fds-object.RDS:md5,9ff37ae9c5568bbaadd9ea645903485f",
                            "rawCountsJ.h5:md5,91bd1f9db78b6d59c34385a8c87a6046",
                            "rawCountsSS.h5:md5,6999bb678154f265b85becb087797e62",
                            [
                                "assays.h5:md5,c6164dcf4634dbf871459c6fc7168818",
                                "se.rds:md5,4853852e7692b9364dcb076b5708665a"
                            ]
                        ]
                    ]
                ],
                "2": [
                    "versions.yml:md5,a1d0529f92ee1b06305a7e0b197e39f7"
                ],
                "cache": [
                    [
                        {
                            "id": "fraser"
                        },
                        [
                            "nonSplicedCounts-HG00096.h5:md5,a4d5d2ecdcf1f0e04b8f8a8e7d221588",
                            "nonSplicedCounts-HG00103.h5:md5,3a2f3b58000318a317b42bc5fe30a6d0",
                            "nonSplicedCounts-HG00106.h5:md5,bc36f232634f47f6135a19ef17f05582",
                            "nonSplicedCounts-HG00111.h5:md5,76734eba5005572ab99f49a9952951d8",
                            "nonSplicedCounts-HG00116.h5:md5,e263e2acca877ee277f90690371745d2",
                            "nonSplicedCounts-HG00126.h5:md5,ae18d255773da9d1fa1e8b728d60c9b5",
                            "nonSplicedCounts-HG00132.h5:md5,ec1597bf538cff92db23f10a38badc9e",
                            "nonSplicedCounts-HG00149.h5:md5,482723fa1003c22f2fd43d16cc25c855",
                            "nonSplicedCounts-HG00150.h5:md5,a8cb4f09cf0758398bb4a89138d459fc",
                            "nonSplicedCounts-HG00176.h5:md5,26f50c198df1c86cb65af70012083ef5",
                            "spliceSiteCoordinates.RDS:md5,e1edeb02eacaf4c3eb33230e881a9557"
                        ]
                    ]
                ],
                "fdsobj": [
                    [
                        {
                            "id": "fraser"
                        },
                        [
                            "fds-object.RDS:md5,9ff37ae9c5568bbaadd9ea645903485f",
                            "rawCountsJ.h5:md5,91bd1f9db78b6d59c34385a8c87a6046",
                            "rawCountsSS.h5:md5,6999bb678154f265b85becb087797e62",
                            [
                                "assays.h5:md5,c6164dcf4634dbf871459c6fc7168818",
                                "se.rds:md5,4853852e7692b9364dcb076b5708665a"
                            ]
                        ]
                    ]
                ],
                "versions": [
                    "versions.yml:md5,a1d0529f92ee1b06305a7e0b197e39f7"
                ]
            }
        ],
        "meta": {
            "nf-test": "0.9.2",
            "nextflow": "25.04.2"
        },
        "timestamp": "2025-06-30T14:34:59.655449009"
    },
    "homo_sapiens - fds, cache - stub": {
        "content": [
            {
                "0": [
                    [
                        {
                            "id": "fraser"
                        },
                        [
                            "spliceSitesCoordinates.RDS:md5,d41d8cd98f00b204e9800998ecf8427e"
                        ]
                    ]
                ],
                "1": [
                    [
                        {
                            "id": "fraser"
                        },
                        [
                            "rawCountsSS.h5:md5,d41d8cd98f00b204e9800998ecf8427e"
                        ]
                    ]
                ],
                "2": [
                    "versions.yml:md5,a1d0529f92ee1b06305a7e0b197e39f7"
                ],
                "cache": [
                    [
                        {
                            "id": "fraser"
                        },
                        [
                            "spliceSitesCoordinates.RDS:md5,d41d8cd98f00b204e9800998ecf8427e"
                        ]
                    ]
                ],
                "fdsobj": [
                    [
                        {
                            "id": "fraser"
                        },
                        [
                            "rawCountsSS.h5:md5,d41d8cd98f00b204e9800998ecf8427e"
                        ]
                    ]
                ],
                "versions": [
                    "versions.yml:md5,a1d0529f92ee1b06305a7e0b197e39f7"
                ]
            }
        ],
        "meta": {
            "nf-test": "0.9.2",
            "nextflow": "25.04.6"
        },
        "timestamp": "2025-08-06T16:37:33.474936029"
    }
}