{
    "homo_sapiens - fds - true": {
        "content": [
            {
                "0": [
                    [
                        {
                            "id": "fraser"
                        },
                        [
                            [
                                "delta_jaccard.h5:md5,b02262cdbe16d757e8f1b4845d7309da",
                                "delta_psi3.h5:md5,86e9e11b158f3319b655fb8b86ca53d1",
                                "delta_psi5.h5:md5,773d12bcf117b8bf6e9f0bdc5c094cf1",
                                "delta_theta.h5:md5,567bda0ee5b017e1f3560785dfeb9b05",
                                "fds-object.RDS:md5,ade6e665bd3481978fcd7bc7a9b30e12",
                                "jaccard.h5:md5,2a65b5f0548d8c165fe19408dca72e64",
                                "psi3.h5:md5,e4718d51a2deba1a3eac0dd0ecfe725a",
                                "psi5.h5:md5,bc4a333776535472090ad585e8e006ef",
                                "rawCountsJ.h5:md5,64f8b27cc8cb2bc47de81f0a8cdf51e5",
                                "rawCountsJnonsplit.h5:md5,769e925164bf81231c9b325954171e6a",
                                "rawCountsSS.h5:md5,1bd7d5c2256f1c509142d8a779929f01",
                                "rawOtherCounts_jaccard.h5:md5,d58d42e65dff22a86e4351aa47d493a8",
                                "rawOtherCounts_psi3.h5:md5,bd03f8c0b41ef75dc1359dc7a68cd803",
                                "rawOtherCounts_psi5.h5:md5,0180d3be300d91d89a2015a5e11e84ca",
                                "rawOtherCounts_theta.h5:md5,5bb65524e01020eae46c765c31feadf0",
                                "theta.h5:md5,45e4ee34c95792a5b15f566fcadeee21"
                            ],
                            [
                                "delta_jaccard.h5:md5,2a1022d634357748c6acd9bda33747f0",
                                "delta_psi3.h5:md5,ab749958175f8b46beb46d5e1f657645",
                                "delta_psi5.h5:md5,9c00fcac7bd4b218f95b2fc445fc6fc9",
                                "delta_theta.h5:md5,c6ea30cb65ab73d8e657eb4919d2db0c",
                                "fds-object.RDS:md5,fed2a21bfb93c63ab94791343caf8365",
                                "jaccard.h5:md5,04c24f751fe74163496b039972d7c62d",
                                "psi3.h5:md5,80442471cd7dbbaf613a75851ec32f94",
                                "psi5.h5:md5,38b8486de65d2d0ae11d0a45fb249aed",
                                "rawCountsJ.h5:md5,91bd1f9db78b6d59c34385a8c87a6046",
                                "rawCountsJnonsplit.h5:md5,05b0837cd06a55a9886f291363c343e6",
                                "rawCountsSS.h5:md5,6999bb678154f265b85becb087797e62",
                                "rawOtherCounts_jaccard.h5:md5,353760bceb963af4529f4fb37a5eae70",
                                "rawOtherCounts_psi3.h5:md5,a20e287b7eb4e31831b8b759c8e94e9a",
                                "rawOtherCounts_psi5.h5:md5,46080b47e894191306c9383b7da25541",
                                "rawOtherCounts_theta.h5:md5,bf4eeac2b94ff42737bb04eb311e63c0",
                                "theta.h5:md5,a4ca6ac3d120df7f93a06b248ccdb9f1"
                            ],
                            [
                                "delta_jaccard.h5:md5,2a1022d634357748c6acd9bda33747f0",
                                "delta_psi3.h5:md5,ab749958175f8b46beb46d5e1f657645",
                                "delta_psi5.h5:md5,9c00fcac7bd4b218f95b2fc445fc6fc9",
                                "delta_theta.h5:md5,c6ea30cb65ab73d8e657eb4919d2db0c",
                                "fds-object.RDS:md5,7a3e51bda47e8c9463ffba7af83a56cb",
                                "jaccard.h5:md5,04c24f751fe74163496b039972d7c62d",
                                "psi3.h5:md5,ac5cceee56e7a1c7c03f05c0b7c6f0d1",
                                "psi5.h5:md5,a1cd76b99b67f94c1bb779b6e42a0b3c",
                                "rawCountsJ.h5:md5,91bd1f9db78b6d59c34385a8c87a6046",
                                "rawCountsJnonsplit.h5:md5,712d295fa75fadc03b1aeaf91dbdae79",
                                "rawCountsSS.h5:md5,6999bb678154f265b85becb087797e62",
                                "rawOtherCounts_jaccard.h5:md5,353760bceb963af4529f4fb37a5eae70",
                                "rawOtherCounts_psi3.h5:md5,4627141c935096c7c9257ffde1b9068a",
                                "rawOtherCounts_psi5.h5:md5,321349f3d447344f980d01b5171b7452",
                                "rawOtherCounts_theta.h5:md5,7f038cc031d532acf4ecf2dbf71d4ed9",
                                [
                                    "assays.h5:md5,c6164dcf4634dbf871459c6fc7168818",
                                    "se.rds:md5,4853852e7692b9364dcb076b5708665a"
                                ],
                                "theta.h5:md5,ee5ecf2d3bee18c35ae2ad2abe41aa90"
                            ]
                        ]
                    ]
                ],
                "1": [
                    "versions.yml:md5,d90b29d9198ef39d8400270d5c05e2c3"
                ],
                "fdsobj": [
                    [
                        {
                            "id": "fraser"
                        },
                        [
                            [
                                "delta_jaccard.h5:md5,b02262cdbe16d757e8f1b4845d7309da",
                                "delta_psi3.h5:md5,86e9e11b158f3319b655fb8b86ca53d1",
                                "delta_psi5.h5:md5,773d12bcf117b8bf6e9f0bdc5c094cf1",
                                "delta_theta.h5:md5,567bda0ee5b017e1f3560785dfeb9b05",
                                "fds-object.RDS:md5,ade6e665bd3481978fcd7bc7a9b30e12",
                                "jaccard.h5:md5,2a65b5f0548d8c165fe19408dca72e64",
                                "psi3.h5:md5,e4718d51a2deba1a3eac0dd0ecfe725a",
                                "psi5.h5:md5,bc4a333776535472090ad585e8e006ef",
                                "rawCountsJ.h5:md5,64f8b27cc8cb2bc47de81f0a8cdf51e5",
                                "rawCountsJnonsplit.h5:md5,769e925164bf81231c9b325954171e6a",
                                "rawCountsSS.h5:md5,1bd7d5c2256f1c509142d8a779929f01",
                                "rawOtherCounts_jaccard.h5:md5,d58d42e65dff22a86e4351aa47d493a8",
                                "rawOtherCounts_psi3.h5:md5,bd03f8c0b41ef75dc1359dc7a68cd803",
                                "rawOtherCounts_psi5.h5:md5,0180d3be300d91d89a2015a5e11e84ca",
                                "rawOtherCounts_theta.h5:md5,5bb65524e01020eae46c765c31feadf0",
                                "theta.h5:md5,45e4ee34c95792a5b15f566fcadeee21"
                            ],
                            [
                                "delta_jaccard.h5:md5,2a1022d634357748c6acd9bda33747f0",
                                "delta_psi3.h5:md5,ab749958175f8b46beb46d5e1f657645",
                                "delta_psi5.h5:md5,9c00fcac7bd4b218f95b2fc445fc6fc9",
                                "delta_theta.h5:md5,c6ea30cb65ab73d8e657eb4919d2db0c",
                                "fds-object.RDS:md5,fed2a21bfb93c63ab94791343caf8365",
                                "jaccard.h5:md5,04c24f751fe74163496b039972d7c62d",
                                "psi3.h5:md5,80442471cd7dbbaf613a75851ec32f94",
                                "psi5.h5:md5,38b8486de65d2d0ae11d0a45fb249aed",
                                "rawCountsJ.h5:md5,91bd1f9db78b6d59c34385a8c87a6046",
                                "rawCountsJnonsplit.h5:md5,05b0837cd06a55a9886f291363c343e6",
                                "rawCountsSS.h5:md5,6999bb678154f265b85becb087797e62",
                                "rawOtherCounts_jaccard.h5:md5,353760bceb963af4529f4fb37a5eae70",
                                "rawOtherCounts_psi3.h5:md5,a20e287b7eb4e31831b8b759c8e94e9a",
                                "rawOtherCounts_psi5.h5:md5,46080b47e894191306c9383b7da25541",
                                "rawOtherCounts_theta.h5:md5,bf4eeac2b94ff42737bb04eb311e63c0",
                                "theta.h5:md5,a4ca6ac3d120df7f93a06b248ccdb9f1"
                            ],
                            [
                                "delta_jaccard.h5:md5,2a1022d634357748c6acd9bda33747f0",
                                "delta_psi3.h5:md5,ab749958175f8b46beb46d5e1f657645",
                                "delta_psi5.h5:md5,9c00fcac7bd4b218f95b2fc445fc6fc9",
                                "delta_theta.h5:md5,c6ea30cb65ab73d8e657eb4919d2db0c",
                                "fds-object.RDS:md5,7a3e51bda47e8c9463ffba7af83a56cb",
                                "jaccard.h5:md5,04c24f751fe74163496b039972d7c62d",
                                "psi3.h5:md5,ac5cceee56e7a1c7c03f05c0b7c6f0d1",
                                "psi5.h5:md5,a1cd76b99b67f94c1bb779b6e42a0b3c",
                                "rawCountsJ.h5:md5,91bd1f9db78b6d59c34385a8c87a6046",
                                "rawCountsJnonsplit.h5:md5,712d295fa75fadc03b1aeaf91dbdae79",
                                "rawCountsSS.h5:md5,6999bb678154f265b85becb087797e62",
                                "rawOtherCounts_jaccard.h5:md5,353760bceb963af4529f4fb37a5eae70",
                                "rawOtherCounts_psi3.h5:md5,4627141c935096c7c9257ffde1b9068a",
                                "rawOtherCounts_psi5.h5:md5,321349f3d447344f980d01b5171b7452",
                                "rawOtherCounts_theta.h5:md5,7f038cc031d532acf4ecf2dbf71d4ed9",
                                [
                                    "assays.h5:md5,c6164dcf4634dbf871459c6fc7168818",
                                    "se.rds:md5,4853852e7692b9364dcb076b5708665a"
                                ],
                                "theta.h5:md5,ee5ecf2d3bee18c35ae2ad2abe41aa90"
                            ]
                        ]
                    ]
                ],
                "versions": [
                    "versions.yml:md5,d90b29d9198ef39d8400270d5c05e2c3"
                ]
            }
        ],
        "meta": {
            "nf-test": "0.9.2",
            "nextflow": "25.04.2"
        },
        "timestamp": "2025-06-24T10:04:37.890875105"
    },
    "homo_sapiens - fds - stub": {
        "content": [
            {
                "0": [
                    [
                        {
                            "id": "fraser"
                        },
                        [
                            [
                                "delta_jaccard.h5:md5,d41d8cd98f00b204e9800998ecf8427e",
                                "delta_psi3.h5:md5,d41d8cd98f00b204e9800998ecf8427e",
                                "delta_psi5.h5:md5,d41d8cd98f00b204e9800998ecf8427e",
                                "delta_theta.h5:md5,d41d8cd98f00b204e9800998ecf8427e",
                                "fds-object.RDS:md5,d41d8cd98f00b204e9800998ecf8427e",
                                "jaccard.h5:md5,d41d8cd98f00b204e9800998ecf8427e",
                                "psi3.h5:md5,d41d8cd98f00b204e9800998ecf8427e",
                                "psi5.h5:md5,d41d8cd98f00b204e9800998ecf8427e",
                                "rawCountsJ.h5:md5,d41d8cd98f00b204e9800998ecf8427e",
                                "rawCountsJnonsplit.h5:md5,d41d8cd98f00b204e9800998ecf8427e",
                                "rawCountsSS.h5:md5,d41d8cd98f00b204e9800998ecf8427e",
                                "rawOtherCounts_jaccard.h5:md5,d41d8cd98f00b204e9800998ecf8427e",
                                "rawOtherCounts_psi3.h5:md5,d41d8cd98f00b204e9800998ecf8427e",
                                "rawOtherCounts_psi5.h5:md5,d41d8cd98f00b204e9800998ecf8427e",
                                "rawOtherCounts_theta.h5:md5,d41d8cd98f00b204e9800998ecf8427e",
                                "theta.h5:md5,d41d8cd98f00b204e9800998ecf8427e"
                            ],
                            [
                                "delta_jaccard.h5:md5,d41d8cd98f00b204e9800998ecf8427e",
                                "delta_psi3.h5:md5,d41d8cd98f00b204e9800998ecf8427e",
                                "delta_psi5.h5:md5,d41d8cd98f00b204e9800998ecf8427e",
                                "delta_theta.h5:md5,d41d8cd98f00b204e9800998ecf8427e",
                                "fds-object.RDS:md5,d41d8cd98f00b204e9800998ecf8427e",
                                "jaccard.h5:md5,d41d8cd98f00b204e9800998ecf8427e",
                                "psi3.h5:md5,d41d8cd98f00b204e9800998ecf8427e",
                                "psi5.h5:md5,d41d8cd98f00b204e9800998ecf8427e",
                                "rawCountsJ.h5:md5,d41d8cd98f00b204e9800998ecf8427e",
                                "rawCountsJnonsplit.h5:md5,d41d8cd98f00b204e9800998ecf8427e",
                                "rawCountsSS.h5:md5,d41d8cd98f00b204e9800998ecf8427e",
                                "rawOtherCounts_jaccard.h5:md5,d41d8cd98f00b204e9800998ecf8427e",
                                "rawOtherCounts_psi3.h5:md5,d41d8cd98f00b204e9800998ecf8427e",
                                "rawOtherCounts_psi5.h5:md5,d41d8cd98f00b204e9800998ecf8427e",
                                "rawOtherCounts_theta.h5:md5,d41d8cd98f00b204e9800998ecf8427e",
                                "theta.h5:md5,d41d8cd98f00b204e9800998ecf8427e"
                            ],
                            [
                                "delta_jaccard.h5:md5,d41d8cd98f00b204e9800998ecf8427e",
                                "delta_psi3.h5:md5,d41d8cd98f00b204e9800998ecf8427e",
                                "delta_psi5.h5:md5,d41d8cd98f00b204e9800998ecf8427e",
                                "delta_theta.h5:md5,d41d8cd98f00b204e9800998ecf8427e",
                                "fds-object.RDS:md5,d41d8cd98f00b204e9800998ecf8427e",
                                "jaccard.h5:md5,d41d8cd98f00b204e9800998ecf8427e",
                                "psi3.h5:md5,d41d8cd98f00b204e9800998ecf8427e",
                                "psi5.h5:md5,d41d8cd98f00b204e9800998ecf8427e",
                                "rawCountsJ.h5:md5,d41d8cd98f00b204e9800998ecf8427e",
                                "rawCountsJnonsplit.h5:md5,d41d8cd98f00b204e9800998ecf8427e",
                                "rawCountsSS.h5:md5,d41d8cd98f00b204e9800998ecf8427e",
                                "rawOtherCounts_jaccard.h5:md5,d41d8cd98f00b204e9800998ecf8427e",
                                "rawOtherCounts_psi3.h5:md5,d41d8cd98f00b204e9800998ecf8427e",
                                "rawOtherCounts_psi5.h5:md5,d41d8cd98f00b204e9800998ecf8427e",
                                "rawOtherCounts_theta.h5:md5,d41d8cd98f00b204e9800998ecf8427e",
                                [
                                    "assays.h5:md5,d41d8cd98f00b204e9800998ecf8427e",
                                    "se.rds:md5,d41d8cd98f00b204e9800998ecf8427e"
                                ],
                                "theta.h5:md5,d41d8cd98f00b204e9800998ecf8427e"
                            ]
                        ]
                    ]
                ],
                "1": [
                    "versions.yml:md5,d90b29d9198ef39d8400270d5c05e2c3"
                ],
                "fdsobj": [
                    [
                        {
                            "id": "fraser"
                        },
                        [
                            [
                                "delta_jaccard.h5:md5,d41d8cd98f00b204e9800998ecf8427e",
                                "delta_psi3.h5:md5,d41d8cd98f00b204e9800998ecf8427e",
                                "delta_psi5.h5:md5,d41d8cd98f00b204e9800998ecf8427e",
                                "delta_theta.h5:md5,d41d8cd98f00b204e9800998ecf8427e",
                                "fds-object.RDS:md5,d41d8cd98f00b204e9800998ecf8427e",
                                "jaccard.h5:md5,d41d8cd98f00b204e9800998ecf8427e",
                                "psi3.h5:md5,d41d8cd98f00b204e9800998ecf8427e",
                                "psi5.h5:md5,d41d8cd98f00b204e9800998ecf8427e",
                                "rawCountsJ.h5:md5,d41d8cd98f00b204e9800998ecf8427e",
                                "rawCountsJnonsplit.h5:md5,d41d8cd98f00b204e9800998ecf8427e",
                                "rawCountsSS.h5:md5,d41d8cd98f00b204e9800998ecf8427e",
                                "rawOtherCounts_jaccard.h5:md5,d41d8cd98f00b204e9800998ecf8427e",
                                "rawOtherCounts_psi3.h5:md5,d41d8cd98f00b204e9800998ecf8427e",
                                "rawOtherCounts_psi5.h5:md5,d41d8cd98f00b204e9800998ecf8427e",
                                "rawOtherCounts_theta.h5:md5,d41d8cd98f00b204e9800998ecf8427e",
                                "theta.h5:md5,d41d8cd98f00b204e9800998ecf8427e"
                            ],
                            [
                                "delta_jaccard.h5:md5,d41d8cd98f00b204e9800998ecf8427e",
                                "delta_psi3.h5:md5,d41d8cd98f00b204e9800998ecf8427e",
                                "delta_psi5.h5:md5,d41d8cd98f00b204e9800998ecf8427e",
                                "delta_theta.h5:md5,d41d8cd98f00b204e9800998ecf8427e",
                                "fds-object.RDS:md5,d41d8cd98f00b204e9800998ecf8427e",
                                "jaccard.h5:md5,d41d8cd98f00b204e9800998ecf8427e",
                                "psi3.h5:md5,d41d8cd98f00b204e9800998ecf8427e",
                                "psi5.h5:md5,d41d8cd98f00b204e9800998ecf8427e",
                                "rawCountsJ.h5:md5,d41d8cd98f00b204e9800998ecf8427e",
                                "rawCountsJnonsplit.h5:md5,d41d8cd98f00b204e9800998ecf8427e",
                                "rawCountsSS.h5:md5,d41d8cd98f00b204e9800998ecf8427e",
                                "rawOtherCounts_jaccard.h5:md5,d41d8cd98f00b204e9800998ecf8427e",
                                "rawOtherCounts_psi3.h5:md5,d41d8cd98f00b204e9800998ecf8427e",
                                "rawOtherCounts_psi5.h5:md5,d41d8cd98f00b204e9800998ecf8427e",
                                "rawOtherCounts_theta.h5:md5,d41d8cd98f00b204e9800998ecf8427e",
                                "theta.h5:md5,d41d8cd98f00b204e9800998ecf8427e"
                            ],
                            [
                                "delta_jaccard.h5:md5,d41d8cd98f00b204e9800998ecf8427e",
                                "delta_psi3.h5:md5,d41d8cd98f00b204e9800998ecf8427e",
                                "delta_psi5.h5:md5,d41d8cd98f00b204e9800998ecf8427e",
                                "delta_theta.h5:md5,d41d8cd98f00b204e9800998ecf8427e",
                                "fds-object.RDS:md5,d41d8cd98f00b204e9800998ecf8427e",
                                "jaccard.h5:md5,d41d8cd98f00b204e9800998ecf8427e",
                                "psi3.h5:md5,d41d8cd98f00b204e9800998ecf8427e",
                                "psi5.h5:md5,d41d8cd98f00b204e9800998ecf8427e",
                                "rawCountsJ.h5:md5,d41d8cd98f00b204e9800998ecf8427e",
                                "rawCountsJnonsplit.h5:md5,d41d8cd98f00b204e9800998ecf8427e",
                                "rawCountsSS.h5:md5,d41d8cd98f00b204e9800998ecf8427e",
                                "rawOtherCounts_jaccard.h5:md5,d41d8cd98f00b204e9800998ecf8427e",
                                "rawOtherCounts_psi3.h5:md5,d41d8cd98f00b204e9800998ecf8427e",
                                "rawOtherCounts_psi5.h5:md5,d41d8cd98f00b204e9800998ecf8427e",
                                "rawOtherCounts_theta.h5:md5,d41d8cd98f00b204e9800998ecf8427e",
                                [
                                    "assays.h5:md5,d41d8cd98f00b204e9800998ecf8427e",
                                    "se.rds:md5,d41d8cd98f00b204e9800998ecf8427e"
                                ],
                                "theta.h5:md5,d41d8cd98f00b204e9800998ecf8427e"
                            ]
                        ]
                    ]
                ],
                "versions": [
                    "versions.yml:md5,d90b29d9198ef39d8400270d5c05e2c3"
                ]
            }
        ],
        "meta": {
            "nf-test": "0.9.2",
            "nextflow": "25.04.2"
        },
        "timestamp": "2025-06-24T10:05:58.142334687"
    },
    "homo_sapiens - fds - false": {
        "content": [
            {
                "0": [
                    [
                        {
                            "id": "fraser"
                        },
                        [
                            [
                                "delta_jaccard.h5:md5,b02262cdbe16d757e8f1b4845d7309da",
                                "delta_psi3.h5:md5,86e9e11b158f3319b655fb8b86ca53d1",
                                "delta_psi5.h5:md5,773d12bcf117b8bf6e9f0bdc5c094cf1",
                                "delta_theta.h5:md5,567bda0ee5b017e1f3560785dfeb9b05",
                                "fds-object.RDS:md5,0bfccbe7e81e1de5052698e9575ed7bf",
                                "jaccard.h5:md5,2a65b5f0548d8c165fe19408dca72e64",
                                "psi3.h5:md5,e4718d51a2deba1a3eac0dd0ecfe725a",
                                "psi5.h5:md5,bc4a333776535472090ad585e8e006ef",
                                "rawCountsJ.h5:md5,64f8b27cc8cb2bc47de81f0a8cdf51e5",
                                "rawCountsJnonsplit.h5:md5,769e925164bf81231c9b325954171e6a",
                                "rawCountsSS.h5:md5,1bd7d5c2256f1c509142d8a779929f01",
                                "rawOtherCounts_jaccard.h5:md5,d58d42e65dff22a86e4351aa47d493a8",
                                "rawOtherCounts_psi3.h5:md5,bd03f8c0b41ef75dc1359dc7a68cd803",
                                "rawOtherCounts_psi5.h5:md5,0180d3be300d91d89a2015a5e11e84ca",
                                "rawOtherCounts_theta.h5:md5,5bb65524e01020eae46c765c31feadf0",
                                "theta.h5:md5,45e4ee34c95792a5b15f566fcadeee21"
                            ],
                            [
                                "delta_jaccard.h5:md5,2a1022d634357748c6acd9bda33747f0",
                                "delta_psi3.h5:md5,ab749958175f8b46beb46d5e1f657645",
                                "delta_psi5.h5:md5,9c00fcac7bd4b218f95b2fc445fc6fc9",
                                "delta_theta.h5:md5,c6ea30cb65ab73d8e657eb4919d2db0c",
                                "fds-object.RDS:md5,fed2a21bfb93c63ab94791343caf8365",
                                "jaccard.h5:md5,04c24f751fe74163496b039972d7c62d",
                                "psi3.h5:md5,80442471cd7dbbaf613a75851ec32f94",
                                "psi5.h5:md5,38b8486de65d2d0ae11d0a45fb249aed",
                                "rawCountsJ.h5:md5,91bd1f9db78b6d59c34385a8c87a6046",
                                "rawCountsJnonsplit.h5:md5,05b0837cd06a55a9886f291363c343e6",
                                "rawCountsSS.h5:md5,6999bb678154f265b85becb087797e62",
                                "rawOtherCounts_jaccard.h5:md5,353760bceb963af4529f4fb37a5eae70",
                                "rawOtherCounts_psi3.h5:md5,a20e287b7eb4e31831b8b759c8e94e9a",
                                "rawOtherCounts_psi5.h5:md5,46080b47e894191306c9383b7da25541",
                                "rawOtherCounts_theta.h5:md5,bf4eeac2b94ff42737bb04eb311e63c0",
                                "theta.h5:md5,a4ca6ac3d120df7f93a06b248ccdb9f1"
                            ],
                            [
                                "delta_jaccard.h5:md5,2a1022d634357748c6acd9bda33747f0",
                                "delta_psi3.h5:md5,ab749958175f8b46beb46d5e1f657645",
                                "delta_psi5.h5:md5,9c00fcac7bd4b218f95b2fc445fc6fc9",
                                "delta_theta.h5:md5,c6ea30cb65ab73d8e657eb4919d2db0c",
                                "fds-object.RDS:md5,7a3e51bda47e8c9463ffba7af83a56cb",
                                "jaccard.h5:md5,04c24f751fe74163496b039972d7c62d",
                                "psi3.h5:md5,ac5cceee56e7a1c7c03f05c0b7c6f0d1",
                                "psi5.h5:md5,a1cd76b99b67f94c1bb779b6e42a0b3c",
                                "rawCountsJ.h5:md5,91bd1f9db78b6d59c34385a8c87a6046",
                                "rawCountsJnonsplit.h5:md5,712d295fa75fadc03b1aeaf91dbdae79",
                                "rawCountsSS.h5:md5,6999bb678154f265b85becb087797e62",
                                "rawOtherCounts_jaccard.h5:md5,353760bceb963af4529f4fb37a5eae70",
                                "rawOtherCounts_psi3.h5:md5,4627141c935096c7c9257ffde1b9068a",
                                "rawOtherCounts_psi5.h5:md5,321349f3d447344f980d01b5171b7452",
                                "rawOtherCounts_theta.h5:md5,7f038cc031d532acf4ecf2dbf71d4ed9",
                                [
                                    "assays.h5:md5,c6164dcf4634dbf871459c6fc7168818",
                                    "se.rds:md5,4853852e7692b9364dcb076b5708665a"
                                ],
                                "theta.h5:md5,ee5ecf2d3bee18c35ae2ad2abe41aa90"
                            ]
                        ]
                    ]
                ],
                "1": [
                    "versions.yml:md5,d90b29d9198ef39d8400270d5c05e2c3"
                ],
                "fdsobj": [
                    [
                        {
                            "id": "fraser"
                        },
                        [
                            [
                                "delta_jaccard.h5:md5,b02262cdbe16d757e8f1b4845d7309da",
                                "delta_psi3.h5:md5,86e9e11b158f3319b655fb8b86ca53d1",
                                "delta_psi5.h5:md5,773d12bcf117b8bf6e9f0bdc5c094cf1",
                                "delta_theta.h5:md5,567bda0ee5b017e1f3560785dfeb9b05",
                                "fds-object.RDS:md5,0bfccbe7e81e1de5052698e9575ed7bf",
                                "jaccard.h5:md5,2a65b5f0548d8c165fe19408dca72e64",
                                "psi3.h5:md5,e4718d51a2deba1a3eac0dd0ecfe725a",
                                "psi5.h5:md5,bc4a333776535472090ad585e8e006ef",
                                "rawCountsJ.h5:md5,64f8b27cc8cb2bc47de81f0a8cdf51e5",
                                "rawCountsJnonsplit.h5:md5,769e925164bf81231c9b325954171e6a",
                                "rawCountsSS.h5:md5,1bd7d5c2256f1c509142d8a779929f01",
                                "rawOtherCounts_jaccard.h5:md5,d58d42e65dff22a86e4351aa47d493a8",
                                "rawOtherCounts_psi3.h5:md5,bd03f8c0b41ef75dc1359dc7a68cd803",
                                "rawOtherCounts_psi5.h5:md5,0180d3be300d91d89a2015a5e11e84ca",
                                "rawOtherCounts_theta.h5:md5,5bb65524e01020eae46c765c31feadf0",
                                "theta.h5:md5,45e4ee34c95792a5b15f566fcadeee21"
                            ],
                            [
                                "delta_jaccard.h5:md5,2a1022d634357748c6acd9bda33747f0",
                                "delta_psi3.h5:md5,ab749958175f8b46beb46d5e1f657645",
                                "delta_psi5.h5:md5,9c00fcac7bd4b218f95b2fc445fc6fc9",
                                "delta_theta.h5:md5,c6ea30cb65ab73d8e657eb4919d2db0c",
                                "fds-object.RDS:md5,fed2a21bfb93c63ab94791343caf8365",
                                "jaccard.h5:md5,04c24f751fe74163496b039972d7c62d",
                                "psi3.h5:md5,80442471cd7dbbaf613a75851ec32f94",
                                "psi5.h5:md5,38b8486de65d2d0ae11d0a45fb249aed",
                                "rawCountsJ.h5:md5,91bd1f9db78b6d59c34385a8c87a6046",
                                "rawCountsJnonsplit.h5:md5,05b0837cd06a55a9886f291363c343e6",
                                "rawCountsSS.h5:md5,6999bb678154f265b85becb087797e62",
                                "rawOtherCounts_jaccard.h5:md5,353760bceb963af4529f4fb37a5eae70",
                                "rawOtherCounts_psi3.h5:md5,a20e287b7eb4e31831b8b759c8e94e9a",
                                "rawOtherCounts_psi5.h5:md5,46080b47e894191306c9383b7da25541",
                                "rawOtherCounts_theta.h5:md5,bf4eeac2b94ff42737bb04eb311e63c0",
                                "theta.h5:md5,a4ca6ac3d120df7f93a06b248ccdb9f1"
                            ],
                            [
                                "delta_jaccard.h5:md5,2a1022d634357748c6acd9bda33747f0",
                                "delta_psi3.h5:md5,ab749958175f8b46beb46d5e1f657645",
                                "delta_psi5.h5:md5,9c00fcac7bd4b218f95b2fc445fc6fc9",
                                "delta_theta.h5:md5,c6ea30cb65ab73d8e657eb4919d2db0c",
                                "fds-object.RDS:md5,7a3e51bda47e8c9463ffba7af83a56cb",
                                "jaccard.h5:md5,04c24f751fe74163496b039972d7c62d",
                                "psi3.h5:md5,ac5cceee56e7a1c7c03f05c0b7c6f0d1",
                                "psi5.h5:md5,a1cd76b99b67f94c1bb779b6e42a0b3c",
                                "rawCountsJ.h5:md5,91bd1f9db78b6d59c34385a8c87a6046",
                                "rawCountsJnonsplit.h5:md5,712d295fa75fadc03b1aeaf91dbdae79",
                                "rawCountsSS.h5:md5,6999bb678154f265b85becb087797e62",
                                "rawOtherCounts_jaccard.h5:md5,353760bceb963af4529f4fb37a5eae70",
                                "rawOtherCounts_psi3.h5:md5,4627141c935096c7c9257ffde1b9068a",
                                "rawOtherCounts_psi5.h5:md5,321349f3d447344f980d01b5171b7452",
                                "rawOtherCounts_theta.h5:md5,7f038cc031d532acf4ecf2dbf71d4ed9",
                                [
                                    "assays.h5:md5,c6164dcf4634dbf871459c6fc7168818",
                                    "se.rds:md5,4853852e7692b9364dcb076b5708665a"
                                ],
                                "theta.h5:md5,ee5ecf2d3bee18c35ae2ad2abe41aa90"
                            ]
                        ]
                    ]
                ],
                "versions": [
                    "versions.yml:md5,d90b29d9198ef39d8400270d5c05e2c3"
                ]
            }
        ],
        "meta": {
            "nf-test": "0.9.2",
            "nextflow": "25.04.2"
        },
        "timestamp": "2025-06-24T10:03:25.228826633"
    },
    "homo_sapiens - fds - int": {
        "content": [
            {
                "0": [
                    [
                        {
                            "id": "fraser"
                        },
                        [
                            [
                                "delta_jaccard.h5:md5,b02262cdbe16d757e8f1b4845d7309da",
                                "delta_psi3.h5:md5,86e9e11b158f3319b655fb8b86ca53d1",
                                "delta_psi5.h5:md5,773d12bcf117b8bf6e9f0bdc5c094cf1",
                                "delta_theta.h5:md5,567bda0ee5b017e1f3560785dfeb9b05",
                                "fds-object.RDS:md5,90bd953a32d3c4785cceaa3659197c5a",
                                "jaccard.h5:md5,2a65b5f0548d8c165fe19408dca72e64",
                                "psi3.h5:md5,e4718d51a2deba1a3eac0dd0ecfe725a",
                                "psi5.h5:md5,bc4a333776535472090ad585e8e006ef",
                                "rawCountsJ.h5:md5,64f8b27cc8cb2bc47de81f0a8cdf51e5",
                                "rawCountsJnonsplit.h5:md5,769e925164bf81231c9b325954171e6a",
                                "rawCountsSS.h5:md5,1bd7d5c2256f1c509142d8a779929f01",
                                "rawOtherCounts_jaccard.h5:md5,d58d42e65dff22a86e4351aa47d493a8",
                                "rawOtherCounts_psi3.h5:md5,bd03f8c0b41ef75dc1359dc7a68cd803",
                                "rawOtherCounts_psi5.h5:md5,0180d3be300d91d89a2015a5e11e84ca",
                                "rawOtherCounts_theta.h5:md5,5bb65524e01020eae46c765c31feadf0",
                                "theta.h5:md5,45e4ee34c95792a5b15f566fcadeee21"
                            ],
                            [
                                "delta_jaccard.h5:md5,2a1022d634357748c6acd9bda33747f0",
                                "delta_psi3.h5:md5,ab749958175f8b46beb46d5e1f657645",
                                "delta_psi5.h5:md5,9c00fcac7bd4b218f95b2fc445fc6fc9",
                                "delta_theta.h5:md5,c6ea30cb65ab73d8e657eb4919d2db0c",
                                "fds-object.RDS:md5,fed2a21bfb93c63ab94791343caf8365",
                                "jaccard.h5:md5,04c24f751fe74163496b039972d7c62d",
                                "psi3.h5:md5,80442471cd7dbbaf613a75851ec32f94",
                                "psi5.h5:md5,38b8486de65d2d0ae11d0a45fb249aed",
                                "rawCountsJ.h5:md5,91bd1f9db78b6d59c34385a8c87a6046",
                                "rawCountsJnonsplit.h5:md5,05b0837cd06a55a9886f291363c343e6",
                                "rawCountsSS.h5:md5,6999bb678154f265b85becb087797e62",
                                "rawOtherCounts_jaccard.h5:md5,353760bceb963af4529f4fb37a5eae70",
                                "rawOtherCounts_psi3.h5:md5,a20e287b7eb4e31831b8b759c8e94e9a",
                                "rawOtherCounts_psi5.h5:md5,46080b47e894191306c9383b7da25541",
                                "rawOtherCounts_theta.h5:md5,bf4eeac2b94ff42737bb04eb311e63c0",
                                "theta.h5:md5,a4ca6ac3d120df7f93a06b248ccdb9f1"
                            ],
                            [
                                "delta_jaccard.h5:md5,2a1022d634357748c6acd9bda33747f0",
                                "delta_psi3.h5:md5,ab749958175f8b46beb46d5e1f657645",
                                "delta_psi5.h5:md5,9c00fcac7bd4b218f95b2fc445fc6fc9",
                                "delta_theta.h5:md5,c6ea30cb65ab73d8e657eb4919d2db0c",
                                "fds-object.RDS:md5,7a3e51bda47e8c9463ffba7af83a56cb",
                                "jaccard.h5:md5,04c24f751fe74163496b039972d7c62d",
                                "psi3.h5:md5,ac5cceee56e7a1c7c03f05c0b7c6f0d1",
                                "psi5.h5:md5,a1cd76b99b67f94c1bb779b6e42a0b3c",
                                "rawCountsJ.h5:md5,91bd1f9db78b6d59c34385a8c87a6046",
                                "rawCountsJnonsplit.h5:md5,712d295fa75fadc03b1aeaf91dbdae79",
                                "rawCountsSS.h5:md5,6999bb678154f265b85becb087797e62",
                                "rawOtherCounts_jaccard.h5:md5,353760bceb963af4529f4fb37a5eae70",
                                "rawOtherCounts_psi3.h5:md5,4627141c935096c7c9257ffde1b9068a",
                                "rawOtherCounts_psi5.h5:md5,321349f3d447344f980d01b5171b7452",
                                "rawOtherCounts_theta.h5:md5,7f038cc031d532acf4ecf2dbf71d4ed9",
                                [
                                    "assays.h5:md5,c6164dcf4634dbf871459c6fc7168818",
                                    "se.rds:md5,4853852e7692b9364dcb076b5708665a"
                                ],
                                "theta.h5:md5,ee5ecf2d3bee18c35ae2ad2abe41aa90"
                            ]
                        ]
                    ]
                ],
                "1": [
                    "versions.yml:md5,d90b29d9198ef39d8400270d5c05e2c3"
                ],
                "fdsobj": [
                    [
                        {
                            "id": "fraser"
                        },
                        [
                            [
                                "delta_jaccard.h5:md5,b02262cdbe16d757e8f1b4845d7309da",
                                "delta_psi3.h5:md5,86e9e11b158f3319b655fb8b86ca53d1",
                                "delta_psi5.h5:md5,773d12bcf117b8bf6e9f0bdc5c094cf1",
                                "delta_theta.h5:md5,567bda0ee5b017e1f3560785dfeb9b05",
                                "fds-object.RDS:md5,90bd953a32d3c4785cceaa3659197c5a",
                                "jaccard.h5:md5,2a65b5f0548d8c165fe19408dca72e64",
                                "psi3.h5:md5,e4718d51a2deba1a3eac0dd0ecfe725a",
                                "psi5.h5:md5,bc4a333776535472090ad585e8e006ef",
                                "rawCountsJ.h5:md5,64f8b27cc8cb2bc47de81f0a8cdf51e5",
                                "rawCountsJnonsplit.h5:md5,769e925164bf81231c9b325954171e6a",
                                "rawCountsSS.h5:md5,1bd7d5c2256f1c509142d8a779929f01",
                                "rawOtherCounts_jaccard.h5:md5,d58d42e65dff22a86e4351aa47d493a8",
                                "rawOtherCounts_psi3.h5:md5,bd03f8c0b41ef75dc1359dc7a68cd803",
                                "rawOtherCounts_psi5.h5:md5,0180d3be300d91d89a2015a5e11e84ca",
                                "rawOtherCounts_theta.h5:md5,5bb65524e01020eae46c765c31feadf0",
                                "theta.h5:md5,45e4ee34c95792a5b15f566fcadeee21"
                            ],
                            [
                                "delta_jaccard.h5:md5,2a1022d634357748c6acd9bda33747f0",
                                "delta_psi3.h5:md5,ab749958175f8b46beb46d5e1f657645",
                                "delta_psi5.h5:md5,9c00fcac7bd4b218f95b2fc445fc6fc9",
                                "delta_theta.h5:md5,c6ea30cb65ab73d8e657eb4919d2db0c",
                                "fds-object.RDS:md5,fed2a21bfb93c63ab94791343caf8365",
                                "jaccard.h5:md5,04c24f751fe74163496b039972d7c62d",
                                "psi3.h5:md5,80442471cd7dbbaf613a75851ec32f94",
                                "psi5.h5:md5,38b8486de65d2d0ae11d0a45fb249aed",
                                "rawCountsJ.h5:md5,91bd1f9db78b6d59c34385a8c87a6046",
                                "rawCountsJnonsplit.h5:md5,05b0837cd06a55a9886f291363c343e6",
                                "rawCountsSS.h5:md5,6999bb678154f265b85becb087797e62",
                                "rawOtherCounts_jaccard.h5:md5,353760bceb963af4529f4fb37a5eae70",
                                "rawOtherCounts_psi3.h5:md5,a20e287b7eb4e31831b8b759c8e94e9a",
                                "rawOtherCounts_psi5.h5:md5,46080b47e894191306c9383b7da25541",
                                "rawOtherCounts_theta.h5:md5,bf4eeac2b94ff42737bb04eb311e63c0",
                                "theta.h5:md5,a4ca6ac3d120df7f93a06b248ccdb9f1"
                            ],
                            [
                                "delta_jaccard.h5:md5,2a1022d634357748c6acd9bda33747f0",
                                "delta_psi3.h5:md5,ab749958175f8b46beb46d5e1f657645",
                                "delta_psi5.h5:md5,9c00fcac7bd4b218f95b2fc445fc6fc9",
                                "delta_theta.h5:md5,c6ea30cb65ab73d8e657eb4919d2db0c",
                                "fds-object.RDS:md5,7a3e51bda47e8c9463ffba7af83a56cb",
                                "jaccard.h5:md5,04c24f751fe74163496b039972d7c62d",
                                "psi3.h5:md5,ac5cceee56e7a1c7c03f05c0b7c6f0d1",
                                "psi5.h5:md5,a1cd76b99b67f94c1bb779b6e42a0b3c",
                                "rawCountsJ.h5:md5,91bd1f9db78b6d59c34385a8c87a6046",
                                "rawCountsJnonsplit.h5:md5,712d295fa75fadc03b1aeaf91dbdae79",
                                "rawCountsSS.h5:md5,6999bb678154f265b85becb087797e62",
                                "rawOtherCounts_jaccard.h5:md5,353760bceb963af4529f4fb37a5eae70",
                                "rawOtherCounts_psi3.h5:md5,4627141c935096c7c9257ffde1b9068a",
                                "rawOtherCounts_psi5.h5:md5,321349f3d447344f980d01b5171b7452",
                                "rawOtherCounts_theta.h5:md5,7f038cc031d532acf4ecf2dbf71d4ed9",
                                [
                                    "assays.h5:md5,c6164dcf4634dbf871459c6fc7168818",
                                    "se.rds:md5,4853852e7692b9364dcb076b5708665a"
                                ],
                                "theta.h5:md5,ee5ecf2d3bee18c35ae2ad2abe41aa90"
                            ]
                        ]
                    ]
                ],
                "versions": [
                    "versions.yml:md5,d90b29d9198ef39d8400270d5c05e2c3"
                ]
            }
        ],
        "meta": {
            "nf-test": "0.9.2",
            "nextflow": "25.04.2"
        },
        "timestamp": "2025-06-24T10:05:49.811356303"
    }
}