{
    "homo_sapiens - fds, cache - false": {
        "content": [
            [
                "rawCountsJ.h5:md5,91bd1f9db78b6d59c34385a8c87a6046",
                "rawCountsSS.h5:md5,6999bb678154f265b85becb087797e62",
                [
                    "assays.h5:md5,c6164dcf4634dbf871459c6fc7168818",
                    "se.rds:md5,4853852e7692b9364dcb076b5708665a"
                ]
            ],
            [
                "fds-object.RDS"
            ],
            [
                "versions.yml:md5,fa41be3fcd55332c9b6b681ae0526557"
            ]
        ],
        "meta": {
            "nf-test": "0.9.3",
            "nextflow": "25.10.2"
        },
        "timestamp": "2025-12-03T10:49:23.312515786"
    },
    "homo_sapiens - fds, cache - stub": {
        "content": [
            {
                "0": [
                    [
                        {
                            "id": "fraser"
                        },
                        [
                            
                        ]
                    ]
                ],
                "1": [
                    "versions.yml:md5,fa41be3fcd55332c9b6b681ae0526557"
                ],
                "fdsobj": [
                    [
                        {
                            "id": "fraser"
                        },
                        [
                            
                        ]
                    ]
                ],
                "versions": [
                    "versions.yml:md5,fa41be3fcd55332c9b6b681ae0526557"
                ]
            }
        ],
        "meta": {
            "nf-test": "0.9.3",
            "nextflow": "25.10.2"
        },
        "timestamp": "2025-12-03T10:49:37.778231521"
    }
}