{
    "drop demo - ods.Rds": {
        "content": [
            [
                [
                    {
                        "id": "test"
                    },
                    "outrider_overview_mqc.tsv"
                ]
            ],
            [
                [
                    {
                        "id": "test"
                    },
                    "encoding_dimension_mqc.png"
                ]
            ],
            [
                [
                    {
                        "id": "test"
                    },
                    "aberrant_genes_per_sample_mqc.png"
                ]
            ],
            [
                [
                    {
                        "id": "test"
                    },
                    "batch_correction_raw_mqc.png"
                ]
            ],
            [
                [
                    {
                        "id": "test"
                    },
                    "batch_correction_normalized_mqc.png"
                ]
            ],
            [
                [
                    {
                        "id": "test"
                    },
                    "geneSampleHeatmap_raw_mqc.png"
                ]
            ],
            [
                [
                    {
                        "id": "test"
                    },
                    "geneSampleHeatmap_normalized_mqc.png"
                ]
            ],
            [
                [
                    {
                        "id": "test"
                    },
                    "bcv_mqc.png"
                ]
            ],
            [
                [
                    {
                        "id": "test"
                    },
                    "outrider_result_overview_mqc.tsv"
                ]
            ],
            [
                [
                    {
                        "id": "test"
                    },
                    "aberrant_samples_mqc.tsv"
                ]
            ],
            [
                [
                    {
                        "id": "test"
                    },
                    "significant_results_mqc.tsv"
                ]
            ],
            [
                
            ],
            [
                "versions.yml:md5,f12dd7b6d14f9d4ac3fd3c81b1e2168f"
            ]
        ],
        "meta": {
            "nf-test": "0.9.2",
            "nextflow": "25.04.3"
        },
        "timestamp": "2025-07-15T18:27:01.380704987"
    },
    "homo_sapiens - gtf - stub": {
        "content": [
            {
                "0": [
                    [
                        {
                            "id": "test"
                        },
                        "outrider_overview_mqc.tsv:md5,d41d8cd98f00b204e9800998ecf8427e"
                    ]
                ],
                "1": [
                    [
                        {
                            "id": "test"
                        },
                        "encoding_dimension_mqc.png:md5,d41d8cd98f00b204e9800998ecf8427e"
                    ]
                ],
                "10": [
                    [
                        {
                            "id": "test"
                        },
                        "significant_results_mqc.tsv:md5,d41d8cd98f00b204e9800998ecf8427e"
                    ]
                ],
                "11": [
                    [
                        {
                            "id": "test"
                        },
                        "OUTRIDER_results_.tsv:md5,d41d8cd98f00b204e9800998ecf8427e"
                    ]
                ],
                "12": [
                    "versions.yml:md5,acd5e9a3f856a0db25d0a175f48de1b2"
                ],
                "2": [
                    [
                        {
                            "id": "test"
                        },
                        "aberrant_genes_per_sample_mqc.png:md5,d41d8cd98f00b204e9800998ecf8427e"
                    ]
                ],
                "3": [
                    [
                        {
                            "id": "test"
                        },
                        "batch_correction_raw_mqc.png:md5,d41d8cd98f00b204e9800998ecf8427e"
                    ]
                ],
                "4": [
                    [
                        {
                            "id": "test"
                        },
                        "batch_correction_normalized_mqc.png:md5,d41d8cd98f00b204e9800998ecf8427e"
                    ]
                ],
                "5": [
                    [
                        {
                            "id": "test"
                        },
                        "geneSampleHeatmap_raw_mqc.png:md5,d41d8cd98f00b204e9800998ecf8427e"
                    ]
                ],
                "6": [
                    [
                        {
                            "id": "test"
                        },
                        "geneSampleHeatmap_normalized_mqc.png:md5,d41d8cd98f00b204e9800998ecf8427e"
                    ]
                ],
                "7": [
                    [
                        {
                            "id": "test"
                        },
                        "bcv_mqc.png:md5,d41d8cd98f00b204e9800998ecf8427e"
                    ]
                ],
                "8": [
                    [
                        {
                            "id": "test"
                        },
                        "outrider_result_overview_mqc.tsv:md5,d41d8cd98f00b204e9800998ecf8427e"
                    ]
                ],
                "9": [
                    [
                        {
                            "id": "test"
                        },
                        "aberrant_samples_mqc.tsv:md5,d41d8cd98f00b204e9800998ecf8427e"
                    ]
                ],
                "aberrant_genes_per_sample": [
                    [
                        {
                            "id": "test"
                        },
                        "aberrant_genes_per_sample_mqc.png:md5,d41d8cd98f00b204e9800998ecf8427e"
                    ]
                ],
                "aberrant_samples": [
                    [
                        {
                            "id": "test"
                        },
                        "aberrant_samples_mqc.tsv:md5,d41d8cd98f00b204e9800998ecf8427e"
                    ]
                ],
                "batch_correction_normalized": [
                    [
                        {
                            "id": "test"
                        },
                        "batch_correction_normalized_mqc.png:md5,d41d8cd98f00b204e9800998ecf8427e"
                    ]
                ],
                "batch_correction_raw": [
                    [
                        {
                            "id": "test"
                        },
                        "batch_correction_raw_mqc.png:md5,d41d8cd98f00b204e9800998ecf8427e"
                    ]
                ],
                "bcv": [
                    [
                        {
                            "id": "test"
                        },
                        "bcv_mqc.png:md5,d41d8cd98f00b204e9800998ecf8427e"
                    ]
                ],
                "encoding_dimension": [
                    [
                        {
                            "id": "test"
                        },
                        "encoding_dimension_mqc.png:md5,d41d8cd98f00b204e9800998ecf8427e"
                    ]
                ],
                "geneSampleHeatmap_normalized": [
                    [
                        {
                            "id": "test"
                        },
                        "geneSampleHeatmap_normalized_mqc.png:md5,d41d8cd98f00b204e9800998ecf8427e"
                    ]
                ],
                "geneSampleHeatmap_raw": [
                    [
                        {
                            "id": "test"
                        },
                        "geneSampleHeatmap_raw_mqc.png:md5,d41d8cd98f00b204e9800998ecf8427e"
                    ]
                ],
                "outrider_overview": [
                    [
                        {
                            "id": "test"
                        },
                        "outrider_overview_mqc.tsv:md5,d41d8cd98f00b204e9800998ecf8427e"
                    ]
                ],
                "outrider_result_overview": [
                    [
                        {
                            "id": "test"
                        },
                        "outrider_result_overview_mqc.tsv:md5,d41d8cd98f00b204e9800998ecf8427e"
                    ]
                ],
                "results": [
                    [
                        {
                            "id": "test"
                        },
                        "OUTRIDER_results_.tsv:md5,d41d8cd98f00b204e9800998ecf8427e"
                    ]
                ],
                "significant_results": [
                    [
                        {
                            "id": "test"
                        },
                        "significant_results_mqc.tsv:md5,d41d8cd98f00b204e9800998ecf8427e"
                    ]
                ],
                "versions": [
                    "versions.yml:md5,acd5e9a3f856a0db25d0a175f48de1b2"
                ]
            }
        ],
        "meta": {
            "nf-test": "0.9.2",
            "nextflow": "25.04.3"
        },
        "timestamp": "2025-07-15T18:27:11.174108042"
    }
}