{
    "homo_sapiens - counts, true": {
        "content": [
            [
                [
                    {
                        "id": "HG00096"
                    },
                    "HG00096_res.Rds"
                ]
            ],
            [
                "versions.yml:md5,7aef1019f1c621518da7006a929bf08c"
            ]
        ],
        "meta": {
            "nf-test": "0.9.2",
            "nextflow": "25.04.6"
        },
        "timestamp": "2025-07-08T12:10:17.774821671"
    },
    "homo_sapiens - counts, false": {
        "content": [
            [
                [
                    {
                        "id": "HG00096"
                    },
                    "HG00096_res.Rds"
                ]
            ],
            [
                "versions.yml:md5,7aef1019f1c621518da7006a929bf08c"
            ]
        ],
        "meta": {
            "nf-test": "0.9.2",
            "nextflow": "25.04.6"
        },
        "timestamp": "2025-07-08T12:10:55.156712946"
    },
    "homo_sapiens - counts, true - stub": {
        "content": [
            {
                "0": [
                    [
                        {
                            "id": "HG00096"
                        },
                        "HG00096_res.Rds:md5,d41d8cd98f00b204e9800998ecf8427e"
                    ]
                ],
                "1": [
                    "versions.yml:md5,5564671fc5d32ccd53631efb967084ad"
                ],
                "res": [
                    [
                        {
                            "id": "HG00096"
                        },
                        "HG00096_res.Rds:md5,d41d8cd98f00b204e9800998ecf8427e"
                    ]
                ],
                "versions": [
                    "versions.yml:md5,5564671fc5d32ccd53631efb967084ad"
                ]
            }
        ],
        "meta": {
            "nf-test": "0.9.2",
            "nextflow": "25.04.6"
        },
        "timestamp": "2025-07-22T16:51:56.771299049"
    }
}