{
    "homo_sapiens - bam, bai, count_ranges - stub": {
        "content": [
            {
                "0": [
                    [
                        {
                            "id": "HG00096"
                        },
                        "HG00096.Rds:md5,d41d8cd98f00b204e9800998ecf8427e"
                    ]
                ],
                "1": [
                    "versions.yml:md5,25463c9e06773cdbf0ced661e66335d4"
                ],
                "counts": [
                    [
                        {
                            "id": "HG00096"
                        },
                        "HG00096.Rds:md5,d41d8cd98f00b204e9800998ecf8427e"
                    ]
                ],
                "versions": [
                    "versions.yml:md5,25463c9e06773cdbf0ced661e66335d4"
                ]
            }
        ],
        "meta": {
            "nf-test": "0.9.2",
            "nextflow": "25.04.0"
        },
        "timestamp": "2025-05-13T17:11:42.32311645"
    },
    "homo_sapiens - bam, bai, count_ranges": {
        "content": [
            {
                "0": [
                    [
                        {
                            "id": "HG00096"
                        },
                        "HG00096.Rds:md5,f2d4b5941d01412a9fed8093bc49c06f"
                    ]
                ],
                "1": [
                    "versions.yml:md5,25463c9e06773cdbf0ced661e66335d4"
                ],
                "counts": [
                    [
                        {
                            "id": "HG00096"
                        },
                        "HG00096.Rds:md5,f2d4b5941d01412a9fed8093bc49c06f"
                    ]
                ],
                "versions": [
                    "versions.yml:md5,25463c9e06773cdbf0ced661e66335d4"
                ]
            }
        ],
        "meta": {
            "nf-test": "0.9.2",
            "nextflow": "25.04.0"
        },
        "timestamp": "2025-05-13T17:11:33.150944687"
    }
}