{
    "homo_sapiens - stub": {
        "content": [
            {
                "0": [
                    [
                        {
                            "id": "fraser"
                        },
                        [
                            
                        ]
                    ]
                ],
                "1": [
                    [
                        {
                            "id": "fraser"
                        },
                        [
                            
                        ]
                    ]
                ],
                "2": [
                    "versions.yml:md5,05e03df63ac5d1b032ddb3760de6f962"
                ],
                "fdsobj": [
                    [
                        {
                            "id": "fraser"
                        },
                        [
                            
                        ]
                    ]
                ],
                "fdsobj_raw": [
                    [
                        {
                            "id": "fraser"
                        },
                        [
                            
                        ]
                    ]
                ],
                "versions": [
                    "versions.yml:md5,05e03df63ac5d1b032ddb3760de6f962"
                ]
            }
        ],
        "meta": {
            "nf-test": "0.9.3",
            "nextflow": "25.10.2"
        },
        "timestamp": "2025-12-02T14:58:18.689134277"
    },
    "homo_sapiens": {
        "content": [
            [
                "delta_jaccard.h5:md5,6c0c30f66dbd093dd33be6a4b73eb83b",
                "delta_psi3.h5:md5,855cca04238981f883040df32da2009f",
                "delta_psi5.h5:md5,267245b1452e95407ab4daf8c8aff3ac",
                "delta_theta.h5:md5,ad2d47362031188cabbb6212091c1e07",
                "jaccard.h5:md5,49cc85a9a4b2f1ed4ae5e6ff6212c486",
                "psi3.h5:md5,fe17ce83b753b289af97ed2fbd13a81b",
                "psi5.h5:md5,66391f87cc7b60413ba3c5136c869e0e",
                "rawCountsJ.h5:md5,7b24e39d031956e4300842c96b3586ee",
                "rawCountsJnonsplit.h5:md5,a585346437eff4ca47d889b37d6217d4",
                "rawCountsSS.h5:md5,ef16111d87967609d57459b89e08bb84",
                "rawOtherCounts_jaccard.h5:md5,7cbe90b968295e1035fb8f6e22da0f87",
                "rawOtherCounts_psi3.h5:md5,87ed8e8815cf045047ad266a88fb6d75",
                "rawOtherCounts_psi5.h5:md5,0dd4abd85b45482e3bb8f36ed7aadce1",
                "rawOtherCounts_theta.h5:md5,1ff90255faa603c2acb19bbb63e99f8a",
                "theta.h5:md5,1a015319fe294ef7cc201be90c56fdae"
            ],
            [
                "fds-object.RDS"
            ],
            [
                "delta_jaccard.h5:md5,6c0c30f66dbd093dd33be6a4b73eb83b",
                "delta_psi3.h5:md5,855cca04238981f883040df32da2009f",
                "delta_psi5.h5:md5,267245b1452e95407ab4daf8c8aff3ac",
                "delta_theta.h5:md5,ad2d47362031188cabbb6212091c1e07",
                "jaccard.h5:md5,49cc85a9a4b2f1ed4ae5e6ff6212c486",
                "psi3.h5:md5,fe17ce83b753b289af97ed2fbd13a81b",
                "psi5.h5:md5,66391f87cc7b60413ba3c5136c869e0e",
                "rawCountsJ.h5:md5,7b24e39d031956e4300842c96b3586ee",
                "rawCountsJnonsplit.h5:md5,a585346437eff4ca47d889b37d6217d4",
                "rawCountsSS.h5:md5,ef16111d87967609d57459b89e08bb84",
                "rawOtherCounts_jaccard.h5:md5,7cbe90b968295e1035fb8f6e22da0f87",
                "rawOtherCounts_psi3.h5:md5,87ed8e8815cf045047ad266a88fb6d75",
                "rawOtherCounts_psi5.h5:md5,0dd4abd85b45482e3bb8f36ed7aadce1",
                "rawOtherCounts_theta.h5:md5,1ff90255faa603c2acb19bbb63e99f8a",
                "theta.h5:md5,1a015319fe294ef7cc201be90c56fdae"
            ],
            [
                "fds-object.RDS"
            ],
            [
                "versions.yml:md5,05e03df63ac5d1b032ddb3760de6f962"
            ]
        ],
        "meta": {
            "nf-test": "0.9.3",
            "nextflow": "25.10.2"
        },
        "timestamp": "2025-12-02T14:58:07.222831552"
    }
}