{
    "homo_sapiens - fds - stub": {
        "content": [
            {
                "0": [
                    [
                        {
                            "id": "fraser"
                        },
                        "results.tsv:md5,d41d8cd98f00b204e9800998ecf8427e"
                    ]
                ],
                "1": [
                    [
                        {
                            "id": "fraser"
                        },
                        "results_per_junction.tsv:md5,d41d8cd98f00b204e9800998ecf8427e"
                    ]
                ],
                "2": [
                    [
                        {
                            "id": "fraser"
                        },
                        "results_gene_all.tsv:md5,d41d8cd98f00b204e9800998ecf8427e"
                    ]
                ],
                "3": [
                    "versions.yml:md5,738cffb5d9772b3098c7a64099247842"
                ],
                "results_aberrant": [
                    [
                        {
                            "id": "fraser"
                        },
                        "results.tsv:md5,d41d8cd98f00b204e9800998ecf8427e"
                    ]
                ],
                "results_gene_all": [
                    [
                        {
                            "id": "fraser"
                        },
                        "results_gene_all.tsv:md5,d41d8cd98f00b204e9800998ecf8427e"
                    ]
                ],
                "results_junctions": [
                    [
                        {
                            "id": "fraser"
                        },
                        "results_per_junction.tsv:md5,d41d8cd98f00b204e9800998ecf8427e"
                    ]
                ],
                "versions": [
                    "versions.yml:md5,738cffb5d9772b3098c7a64099247842"
                ]
            }
        ],
        "meta": {
            "nf-test": "0.9.3",
            "nextflow": "25.10.2"
        },
        "timestamp": "2025-12-02T14:57:24.314194461"
    },
    "homo_sapiens - fds": {
        "content": [
            {
                "0": [
                    
                ],
                "1": [
                    
                ],
                "2": [
                    
                ],
                "3": [
                    
                ],
                "results_aberrant": [
                    
                ],
                "results_gene_all": [
                    
                ],
                "results_junctions": [
                    
                ],
                "versions": [
                    
                ]
            }
        ],
        "meta": {
            "nf-test": "0.9.3",
            "nextflow": "25.10.2"
        },
        "timestamp": "2025-12-02T14:57:12.513661755"
    }
}