{
    "homo_sapiens - fds - stub": {
        "content": [
            {
                "0": [
                    [
                        {
                            "id": "fraser"
                        },
                        [
                            
                        ]
                    ]
                ],
                "1": [
                    "versions.yml:md5,7fef8d8df77b9a1f78a0b95058e2175c"
                ],
                "fdsobj": [
                    [
                        {
                            "id": "fraser"
                        },
                        [
                            
                        ]
                    ]
                ],
                "versions": [
                    "versions.yml:md5,7fef8d8df77b9a1f78a0b95058e2175c"
                ]
            }
        ],
        "meta": {
            "nf-test": "0.9.2",
            "nextflow": "25.04.2"
        },
        "timestamp": "2025-06-24T11:14:33.945729453"
    },
    "homo_sapiens - fds": {
        "content": [
            [
                "delta_jaccard.h5:md5,b02262cdbe16d757e8f1b4845d7309da",
                "delta_psi3.h5:md5,86e9e11b158f3319b655fb8b86ca53d1",
                "delta_psi5.h5:md5,773d12bcf117b8bf6e9f0bdc5c094cf1",
                "delta_theta.h5:md5,567bda0ee5b017e1f3560785dfeb9b05",
                "jaccard.h5:md5,2a65b5f0548d8c165fe19408dca72e64",
                "predictedMeans_psi3.h5:md5,9761babe89e5bf64b9d1fe52ce096b45",
                "predictedMeans_psi5.h5:md5,0e8778d36d61e381ffa29047b98a6ea2",
                "predictedMeans_theta.h5:md5,df10fdbd61c2ceaf9ba64c33b49d0ff5",
                "psi3.h5:md5,e4718d51a2deba1a3eac0dd0ecfe725a",
                "psi5.h5:md5,bc4a333776535472090ad585e8e006ef",
                "rawCountsJ.h5:md5,64f8b27cc8cb2bc47de81f0a8cdf51e5",
                "rawCountsJnonsplit.h5:md5,769e925164bf81231c9b325954171e6a",
                "rawCountsSS.h5:md5,1bd7d5c2256f1c509142d8a779929f01",
                "rawOtherCounts_jaccard.h5:md5,d58d42e65dff22a86e4351aa47d493a8",
                "rawOtherCounts_psi3.h5:md5,bd03f8c0b41ef75dc1359dc7a68cd803",
                "rawOtherCounts_psi5.h5:md5,0180d3be300d91d89a2015a5e11e84ca",
                "rawOtherCounts_theta.h5:md5,5bb65524e01020eae46c765c31feadf0",
                "theta.h5:md5,45e4ee34c95792a5b15f566fcadeee21"
            ],
            [
                "fds-object.RDS"
            ],
            [
                "versions.yml:md5,7fef8d8df77b9a1f78a0b95058e2175c"
            ]
        ],
        "meta": {
            "nf-test": "0.9.2",
            "nextflow": "25.04.2"
        },
        "timestamp": "2025-06-24T11:10:25.368380668"
    }
}