{
    "homo_sapiens - gtf": {
        "content": [
            [
                
            ],
            [
                [
                    {
                        "id": "HG00096"
                    },
                    "HG00096.count_ranges.Rds"
                ]
            ],
            [
                [
                    {
                        "id": "HG00096"
                    },
                    "HG00096.gene_name_mapping.tsv:md5,d4ac1fb206288bf58639f69c1479703b"
                ]
            ],
            [
                "versions.yml:md5,eebb5ad93ca702319457087e68234af3"
            ]
        ],
        "meta": {
            "nf-test": "0.9.2",
            "nextflow": "25.04.0"
        },
        "timestamp": "2025-05-13T17:08:53.224902349"
    },
    "homo_sapiens - gtf - stub": {
        "content": [
            {
                "0": [
                    [
                        {
                            "id": "HG00096"
                        },
                        "HG00096.db:md5,d41d8cd98f00b204e9800998ecf8427e"
                    ]
                ],
                "1": [
                    [
                        {
                            "id": "HG00096"
                        },
                        "HG00096.count_ranges.Rds:md5,d41d8cd98f00b204e9800998ecf8427e"
                    ]
                ],
                "2": [
                    [
                        {
                            "id": "HG00096"
                        },
                        "HG00096.gene_name_mapping.tsv:md5,d41d8cd98f00b204e9800998ecf8427e"
                    ]
                ],
                "3": [
                    "versions.yml:md5,689388e78ec1dea7427e5c43fda1d9ea"
                ],
                "count_ranges": [
                    [
                        {
                            "id": "HG00096"
                        },
                        "HG00096.count_ranges.Rds:md5,d41d8cd98f00b204e9800998ecf8427e"
                    ]
                ],
                "gene_name_mapping": [
                    [
                        {
                            "id": "HG00096"
                        },
                        "HG00096.gene_name_mapping.tsv:md5,d41d8cd98f00b204e9800998ecf8427e"
                    ]
                ],
                "txdb": [
                    [
                        {
                            "id": "HG00096"
                        },
                        "HG00096.db:md5,d41d8cd98f00b204e9800998ecf8427e"
                    ]
                ],
                "versions": [
                    "versions.yml:md5,689388e78ec1dea7427e5c43fda1d9ea"
                ]
            }
        ],
        "meta": {
            "nf-test": "0.9.2",
            "nextflow": "25.04.0"
        },
        "timestamp": "2025-05-13T17:09:09.432885031"
    }
}