{
    "homo_sapiens - fds - true": {
        "content": [
            {
                "0": [
                    [
                        {
                            "id": "HG00096"
                        },
                        [
                            "fds-object.RDS:md5,9ff37ae9c5568bbaadd9ea645903485f",
                            "rawCountsJ.h5:md5,305dcf867ade2ae36077e08421c05bde",
                            [
                                "assays.h5:md5,c1c6a8060b6898642193549ddb5d6844",
                                "se.rds:md5,cc47269550305e0714707e2037943cc2"
                            ]
                        ]
                    ]
                ],
                "1": [
                    [
                        {
                            "id": "HG00096"
                        },
                        "nonSplicedCounts-HG00096.h5:md5,dea797e4b26ac9a2edcc7002c90cc01e"
                    ]
                ],
                "2": [
                    "versions.yml:md5,4d3621f9dfcf5e43b01f1e92d602464c"
                ],
                "fds": [
                    [
                        {
                            "id": "HG00096"
                        },
                        [
                            "fds-object.RDS:md5,9ff37ae9c5568bbaadd9ea645903485f",
                            "rawCountsJ.h5:md5,305dcf867ade2ae36077e08421c05bde",
                            [
                                "assays.h5:md5,c1c6a8060b6898642193549ddb5d6844",
                                "se.rds:md5,cc47269550305e0714707e2037943cc2"
                            ]
                        ]
                    ]
                ],
                "non_split_counts": [
                    [
                        {
                            "id": "HG00096"
                        },
                        "nonSplicedCounts-HG00096.h5:md5,dea797e4b26ac9a2edcc7002c90cc01e"
                    ]
                ],
                "versions": [
                    "versions.yml:md5,4d3621f9dfcf5e43b01f1e92d602464c"
                ]
            }
        ],
        "meta": {
            "nf-test": "0.9.3",
            "nextflow": "25.10.2"
        },
        "timestamp": "2025-12-14T22:22:23.393311873"
    },
    "homo_sapiens - fds - stub": {
        "content": [
            {
                "0": [
                    [
                        {
                            "id": "HG00096"
                        },
                        [
                            
                        ]
                    ]
                ],
                "1": [
                    [
                        {
                            "id": "HG00096"
                        },
                        "nonSplicedCounts-HG00096.h5:md5,d41d8cd98f00b204e9800998ecf8427e"
                    ]
                ],
                "2": [
                    "versions.yml:md5,4d3621f9dfcf5e43b01f1e92d602464c"
                ],
                "fds": [
                    [
                        {
                            "id": "HG00096"
                        },
                        [
                            
                        ]
                    ]
                ],
                "non_split_counts": [
                    [
                        {
                            "id": "HG00096"
                        },
                        "nonSplicedCounts-HG00096.h5:md5,d41d8cd98f00b204e9800998ecf8427e"
                    ]
                ],
                "versions": [
                    "versions.yml:md5,4d3621f9dfcf5e43b01f1e92d602464c"
                ]
            }
        ],
        "meta": {
            "nf-test": "0.9.3",
            "nextflow": "25.10.2"
        },
        "timestamp": "2025-12-03T10:55:47.404942576"
    },
    "homo_sapiens - fds - false": {
        "content": [
            {
                "0": [
                    [
                        {
                            "id": "HG00096"
                        },
                        [
                            "fds-object.RDS:md5,9ff37ae9c5568bbaadd9ea645903485f",
                            "rawCountsJ.h5:md5,305dcf867ade2ae36077e08421c05bde",
                            [
                                "assays.h5:md5,c1c6a8060b6898642193549ddb5d6844",
                                "se.rds:md5,cc47269550305e0714707e2037943cc2"
                            ]
                        ]
                    ],
                    [
                        {
                            "id": "HG00103"
                        },
                        [
                            "fds-object.RDS:md5,9ff37ae9c5568bbaadd9ea645903485f",
                            "rawCountsJ.h5:md5,305dcf867ade2ae36077e08421c05bde",
                            [
                                "assays.h5:md5,c1c6a8060b6898642193549ddb5d6844",
                                "se.rds:md5,cc47269550305e0714707e2037943cc2"
                            ]
                        ]
                    ],
                    [
                        {
                            "id": "HG00106"
                        },
                        [
                            "fds-object.RDS:md5,9ff37ae9c5568bbaadd9ea645903485f",
                            "rawCountsJ.h5:md5,305dcf867ade2ae36077e08421c05bde",
                            [
                                "assays.h5:md5,c1c6a8060b6898642193549ddb5d6844",
                                "se.rds:md5,cc47269550305e0714707e2037943cc2"
                            ]
                        ]
                    ],
                    [
                        {
                            "id": "HG00111"
                        },
                        [
                            "fds-object.RDS:md5,9ff37ae9c5568bbaadd9ea645903485f",
                            "rawCountsJ.h5:md5,305dcf867ade2ae36077e08421c05bde",
                            [
                                "assays.h5:md5,c1c6a8060b6898642193549ddb5d6844",
                                "se.rds:md5,cc47269550305e0714707e2037943cc2"
                            ]
                        ]
                    ],
                    [
                        {
                            "id": "HG00116"
                        },
                        [
                            "fds-object.RDS:md5,9ff37ae9c5568bbaadd9ea645903485f",
                            "rawCountsJ.h5:md5,305dcf867ade2ae36077e08421c05bde",
                            [
                                "assays.h5:md5,c1c6a8060b6898642193549ddb5d6844",
                                "se.rds:md5,cc47269550305e0714707e2037943cc2"
                            ]
                        ]
                    ],
                    [
                        {
                            "id": "HG00126"
                        },
                        [
                            "fds-object.RDS:md5,9ff37ae9c5568bbaadd9ea645903485f",
                            "rawCountsJ.h5:md5,305dcf867ade2ae36077e08421c05bde",
                            [
                                "assays.h5:md5,c1c6a8060b6898642193549ddb5d6844",
                                "se.rds:md5,cc47269550305e0714707e2037943cc2"
                            ]
                        ]
                    ],
                    [
                        {
                            "id": "HG00132"
                        },
                        [
                            "fds-object.RDS:md5,9ff37ae9c5568bbaadd9ea645903485f",
                            "rawCountsJ.h5:md5,305dcf867ade2ae36077e08421c05bde",
                            [
                                "assays.h5:md5,c1c6a8060b6898642193549ddb5d6844",
                                "se.rds:md5,cc47269550305e0714707e2037943cc2"
                            ]
                        ]
                    ],
                    [
                        {
                            "id": "HG00149"
                        },
                        [
                            "fds-object.RDS:md5,9ff37ae9c5568bbaadd9ea645903485f",
                            "rawCountsJ.h5:md5,305dcf867ade2ae36077e08421c05bde",
                            [
                                "assays.h5:md5,c1c6a8060b6898642193549ddb5d6844",
                                "se.rds:md5,cc47269550305e0714707e2037943cc2"
                            ]
                        ]
                    ],
                    [
                        {
                            "id": "HG00150"
                        },
                        [
                            "fds-object.RDS:md5,9ff37ae9c5568bbaadd9ea645903485f",
                            "rawCountsJ.h5:md5,305dcf867ade2ae36077e08421c05bde",
                            [
                                "assays.h5:md5,c1c6a8060b6898642193549ddb5d6844",
                                "se.rds:md5,cc47269550305e0714707e2037943cc2"
                            ]
                        ]
                    ],
                    [
                        {
                            "id": "HG00176"
                        },
                        [
                            "fds-object.RDS:md5,9ff37ae9c5568bbaadd9ea645903485f",
                            "rawCountsJ.h5:md5,305dcf867ade2ae36077e08421c05bde",
                            [
                                "assays.h5:md5,c1c6a8060b6898642193549ddb5d6844",
                                "se.rds:md5,cc47269550305e0714707e2037943cc2"
                            ]
                        ]
                    ]
                ],
                "1": [
                    [
                        {
                            "id": "HG00096"
                        },
                        "nonSplicedCounts-HG00096.h5:md5,dea797e4b26ac9a2edcc7002c90cc01e"
                    ],
                    [
                        {
                            "id": "HG00103"
                        },
                        "nonSplicedCounts-HG00103.h5:md5,528cd1487e6e5bd831b711e639bedf02"
                    ],
                    [
                        {
                            "id": "HG00106"
                        },
                        "nonSplicedCounts-HG00106.h5:md5,025f4bfbdde9293d81673a95247e29d7"
                    ],
                    [
                        {
                            "id": "HG00111"
                        },
                        "nonSplicedCounts-HG00111.h5:md5,defa7c8bbacc9c7612cd6826a1701980"
                    ],
                    [
                        {
                            "id": "HG00116"
                        },
                        "nonSplicedCounts-HG00116.h5:md5,8c1cbd2107647f5ba149322d6e0a0666"
                    ],
                    [
                        {
                            "id": "HG00126"
                        },
                        "nonSplicedCounts-HG00126.h5:md5,09806d617621f173ae58caa273f0cfe8"
                    ],
                    [
                        {
                            "id": "HG00132"
                        },
                        "nonSplicedCounts-HG00132.h5:md5,3fa0da65a71dec519aac59f248698ae8"
                    ],
                    [
                        {
                            "id": "HG00149"
                        },
                        "nonSplicedCounts-HG00149.h5:md5,e8775172820d1cd650f8a135c211069b"
                    ],
                    [
                        {
                            "id": "HG00150"
                        },
                        "nonSplicedCounts-HG00150.h5:md5,21dd9caef46736bef98fc9c0e4d9a134"
                    ],
                    [
                        {
                            "id": "HG00176"
                        },
                        "nonSplicedCounts-HG00176.h5:md5,8b2b6f9c77b0a1b04842c6101c9d7081"
                    ]
                ],
                "2": [
                    "versions.yml:md5,4d3621f9dfcf5e43b01f1e92d602464c",
                    "versions.yml:md5,4d3621f9dfcf5e43b01f1e92d602464c",
                    "versions.yml:md5,4d3621f9dfcf5e43b01f1e92d602464c",
                    "versions.yml:md5,4d3621f9dfcf5e43b01f1e92d602464c",
                    "versions.yml:md5,4d3621f9dfcf5e43b01f1e92d602464c",
                    "versions.yml:md5,4d3621f9dfcf5e43b01f1e92d602464c",
                    "versions.yml:md5,4d3621f9dfcf5e43b01f1e92d602464c",
                    "versions.yml:md5,4d3621f9dfcf5e43b01f1e92d602464c",
                    "versions.yml:md5,4d3621f9dfcf5e43b01f1e92d602464c",
                    "versions.yml:md5,4d3621f9dfcf5e43b01f1e92d602464c"
                ],
                "fds": [
                    [
                        {
                            "id": "HG00096"
                        },
                        [
                            "fds-object.RDS:md5,9ff37ae9c5568bbaadd9ea645903485f",
                            "rawCountsJ.h5:md5,305dcf867ade2ae36077e08421c05bde",
                            [
                                "assays.h5:md5,c1c6a8060b6898642193549ddb5d6844",
                                "se.rds:md5,cc47269550305e0714707e2037943cc2"
                            ]
                        ]
                    ],
                    [
                        {
                            "id": "HG00103"
                        },
                        [
                            "fds-object.RDS:md5,9ff37ae9c5568bbaadd9ea645903485f",
                            "rawCountsJ.h5:md5,305dcf867ade2ae36077e08421c05bde",
                            [
                                "assays.h5:md5,c1c6a8060b6898642193549ddb5d6844",
                                "se.rds:md5,cc47269550305e0714707e2037943cc2"
                            ]
                        ]
                    ],
                    [
                        {
                            "id": "HG00106"
                        },
                        [
                            "fds-object.RDS:md5,9ff37ae9c5568bbaadd9ea645903485f",
                            "rawCountsJ.h5:md5,305dcf867ade2ae36077e08421c05bde",
                            [
                                "assays.h5:md5,c1c6a8060b6898642193549ddb5d6844",
                                "se.rds:md5,cc47269550305e0714707e2037943cc2"
                            ]
                        ]
                    ],
                    [
                        {
                            "id": "HG00111"
                        },
                        [
                            "fds-object.RDS:md5,9ff37ae9c5568bbaadd9ea645903485f",
                            "rawCountsJ.h5:md5,305dcf867ade2ae36077e08421c05bde",
                            [
                                "assays.h5:md5,c1c6a8060b6898642193549ddb5d6844",
                                "se.rds:md5,cc47269550305e0714707e2037943cc2"
                            ]
                        ]
                    ],
                    [
                        {
                            "id": "HG00116"
                        },
                        [
                            "fds-object.RDS:md5,9ff37ae9c5568bbaadd9ea645903485f",
                            "rawCountsJ.h5:md5,305dcf867ade2ae36077e08421c05bde",
                            [
                                "assays.h5:md5,c1c6a8060b6898642193549ddb5d6844",
                                "se.rds:md5,cc47269550305e0714707e2037943cc2"
                            ]
                        ]
                    ],
                    [
                        {
                            "id": "HG00126"
                        },
                        [
                            "fds-object.RDS:md5,9ff37ae9c5568bbaadd9ea645903485f",
                            "rawCountsJ.h5:md5,305dcf867ade2ae36077e08421c05bde",
                            [
                                "assays.h5:md5,c1c6a8060b6898642193549ddb5d6844",
                                "se.rds:md5,cc47269550305e0714707e2037943cc2"
                            ]
                        ]
                    ],
                    [
                        {
                            "id": "HG00132"
                        },
                        [
                            "fds-object.RDS:md5,9ff37ae9c5568bbaadd9ea645903485f",
                            "rawCountsJ.h5:md5,305dcf867ade2ae36077e08421c05bde",
                            [
                                "assays.h5:md5,c1c6a8060b6898642193549ddb5d6844",
                                "se.rds:md5,cc47269550305e0714707e2037943cc2"
                            ]
                        ]
                    ],
                    [
                        {
                            "id": "HG00149"
                        },
                        [
                            "fds-object.RDS:md5,9ff37ae9c5568bbaadd9ea645903485f",
                            "rawCountsJ.h5:md5,305dcf867ade2ae36077e08421c05bde",
                            [
                                "assays.h5:md5,c1c6a8060b6898642193549ddb5d6844",
                                "se.rds:md5,cc47269550305e0714707e2037943cc2"
                            ]
                        ]
                    ],
                    [
                        {
                            "id": "HG00150"
                        },
                        [
                            "fds-object.RDS:md5,9ff37ae9c5568bbaadd9ea645903485f",
                            "rawCountsJ.h5:md5,305dcf867ade2ae36077e08421c05bde",
                            [
                                "assays.h5:md5,c1c6a8060b6898642193549ddb5d6844",
                                "se.rds:md5,cc47269550305e0714707e2037943cc2"
                            ]
                        ]
                    ],
                    [
                        {
                            "id": "HG00176"
                        },
                        [
                            "fds-object.RDS:md5,9ff37ae9c5568bbaadd9ea645903485f",
                            "rawCountsJ.h5:md5,305dcf867ade2ae36077e08421c05bde",
                            [
                                "assays.h5:md5,c1c6a8060b6898642193549ddb5d6844",
                                "se.rds:md5,cc47269550305e0714707e2037943cc2"
                            ]
                        ]
                    ]
                ],
                "non_split_counts": [
                    [
                        {
                            "id": "HG00096"
                        },
                        "nonSplicedCounts-HG00096.h5:md5,dea797e4b26ac9a2edcc7002c90cc01e"
                    ],
                    [
                        {
                            "id": "HG00103"
                        },
                        "nonSplicedCounts-HG00103.h5:md5,528cd1487e6e5bd831b711e639bedf02"
                    ],
                    [
                        {
                            "id": "HG00106"
                        },
                        "nonSplicedCounts-HG00106.h5:md5,025f4bfbdde9293d81673a95247e29d7"
                    ],
                    [
                        {
                            "id": "HG00111"
                        },
                        "nonSplicedCounts-HG00111.h5:md5,defa7c8bbacc9c7612cd6826a1701980"
                    ],
                    [
                        {
                            "id": "HG00116"
                        },
                        "nonSplicedCounts-HG00116.h5:md5,8c1cbd2107647f5ba149322d6e0a0666"
                    ],
                    [
                        {
                            "id": "HG00126"
                        },
                        "nonSplicedCounts-HG00126.h5:md5,09806d617621f173ae58caa273f0cfe8"
                    ],
                    [
                        {
                            "id": "HG00132"
                        },
                        "nonSplicedCounts-HG00132.h5:md5,3fa0da65a71dec519aac59f248698ae8"
                    ],
                    [
                        {
                            "id": "HG00149"
                        },
                        "nonSplicedCounts-HG00149.h5:md5,e8775172820d1cd650f8a135c211069b"
                    ],
                    [
                        {
                            "id": "HG00150"
                        },
                        "nonSplicedCounts-HG00150.h5:md5,21dd9caef46736bef98fc9c0e4d9a134"
                    ],
                    [
                        {
                            "id": "HG00176"
                        },
                        "nonSplicedCounts-HG00176.h5:md5,8b2b6f9c77b0a1b04842c6101c9d7081"
                    ]
                ],
                "versions": [
                    "versions.yml:md5,4d3621f9dfcf5e43b01f1e92d602464c",
                    "versions.yml:md5,4d3621f9dfcf5e43b01f1e92d602464c",
                    "versions.yml:md5,4d3621f9dfcf5e43b01f1e92d602464c",
                    "versions.yml:md5,4d3621f9dfcf5e43b01f1e92d602464c",
                    "versions.yml:md5,4d3621f9dfcf5e43b01f1e92d602464c",
                    "versions.yml:md5,4d3621f9dfcf5e43b01f1e92d602464c",
                    "versions.yml:md5,4d3621f9dfcf5e43b01f1e92d602464c",
                    "versions.yml:md5,4d3621f9dfcf5e43b01f1e92d602464c",
                    "versions.yml:md5,4d3621f9dfcf5e43b01f1e92d602464c",
                    "versions.yml:md5,4d3621f9dfcf5e43b01f1e92d602464c"
                ]
            }
        ],
        "meta": {
            "nf-test": "0.9.3",
            "nextflow": "25.10.2"
        },
        "timestamp": "2025-12-14T22:21:59.765874646"
    }
}