{
    "homo_sapiens - bam, bai, count_ranges - stub": {
        "content": [
            {
                "0": [
                    [
                        {
                            "id": "HG00096"
                        },
                        "HG00096.Rds:md5,d41d8cd98f00b204e9800998ecf8427e"
                    ]
                ],
                "1": [
                    "versions.yml:md5,64034cbf2fc4020e2aa25300eca5cfab"
                ],
                "counts": [
                    [
                        {
                            "id": "HG00096"
                        },
                        "HG00096.Rds:md5,d41d8cd98f00b204e9800998ecf8427e"
                    ]
                ],
                "versions": [
                    "versions.yml:md5,64034cbf2fc4020e2aa25300eca5cfab"
                ]
            }
        ],
        "meta": {
            "nf-test": "0.9.3",
            "nextflow": "25.10.0"
        },
        "timestamp": "2026-03-17T14:59:23.105376"
    },
    "homo_sapiens - bam, bai, count_ranges": {
        "content": [
            {
                "0": [
                    [
                        {
                            "id": "HG00096"
                        },
                        "HG00096.Rds:md5,622ff505b5d59ab7db478c2a4a00fc1d"
                    ]
                ],
                "1": [
                    "versions.yml:md5,64034cbf2fc4020e2aa25300eca5cfab"
                ],
                "counts": [
                    [
                        {
                            "id": "HG00096"
                        },
                        "HG00096.Rds:md5,622ff505b5d59ab7db478c2a4a00fc1d"
                    ]
                ],
                "versions": [
                    "versions.yml:md5,64034cbf2fc4020e2aa25300eca5cfab"
                ]
            }
        ],
        "meta": {
            "nf-test": "0.9.3",
            "nextflow": "25.10.0"
        },
        "timestamp": "2026-03-17T14:59:07.793393"
    }
}