{
    "homo_sapiens - col_data": {
        "content": [
            {
                "0": [
                    [
                        {
                            "id": "fraser"
                        },
                        [
                            "fds-object.RDS:md5,9ff37ae9c5568bbaadd9ea645903485f"
                        ]
                    ]
                ],
                "1": [
                    "versions.yml:md5,bd6225719c25e0d130c90ab7fb51bd4d"
                ],
                "fdsobj": [
                    [
                        {
                            "id": "fraser"
                        },
                        [
                            "fds-object.RDS:md5,9ff37ae9c5568bbaadd9ea645903485f"
                        ]
                    ]
                ],
                "versions": [
                    "versions.yml:md5,bd6225719c25e0d130c90ab7fb51bd4d"
                ]
            }
        ],
        "meta": {
            "nf-test": "0.9.2",
            "nextflow": "25.04.3"
        },
        "timestamp": "2025-08-12T13:36:24.069147063"
    },
    "homo_sapiens - col_data - stub": {
        "content": [
            {
                "0": [
                    [
                        {
                            "id": "fraser"
                        },
                        [
                            "fds-object.RDS:md5,d41d8cd98f00b204e9800998ecf8427e"
                        ]
                    ]
                ],
                "1": [
                    "versions.yml:md5,bd6225719c25e0d130c90ab7fb51bd4d"
                ],
                "fdsobj": [
                    [
                        {
                            "id": "fraser"
                        },
                        [
                            "fds-object.RDS:md5,d41d8cd98f00b204e9800998ecf8427e"
                        ]
                    ]
                ],
                "versions": [
                    "versions.yml:md5,bd6225719c25e0d130c90ab7fb51bd4d"
                ]
            }
        ],
        "meta": {
            "nf-test": "0.9.2",
            "nextflow": "25.04.3"
        },
        "timestamp": "2025-08-12T13:36:42.748110248"
    }
}