{
    "homo_sapiens - fds": {
        "content": [
            [
                "delta_jaccard.h5:md5,2a1022d634357748c6acd9bda33747f0",
                "delta_psi3.h5:md5,ab749958175f8b46beb46d5e1f657645",
                "delta_psi5.h5:md5,9c00fcac7bd4b218f95b2fc445fc6fc9",
                "delta_theta.h5:md5,c6ea30cb65ab73d8e657eb4919d2db0c",
                "jaccard.h5:md5,04c24f751fe74163496b039972d7c62d",
                "psi3.h5:md5,ac5cceee56e7a1c7c03f05c0b7c6f0d1",
                "psi5.h5:md5,a1cd76b99b67f94c1bb779b6e42a0b3c",
                "rawCountsJ.h5:md5,91bd1f9db78b6d59c34385a8c87a6046",
                "rawCountsJnonsplit.h5:md5,712d295fa75fadc03b1aeaf91dbdae79",
                "rawCountsSS.h5:md5,6999bb678154f265b85becb087797e62",
                "rawOtherCounts_jaccard.h5:md5,353760bceb963af4529f4fb37a5eae70",
                "rawOtherCounts_psi3.h5:md5,4627141c935096c7c9257ffde1b9068a",
                "rawOtherCounts_psi5.h5:md5,321349f3d447344f980d01b5171b7452",
                "rawOtherCounts_theta.h5:md5,7f038cc031d532acf4ecf2dbf71d4ed9",
                [
                    "assays.h5:md5,c6164dcf4634dbf871459c6fc7168818",
                    "se.rds:md5,4853852e7692b9364dcb076b5708665a"
                ],
                "theta.h5:md5,ee5ecf2d3bee18c35ae2ad2abe41aa90"
            ],
            [
                "fds-object.RDS"
            ],
            [
                [
                    {
                        "id": "fraser"
                    },
                    [
                        "otherCounts-HG00096.h5:md5,e2b69eb8d365c7a586bfce98117f9394",
                        "otherCounts-HG00103.h5:md5,e02b98e5a6d3f7edf806a5c16f4d6851",
                        "otherCounts-HG00106.h5:md5,e5739accbe7aac04d4761298ee9f2f82",
                        "otherCounts-HG00111.h5:md5,8bf1fd81d1649dc05b344b4d16268a55",
                        "otherCounts-HG00116.h5:md5,9e56e965deceb14d4e4cba7b2db70122",
                        "otherCounts-HG00126.h5:md5,527b11c79bc24f096ae5e5e655ecfc7e",
                        "otherCounts-HG00132.h5:md5,7a10bc537a685fad9736e5aaf710b44e",
                        "otherCounts-HG00149.h5:md5,2c63a80d4f2e14765b9bbc2551531287",
                        "otherCounts-HG00150.h5:md5,916ecca29dafc66f46e6b6d4f5441bc9",
                        "otherCounts-HG00176.h5:md5,400581079ea2a67c1bf19fcfaf216df7"
                    ]
                ]
            ],
            [
                "versions.yml:md5,e31389faac2f167a4b97b39782b10d79"
            ]
        ],
        "meta": {
            "nf-test": "0.9.2",
            "nextflow": "25.04.2"
        },
        "timestamp": "2025-06-30T14:46:55.028374589"
    },
    "homo_sapiens - fds, cache - stub": {
        "content": [
            {
                "0": [
                    [
                        {
                            "id": "fraser"
                        },
                        [
                            
                        ]
                    ]
                ],
                "1": [
                    [
                        {
                            "id": "fraser"
                        },
                        [
                            
                        ]
                    ]
                ],
                "2": [
                    "versions.yml:md5,e31389faac2f167a4b97b39782b10d79"
                ],
                "cache": [
                    [
                        {
                            "id": "fraser"
                        },
                        [
                            
                        ]
                    ]
                ],
                "fdsobj": [
                    [
                        {
                            "id": "fraser"
                        },
                        [
                            
                        ]
                    ]
                ],
                "versions": [
                    "versions.yml:md5,e31389faac2f167a4b97b39782b10d79"
                ]
            }
        ],
        "meta": {
            "nf-test": "0.9.2",
            "nextflow": "25.04.6"
        },
        "timestamp": "2025-08-07T13:41:57.882143393"
    }
}