{
    "homo_sapiens - fds - true": {
        "content": [
            {
                "0": [
                    
                ],
                "1": [
                    
                ],
                "split_counts": [
                    
                ],
                "versions": [
                    
                ]
            }
        ],
        "meta": {
            "nf-test": "0.9.3",
            "nextflow": "25.10.2"
        },
        "timestamp": "2025-12-08T10:08:18.182057252"
    },
    "homo_sapiens - fds - stub": {
        "content": [
            {
                "0": [
                    [
                        {
                            "id": "HG00096"
                        },
                        "splitCounts-HG00096.RDS:md5,d41d8cd98f00b204e9800998ecf8427e"
                    ]
                ],
                "1": [
                    "versions.yml:md5,2e1b45ddb727d1060273237ed8cc580c"
                ],
                "split_counts": [
                    [
                        {
                            "id": "HG00096"
                        },
                        "splitCounts-HG00096.RDS:md5,d41d8cd98f00b204e9800998ecf8427e"
                    ]
                ],
                "versions": [
                    "versions.yml:md5,2e1b45ddb727d1060273237ed8cc580c"
                ]
            }
        ],
        "meta": {
            "nf-test": "0.9.3",
            "nextflow": "25.10.2"
        },
        "timestamp": "2025-12-03T11:01:32.574920225"
    },
    "homo_sapiens - fds - false": {
        "content": [
            {
                "0": [
                    
                ],
                "1": [
                    
                ],
                "split_counts": [
                    
                ],
                "versions": [
                    
                ]
            }
        ],
        "meta": {
            "nf-test": "0.9.3",
            "nextflow": "25.10.2"
        },
        "timestamp": "2025-12-08T10:07:55.10552651"
    }
}