{
    "homo_sapiens - fds, cache - false": {
        "content": [
            {
                "0": [
                    [
                        {
                            "id": "HG00096"
                        },
                        [
                            "gRanges_NonSplitCounts.rds:md5,c9a4ba61c705c532fd2330e48c673045",
                            "gRanges_splitCounts.rds:md5,b6bc4fb51dabc43117754901cc03a5c9",
                            "gRanges_splitCounts.tsv.gz:md5,661030378dff3f28b16d0df1bfe803d6",
                            "spliceSites_splitCounts.rds:md5,33f638c5e101549c1bc4ad15469ea23b"
                        ]
                    ]
                ],
                "1": [
                    [
                        {
                            "id": "HG00096"
                        },
                        [
                            "fds-object.RDS:md5,9ff37ae9c5568bbaadd9ea645903485f",
                            "rawCountsJ.h5:md5,305dcf867ade2ae36077e08421c05bde",
                            [
                                "assays.h5:md5,c1c6a8060b6898642193549ddb5d6844",
                                "se.rds:md5,cc47269550305e0714707e2037943cc2"
                            ]
                        ]
                    ]
                ],
                "2": [
                    "versions.yml:md5,fea22f6ae0b0a49ce56a8c75d80f61f0"
                ],
                "cache": [
                    [
                        {
                            "id": "HG00096"
                        },
                        [
                            "gRanges_NonSplitCounts.rds:md5,c9a4ba61c705c532fd2330e48c673045",
                            "gRanges_splitCounts.rds:md5,b6bc4fb51dabc43117754901cc03a5c9",
                            "gRanges_splitCounts.tsv.gz:md5,661030378dff3f28b16d0df1bfe803d6",
                            "spliceSites_splitCounts.rds:md5,33f638c5e101549c1bc4ad15469ea23b"
                        ]
                    ]
                ],
                "fdsobj": [
                    [
                        {
                            "id": "HG00096"
                        },
                        [
                            "fds-object.RDS:md5,9ff37ae9c5568bbaadd9ea645903485f",
                            "rawCountsJ.h5:md5,305dcf867ade2ae36077e08421c05bde",
                            [
                                "assays.h5:md5,c1c6a8060b6898642193549ddb5d6844",
                                "se.rds:md5,cc47269550305e0714707e2037943cc2"
                            ]
                        ]
                    ]
                ],
                "versions": [
                    "versions.yml:md5,fea22f6ae0b0a49ce56a8c75d80f61f0"
                ]
            }
        ],
        "meta": {
            "nf-test": "0.9.3",
            "nextflow": "25.10.2"
        },
        "timestamp": "2025-12-14T23:59:40.226471387"
    },
    "homo_sapiens - fds, cache - true": {
        "content": [
            {
                "0": [
                    [
                        {
                            "id": "HG00096"
                        },
                        [
                            "gRanges_NonSplitCounts.rds:md5,c9a4ba61c705c532fd2330e48c673045",
                            "gRanges_splitCounts.rds:md5,b6bc4fb51dabc43117754901cc03a5c9",
                            "gRanges_splitCounts.tsv.gz:md5,661030378dff3f28b16d0df1bfe803d6",
                            "spliceSites_splitCounts.rds:md5,33f638c5e101549c1bc4ad15469ea23b"
                        ]
                    ]
                ],
                "1": [
                    [
                        {
                            "id": "HG00096"
                        },
                        [
                            "fds-object.RDS:md5,9ff37ae9c5568bbaadd9ea645903485f",
                            "rawCountsJ.h5:md5,305dcf867ade2ae36077e08421c05bde",
                            [
                                "assays.h5:md5,c1c6a8060b6898642193549ddb5d6844",
                                "se.rds:md5,cc47269550305e0714707e2037943cc2"
                            ]
                        ]
                    ]
                ],
                "2": [
                    "versions.yml:md5,fea22f6ae0b0a49ce56a8c75d80f61f0"
                ],
                "cache": [
                    [
                        {
                            "id": "HG00096"
                        },
                        [
                            "gRanges_NonSplitCounts.rds:md5,c9a4ba61c705c532fd2330e48c673045",
                            "gRanges_splitCounts.rds:md5,b6bc4fb51dabc43117754901cc03a5c9",
                            "gRanges_splitCounts.tsv.gz:md5,661030378dff3f28b16d0df1bfe803d6",
                            "spliceSites_splitCounts.rds:md5,33f638c5e101549c1bc4ad15469ea23b"
                        ]
                    ]
                ],
                "fdsobj": [
                    [
                        {
                            "id": "HG00096"
                        },
                        [
                            "fds-object.RDS:md5,9ff37ae9c5568bbaadd9ea645903485f",
                            "rawCountsJ.h5:md5,305dcf867ade2ae36077e08421c05bde",
                            [
                                "assays.h5:md5,c1c6a8060b6898642193549ddb5d6844",
                                "se.rds:md5,cc47269550305e0714707e2037943cc2"
                            ]
                        ]
                    ]
                ],
                "versions": [
                    "versions.yml:md5,fea22f6ae0b0a49ce56a8c75d80f61f0"
                ]
            }
        ],
        "meta": {
            "nf-test": "0.9.3",
            "nextflow": "25.10.2"
        },
        "timestamp": "2025-12-15T00:00:29.200927304"
    },
    "homo_sapiens - fds, cache - stub": {
        "content": [
            {
                "0": [
                    [
                        {
                            "id": "HG00096"
                        },
                        [
                            "gRanges_NonSplitCounts.rds:md5,d41d8cd98f00b204e9800998ecf8427e",
                            "gRanges_splitCounts.rds:md5,d41d8cd98f00b204e9800998ecf8427e",
                            "spliceSites_splitCounts.rds:md5,d41d8cd98f00b204e9800998ecf8427e"
                        ]
                    ]
                ],
                "1": [
                    [
                        {
                            "id": "HG00096"
                        },
                        [
                            "rawCountsJ.h5:md5,d41d8cd98f00b204e9800998ecf8427e"
                        ]
                    ]
                ],
                "2": [
                    "versions.yml:md5,fea22f6ae0b0a49ce56a8c75d80f61f0"
                ],
                "cache": [
                    [
                        {
                            "id": "HG00096"
                        },
                        [
                            "gRanges_NonSplitCounts.rds:md5,d41d8cd98f00b204e9800998ecf8427e",
                            "gRanges_splitCounts.rds:md5,d41d8cd98f00b204e9800998ecf8427e",
                            "spliceSites_splitCounts.rds:md5,d41d8cd98f00b204e9800998ecf8427e"
                        ]
                    ]
                ],
                "fdsobj": [
                    [
                        {
                            "id": "HG00096"
                        },
                        [
                            "rawCountsJ.h5:md5,d41d8cd98f00b204e9800998ecf8427e"
                        ]
                    ]
                ],
                "versions": [
                    "versions.yml:md5,fea22f6ae0b0a49ce56a8c75d80f61f0"
                ]
            }
        ],
        "meta": {
            "nf-test": "0.9.3",
            "nextflow": "25.10.2"
        },
        "timestamp": "2025-12-03T10:33:47.692252266"
    }
}